[1.277s] Invoking command in '/home/duy/Experiment/hrc_ws/build/predictor_ui': CMAKE_PREFIX_PATH=/home/duy/Experiment/hrc_ws/install/human_hand_msgs:${CMAKE_PREFIX_PATH} LD_LIBRARY_PATH=/home/duy/Experiment/hrc_ws/install/human_hand_msgs/lib:${LD_LIBRARY_PATH} PKG_CONFIG_PATH=/home/duy/Experiment/hrc_ws/install/human_hand_msgs/lib/x86_64-linux-gnu/pkgconfig:/home/duy/Experiment/hrc_ws/install/human_hand_msgs/lib/pkgconfig PYTHONPATH=/home/duy/Experiment/hrc_ws/build/predictor_ui/prefix_override:/usr/lib/python3/dist-packages/colcon_core/task/python/colcon_distutils_commands:/home/duy/Experiment/hrc_ws/install/predictor_ui/lib/python3.10/site-packages:/home/duy/Experiment/hrc_ws/install/human_hand_msgs/local/lib/python3.10/dist-packages:${PYTHONPATH} ROS_PACKAGE_PATH=/home/duy/Experiment/hrc_ws/install/human_hand_msgs/share /usr/bin/python3 -W ignore:setup.py install is deprecated -W ignore:easy_install command is deprecated setup.py develop --uninstall --editable --build-directory /home/duy/Experiment/hrc_ws/build/predictor_ui/build
[1.554s] running develop
[1.725s] Removing /home/duy/Experiment/hrc_ws/install/predictor_ui/lib/python3.10/site-packages/predictor-ui.egg-link (link to .)
[1.809s] Invoked command in '/home/duy/Experiment/hrc_ws/build/predictor_ui' returned '0': CMAKE_PREFIX_PATH=/home/duy/Experiment/hrc_ws/install/human_hand_msgs:${CMAKE_PREFIX_PATH} LD_LIBRARY_PATH=/home/duy/Experiment/hrc_ws/install/human_hand_msgs/lib:${LD_LIBRARY_PATH} PKG_CONFIG_PATH=/home/duy/Experiment/hrc_ws/install/human_hand_msgs/lib/x86_64-linux-gnu/pkgconfig:/home/duy/Experiment/hrc_ws/install/human_hand_msgs/lib/pkgconfig PYTHONPATH=/home/duy/Experiment/hrc_ws/build/predictor_ui/prefix_override:/usr/lib/python3/dist-packages/colcon_core/task/python/colcon_distutils_commands:/home/duy/Experiment/hrc_ws/install/predictor_ui/lib/python3.10/site-packages:/home/duy/Experiment/hrc_ws/install/human_hand_msgs/local/lib/python3.10/dist-packages:${PYTHONPATH} ROS_PACKAGE_PATH=/home/duy/Experiment/hrc_ws/install/human_hand_msgs/share /usr/bin/python3 -W ignore:setup.py install is deprecated -W ignore:easy_install command is deprecated setup.py develop --uninstall --editable --build-directory /home/duy/Experiment/hrc_ws/build/predictor_ui/build
[1.812s] Invoking command in '/home/duy/Experiment/hrc_ws/src/predictor_ui': CMAKE_PREFIX_PATH=/home/duy/Experiment/hrc_ws/install/human_hand_msgs:${CMAKE_PREFIX_PATH} LD_LIBRARY_PATH=/home/duy/Experiment/hrc_ws/install/human_hand_msgs/lib:${LD_LIBRARY_PATH} PKG_CONFIG_PATH=/home/duy/Experiment/hrc_ws/install/human_hand_msgs/lib/x86_64-linux-gnu/pkgconfig:/home/duy/Experiment/hrc_ws/install/human_hand_msgs/lib/pkgconfig PYTHONPATH=/home/duy/Experiment/hrc_ws/build/predictor_ui/prefix_override:/usr/lib/python3/dist-packages/colcon_core/task/python/colcon_distutils_commands:/home/duy/Experiment/hrc_ws/install/predictor_ui/lib/python3.10/site-packages:/home/duy/Experiment/hrc_ws/install/human_hand_msgs/local/lib/python3.10/dist-packages:${PYTHONPATH} ROS_PACKAGE_PATH=/home/duy/Experiment/hrc_ws/install/human_hand_msgs/share /usr/bin/python3 -W ignore:setup.py install is deprecated -W ignore:easy_install command is deprecated setup.py egg_info --egg-base ../../build/predictor_ui build --build-base /home/duy/Experiment/hrc_ws/build/predictor_ui/build install --record /home/duy/Experiment/hrc_ws/build/predictor_ui/install.log --single-version-externally-managed install_data --force
[2.083s] running egg_info
[2.083s] writing ../../build/predictor_ui/predictor_ui.egg-info/PKG-INFO
[2.084s] writing dependency_links to ../../build/predictor_ui/predictor_ui.egg-info/dependency_links.txt
[2.084s] writing entry points to ../../build/predictor_ui/predictor_ui.egg-info/entry_points.txt
[2.084s] writing requirements to ../../build/predictor_ui/predictor_ui.egg-info/requires.txt
[2.084s] writing top-level names to ../../build/predictor_ui/predictor_ui.egg-info/top_level.txt
[2.085s] reading manifest file '../../build/predictor_ui/predictor_ui.egg-info/SOURCES.txt'
[2.086s] writing manifest file '../../build/predictor_ui/predictor_ui.egg-info/SOURCES.txt'
[2.086s] running build
[2.086s] running build_py
[2.086s] copying predictor_ui/ui_node.py -> /home/duy/Experiment/hrc_ws/build/predictor_ui/build/lib/predictor_ui
[2.086s] running install
[2.087s] running install_lib
[2.087s] creating /home/duy/Experiment/hrc_ws/install/predictor_ui/lib/python3.10/site-packages/predictor_ui
[2.087s] copying /home/duy/Experiment/hrc_ws/build/predictor_ui/build/lib/predictor_ui/ui_node.py -> /home/duy/Experiment/hrc_ws/install/predictor_ui/lib/python3.10/site-packages/predictor_ui
[2.087s] copying /home/duy/Experiment/hrc_ws/build/predictor_ui/build/lib/predictor_ui/__init__.py -> /home/duy/Experiment/hrc_ws/install/predictor_ui/lib/python3.10/site-packages/predictor_ui
[2.088s] byte-compiling /home/duy/Experiment/hrc_ws/install/predictor_ui/lib/python3.10/site-packages/predictor_ui/ui_node.py to ui_node.cpython-310.pyc
[2.091s] byte-compiling /home/duy/Experiment/hrc_ws/install/predictor_ui/lib/python3.10/site-packages/predictor_ui/__init__.py to __init__.cpython-310.pyc
[2.091s] running install_data
[2.091s] copying resource/predictor_ui -> /home/duy/Experiment/hrc_ws/install/predictor_ui/share/ament_index/resource_index/packages
[2.092s] copying package.xml -> /home/duy/Experiment/hrc_ws/install/predictor_ui/share/predictor_ui
[2.092s] running install_egg_info
[2.093s] Copying ../../build/predictor_ui/predictor_ui.egg-info to /home/duy/Experiment/hrc_ws/install/predictor_ui/lib/python3.10/site-packages/predictor_ui-0.1.0-py3.10.egg-info
[2.094s] running install_scripts
[2.115s] Installing ui_node script to /home/duy/Experiment/hrc_ws/install/predictor_ui/lib/predictor_ui
[2.115s] writing list of installed files to '/home/duy/Experiment/hrc_ws/build/predictor_ui/install.log'
[2.140s] Invoked command in '/home/duy/Experiment/hrc_ws/src/predictor_ui' returned '0': CMAKE_PREFIX_PATH=/home/duy/Experiment/hrc_ws/install/human_hand_msgs:${CMAKE_PREFIX_PATH} LD_LIBRARY_PATH=/home/duy/Experiment/hrc_ws/install/human_hand_msgs/lib:${LD_LIBRARY_PATH} PKG_CONFIG_PATH=/home/duy/Experiment/hrc_ws/install/human_hand_msgs/lib/x86_64-linux-gnu/pkgconfig:/home/duy/Experiment/hrc_ws/install/human_hand_msgs/lib/pkgconfig PYTHONPATH=/home/duy/Experiment/hrc_ws/build/predictor_ui/prefix_override:/usr/lib/python3/dist-packages/colcon_core/task/python/colcon_distutils_commands:/home/duy/Experiment/hrc_ws/install/predictor_ui/lib/python3.10/site-packages:/home/duy/Experiment/hrc_ws/install/human_hand_msgs/local/lib/python3.10/dist-packages:${PYTHONPATH} ROS_PACKAGE_PATH=/home/duy/Experiment/hrc_ws/install/human_hand_msgs/share /usr/bin/python3 -W ignore:setup.py install is deprecated -W ignore:easy_install command is deprecated setup.py egg_info --egg-base ../../build/predictor_ui build --build-base /home/duy/Experiment/hrc_ws/build/predictor_ui/build install --record /home/duy/Experiment/hrc_ws/build/predictor_ui/install.log --single-version-externally-managed install_data --force
