[0.037s] Invoking command in '/home/duy/Documents/GitHub/Experiment/hrc_ws/build/hrc_bringup': AMENT_PREFIX_PATH=/home/duy/Documents/GitHub/Experiment/hrc_ws/install/trajectory_predictor:/home/duy/Documents/GitHub/Experiment/hrc_ws/install/predictor_ui:/home/duy/Documents/GitHub/Experiment/hrc_ws/install/kinect_bridge:/home/duy/Documents/GitHub/Experiment/hrc_ws/install/experiment_logger:${AMENT_PREFIX_PATH} CMAKE_PREFIX_PATH=/opt/ros/humble:/home/duy/Documents/GitHub/Experiment/hrc_ws/install/human_hand_msgs LD_LIBRARY_PATH=/home/duy/Documents/GitHub/Experiment/hrc_ws/install/human_hand_msgs/lib:${LD_LIBRARY_PATH} PKG_CONFIG_PATH=/home/duy/Documents/GitHub/Experiment/hrc_ws/install/human_hand_msgs/lib/x86_64-linux-gnu/pkgconfig:/home/duy/Documents/GitHub/Experiment/hrc_ws/install/human_hand_msgs/lib/pkgconfig PYTHONPATH=/home/duy/Documents/GitHub/Experiment/hrc_ws/install/trajectory_predictor/lib/python3.10/site-packages:/home/duy/Documents/GitHub/Experiment/hrc_ws/install/predictor_ui/lib/python3.10/site-packages:/home/duy/Documents/GitHub/Experiment/hrc_ws/install/kinect_bridge/lib/python3.10/site-packages:/home/duy/Documents/GitHub/Experiment/hrc_ws/install/experiment_logger/lib/python3.10/site-packages:/home/duy/Documents/GitHub/Experiment/hrc_ws/install/human_hand_msgs/local/lib/python3.10/dist-packages:${PYTHONPATH} ROS_PACKAGE_PATH=/home/duy/Documents/GitHub/Experiment/hrc_ws/install/human_hand_msgs/share /usr/bin/cmake /home/duy/Documents/GitHub/Experiment/hrc_ws/src/hrc_bringup -DCMAKE_INSTALL_PREFIX=/home/duy/Documents/GitHub/Experiment/hrc_ws/install/hrc_bringup
[0.219s] -- The C compiler identification is GNU 11.4.0
[0.421s] -- The CXX compiler identification is GNU 11.4.0
[0.447s] -- Detecting C compiler ABI info
[0.674s] -- Detecting C compiler ABI info - done
[0.707s] -- Check for working C compiler: /usr/bin/cc - skipped
[0.708s] -- Detecting C compile features
[0.709s] -- Detecting C compile features - done
[0.722s] -- Detecting CXX compiler ABI info
[1.005s] -- Detecting CXX compiler ABI info - done
[1.053s] -- Check for working CXX compiler: /usr/bin/c++ - skipped
[1.054s] -- Detecting CXX compile features
[1.056s] -- Detecting CXX compile features - done
[1.062s] -- Found ament_cmake: 1.3.14 (/opt/ros/humble/share/ament_cmake/cmake)
[1.675s] -- Found Python3: /usr/bin/python3 (found version "3.10.12") found components: Interpreter 
[2.299s] -- Configuring done
[2.308s] -- Generating done
[2.315s] -- Build files have been written to: /home/duy/Documents/GitHub/Experiment/hrc_ws/build/hrc_bringup
[2.328s] Invoked command in '/home/duy/Documents/GitHub/Experiment/hrc_ws/build/hrc_bringup' returned '0': AMENT_PREFIX_PATH=/home/duy/Documents/GitHub/Experiment/hrc_ws/install/trajectory_predictor:/home/duy/Documents/GitHub/Experiment/hrc_ws/install/predictor_ui:/home/duy/Documents/GitHub/Experiment/hrc_ws/install/kinect_bridge:/home/duy/Documents/GitHub/Experiment/hrc_ws/install/experiment_logger:${AMENT_PREFIX_PATH} CMAKE_PREFIX_PATH=/opt/ros/humble:/home/duy/Documents/GitHub/Experiment/hrc_ws/install/human_hand_msgs LD_LIBRARY_PATH=/home/duy/Documents/GitHub/Experiment/hrc_ws/install/human_hand_msgs/lib:${LD_LIBRARY_PATH} PKG_CONFIG_PATH=/home/duy/Documents/GitHub/Experiment/hrc_ws/install/human_hand_msgs/lib/x86_64-linux-gnu/pkgconfig:/home/duy/Documents/GitHub/Experiment/hrc_ws/install/human_hand_msgs/lib/pkgconfig PYTHONPATH=/home/duy/Documents/GitHub/Experiment/hrc_ws/install/trajectory_predictor/lib/python3.10/site-packages:/home/duy/Documents/GitHub/Experiment/hrc_ws/install/predictor_ui/lib/python3.10/site-packages:/home/duy/Documents/GitHub/Experiment/hrc_ws/install/kinect_bridge/lib/python3.10/site-packages:/home/duy/Documents/GitHub/Experiment/hrc_ws/install/experiment_logger/lib/python3.10/site-packages:/home/duy/Documents/GitHub/Experiment/hrc_ws/install/human_hand_msgs/local/lib/python3.10/dist-packages:${PYTHONPATH} ROS_PACKAGE_PATH=/home/duy/Documents/GitHub/Experiment/hrc_ws/install/human_hand_msgs/share /usr/bin/cmake /home/duy/Documents/GitHub/Experiment/hrc_ws/src/hrc_bringup -DCMAKE_INSTALL_PREFIX=/home/duy/Documents/GitHub/Experiment/hrc_ws/install/hrc_bringup
[2.333s] Invoking command in '/home/duy/Documents/GitHub/Experiment/hrc_ws/build/hrc_bringup': AMENT_PREFIX_PATH=/home/duy/Documents/GitHub/Experiment/hrc_ws/install/trajectory_predictor:/home/duy/Documents/GitHub/Experiment/hrc_ws/install/predictor_ui:/home/duy/Documents/GitHub/Experiment/hrc_ws/install/kinect_bridge:/home/duy/Documents/GitHub/Experiment/hrc_ws/install/experiment_logger:${AMENT_PREFIX_PATH} CMAKE_PREFIX_PATH=/opt/ros/humble:/home/duy/Documents/GitHub/Experiment/hrc_ws/install/human_hand_msgs LD_LIBRARY_PATH=/home/duy/Documents/GitHub/Experiment/hrc_ws/install/human_hand_msgs/lib:${LD_LIBRARY_PATH} PKG_CONFIG_PATH=/home/duy/Documents/GitHub/Experiment/hrc_ws/install/human_hand_msgs/lib/x86_64-linux-gnu/pkgconfig:/home/duy/Documents/GitHub/Experiment/hrc_ws/install/human_hand_msgs/lib/pkgconfig PYTHONPATH=/home/duy/Documents/GitHub/Experiment/hrc_ws/install/trajectory_predictor/lib/python3.10/site-packages:/home/duy/Documents/GitHub/Experiment/hrc_ws/install/predictor_ui/lib/python3.10/site-packages:/home/duy/Documents/GitHub/Experiment/hrc_ws/install/kinect_bridge/lib/python3.10/site-packages:/home/duy/Documents/GitHub/Experiment/hrc_ws/install/experiment_logger/lib/python3.10/site-packages:/home/duy/Documents/GitHub/Experiment/hrc_ws/install/human_hand_msgs/local/lib/python3.10/dist-packages:${PYTHONPATH} ROS_PACKAGE_PATH=/home/duy/Documents/GitHub/Experiment/hrc_ws/install/human_hand_msgs/share /usr/bin/cmake --build /home/duy/Documents/GitHub/Experiment/hrc_ws/build/hrc_bringup -- -j12 -l12
[2.452s] Invoked command in '/home/duy/Documents/GitHub/Experiment/hrc_ws/build/hrc_bringup' returned '0': AMENT_PREFIX_PATH=/home/duy/Documents/GitHub/Experiment/hrc_ws/install/trajectory_predictor:/home/duy/Documents/GitHub/Experiment/hrc_ws/install/predictor_ui:/home/duy/Documents/GitHub/Experiment/hrc_ws/install/kinect_bridge:/home/duy/Documents/GitHub/Experiment/hrc_ws/install/experiment_logger:${AMENT_PREFIX_PATH} CMAKE_PREFIX_PATH=/opt/ros/humble:/home/duy/Documents/GitHub/Experiment/hrc_ws/install/human_hand_msgs LD_LIBRARY_PATH=/home/duy/Documents/GitHub/Experiment/hrc_ws/install/human_hand_msgs/lib:${LD_LIBRARY_PATH} PKG_CONFIG_PATH=/home/duy/Documents/GitHub/Experiment/hrc_ws/install/human_hand_msgs/lib/x86_64-linux-gnu/pkgconfig:/home/duy/Documents/GitHub/Experiment/hrc_ws/install/human_hand_msgs/lib/pkgconfig PYTHONPATH=/home/duy/Documents/GitHub/Experiment/hrc_ws/install/trajectory_predictor/lib/python3.10/site-packages:/home/duy/Documents/GitHub/Experiment/hrc_ws/install/predictor_ui/lib/python3.10/site-packages:/home/duy/Documents/GitHub/Experiment/hrc_ws/install/kinect_bridge/lib/python3.10/site-packages:/home/duy/Documents/GitHub/Experiment/hrc_ws/install/experiment_logger/lib/python3.10/site-packages:/home/duy/Documents/GitHub/Experiment/hrc_ws/install/human_hand_msgs/local/lib/python3.10/dist-packages:${PYTHONPATH} ROS_PACKAGE_PATH=/home/duy/Documents/GitHub/Experiment/hrc_ws/install/human_hand_msgs/share /usr/bin/cmake --build /home/duy/Documents/GitHub/Experiment/hrc_ws/build/hrc_bringup -- -j12 -l12
[2.458s] Invoking command in '/home/duy/Documents/GitHub/Experiment/hrc_ws/build/hrc_bringup': AMENT_PREFIX_PATH=/home/duy/Documents/GitHub/Experiment/hrc_ws/install/trajectory_predictor:/home/duy/Documents/GitHub/Experiment/hrc_ws/install/predictor_ui:/home/duy/Documents/GitHub/Experiment/hrc_ws/install/kinect_bridge:/home/duy/Documents/GitHub/Experiment/hrc_ws/install/experiment_logger:${AMENT_PREFIX_PATH} CMAKE_PREFIX_PATH=/opt/ros/humble:/home/duy/Documents/GitHub/Experiment/hrc_ws/install/human_hand_msgs LD_LIBRARY_PATH=/home/duy/Documents/GitHub/Experiment/hrc_ws/install/human_hand_msgs/lib:${LD_LIBRARY_PATH} PKG_CONFIG_PATH=/home/duy/Documents/GitHub/Experiment/hrc_ws/install/human_hand_msgs/lib/x86_64-linux-gnu/pkgconfig:/home/duy/Documents/GitHub/Experiment/hrc_ws/install/human_hand_msgs/lib/pkgconfig PYTHONPATH=/home/duy/Documents/GitHub/Experiment/hrc_ws/install/trajectory_predictor/lib/python3.10/site-packages:/home/duy/Documents/GitHub/Experiment/hrc_ws/install/predictor_ui/lib/python3.10/site-packages:/home/duy/Documents/GitHub/Experiment/hrc_ws/install/kinect_bridge/lib/python3.10/site-packages:/home/duy/Documents/GitHub/Experiment/hrc_ws/install/experiment_logger/lib/python3.10/site-packages:/home/duy/Documents/GitHub/Experiment/hrc_ws/install/human_hand_msgs/local/lib/python3.10/dist-packages:${PYTHONPATH} ROS_PACKAGE_PATH=/home/duy/Documents/GitHub/Experiment/hrc_ws/install/human_hand_msgs/share /usr/bin/cmake --install /home/duy/Documents/GitHub/Experiment/hrc_ws/build/hrc_bringup
[2.483s] -- Install configuration: ""
[2.484s] -- Installing: /home/duy/Documents/GitHub/Experiment/hrc_ws/install/hrc_bringup/share/hrc_bringup/launch
[2.485s] -- Installing: /home/duy/Documents/GitHub/Experiment/hrc_ws/install/hrc_bringup/share/hrc_bringup/launch/full_pipeline.launch.py
[2.485s] -- Installing: /home/duy/Documents/GitHub/Experiment/hrc_ws/install/hrc_bringup/share/hrc_bringup/config
[2.485s] -- Installing: /home/duy/Documents/GitHub/Experiment/hrc_ws/install/hrc_bringup/share/hrc_bringup/config/all_params.yaml
[2.486s] -- Installing: /home/duy/Documents/GitHub/Experiment/hrc_ws/install/hrc_bringup/share/ament_index/resource_index/package_run_dependencies/hrc_bringup
[2.486s] -- Installing: /home/duy/Documents/GitHub/Experiment/hrc_ws/install/hrc_bringup/share/ament_index/resource_index/parent_prefix_path/hrc_bringup
[2.487s] -- Installing: /home/duy/Documents/GitHub/Experiment/hrc_ws/install/hrc_bringup/share/hrc_bringup/environment/ament_prefix_path.sh
[2.488s] -- Installing: /home/duy/Documents/GitHub/Experiment/hrc_ws/install/hrc_bringup/share/hrc_bringup/environment/ament_prefix_path.dsv
[2.488s] -- Installing: /home/duy/Documents/GitHub/Experiment/hrc_ws/install/hrc_bringup/share/hrc_bringup/environment/path.sh
[2.489s] -- Installing: /home/duy/Documents/GitHub/Experiment/hrc_ws/install/hrc_bringup/share/hrc_bringup/environment/path.dsv
[2.489s] -- Installing: /home/duy/Documents/GitHub/Experiment/hrc_ws/install/hrc_bringup/share/hrc_bringup/local_setup.bash
[2.489s] -- Installing: /home/duy/Documents/GitHub/Experiment/hrc_ws/install/hrc_bringup/share/hrc_bringup/local_setup.sh
[2.490s] -- Installing: /home/duy/Documents/GitHub/Experiment/hrc_ws/install/hrc_bringup/share/hrc_bringup/local_setup.zsh
[2.490s] -- Installing: /home/duy/Documents/GitHub/Experiment/hrc_ws/install/hrc_bringup/share/hrc_bringup/local_setup.dsv
[2.491s] -- Installing: /home/duy/Documents/GitHub/Experiment/hrc_ws/install/hrc_bringup/share/hrc_bringup/package.dsv
[2.491s] -- Installing: /home/duy/Documents/GitHub/Experiment/hrc_ws/install/hrc_bringup/share/ament_index/resource_index/packages/hrc_bringup
[2.492s] -- Installing: /home/duy/Documents/GitHub/Experiment/hrc_ws/install/hrc_bringup/share/hrc_bringup/cmake/hrc_bringupConfig.cmake
[2.492s] -- Installing: /home/duy/Documents/GitHub/Experiment/hrc_ws/install/hrc_bringup/share/hrc_bringup/cmake/hrc_bringupConfig-version.cmake
[2.493s] -- Installing: /home/duy/Documents/GitHub/Experiment/hrc_ws/install/hrc_bringup/share/hrc_bringup/package.xml
[2.500s] Invoked command in '/home/duy/Documents/GitHub/Experiment/hrc_ws/build/hrc_bringup' returned '0': AMENT_PREFIX_PATH=/home/duy/Documents/GitHub/Experiment/hrc_ws/install/trajectory_predictor:/home/duy/Documents/GitHub/Experiment/hrc_ws/install/predictor_ui:/home/duy/Documents/GitHub/Experiment/hrc_ws/install/kinect_bridge:/home/duy/Documents/GitHub/Experiment/hrc_ws/install/experiment_logger:${AMENT_PREFIX_PATH} CMAKE_PREFIX_PATH=/opt/ros/humble:/home/duy/Documents/GitHub/Experiment/hrc_ws/install/human_hand_msgs LD_LIBRARY_PATH=/home/duy/Documents/GitHub/Experiment/hrc_ws/install/human_hand_msgs/lib:${LD_LIBRARY_PATH} PKG_CONFIG_PATH=/home/duy/Documents/GitHub/Experiment/hrc_ws/install/human_hand_msgs/lib/x86_64-linux-gnu/pkgconfig:/home/duy/Documents/GitHub/Experiment/hrc_ws/install/human_hand_msgs/lib/pkgconfig PYTHONPATH=/home/duy/Documents/GitHub/Experiment/hrc_ws/install/trajectory_predictor/lib/python3.10/site-packages:/home/duy/Documents/GitHub/Experiment/hrc_ws/install/predictor_ui/lib/python3.10/site-packages:/home/duy/Documents/GitHub/Experiment/hrc_ws/install/kinect_bridge/lib/python3.10/site-packages:/home/duy/Documents/GitHub/Experiment/hrc_ws/install/experiment_logger/lib/python3.10/site-packages:/home/duy/Documents/GitHub/Experiment/hrc_ws/install/human_hand_msgs/local/lib/python3.10/dist-packages:${PYTHONPATH} ROS_PACKAGE_PATH=/home/duy/Documents/GitHub/Experiment/hrc_ws/install/human_hand_msgs/share /usr/bin/cmake --install /home/duy/Documents/GitHub/Experiment/hrc_ws/build/hrc_bringup
