[1.269s] Invoking command in '/home/duy/Experiment/hrc_ws/build/trajectory_predictor': CMAKE_PREFIX_PATH=/home/duy/Experiment/hrc_ws/install/human_hand_msgs:${CMAKE_PREFIX_PATH} LD_LIBRARY_PATH=/home/duy/Experiment/hrc_ws/install/human_hand_msgs/lib:${LD_LIBRARY_PATH} PKG_CONFIG_PATH=/home/duy/Experiment/hrc_ws/install/human_hand_msgs/lib/x86_64-linux-gnu/pkgconfig:/home/duy/Experiment/hrc_ws/install/human_hand_msgs/lib/pkgconfig PYTHONPATH=/home/duy/Experiment/hrc_ws/build/trajectory_predictor/prefix_override:/usr/lib/python3/dist-packages/colcon_core/task/python/colcon_distutils_commands:/home/duy/Experiment/hrc_ws/install/trajectory_predictor/lib/python3.10/site-packages:/home/duy/Experiment/hrc_ws/install/human_hand_msgs/local/lib/python3.10/dist-packages:${PYTHONPATH} ROS_PACKAGE_PATH=/home/duy/Experiment/hrc_ws/install/human_hand_msgs/share /usr/bin/python3 -W ignore:setup.py install is deprecated -W ignore:easy_install command is deprecated setup.py develop --uninstall --editable --build-directory /home/duy/Experiment/hrc_ws/build/trajectory_predictor/build
[1.504s] running develop
[1.657s] Removing /home/duy/Experiment/hrc_ws/install/trajectory_predictor/lib/python3.10/site-packages/trajectory-predictor.egg-link (link to .)
[1.708s] Invoked command in '/home/duy/Experiment/hrc_ws/build/trajectory_predictor' returned '0': CMAKE_PREFIX_PATH=/home/duy/Experiment/hrc_ws/install/human_hand_msgs:${CMAKE_PREFIX_PATH} LD_LIBRARY_PATH=/home/duy/Experiment/hrc_ws/install/human_hand_msgs/lib:${LD_LIBRARY_PATH} PKG_CONFIG_PATH=/home/duy/Experiment/hrc_ws/install/human_hand_msgs/lib/x86_64-linux-gnu/pkgconfig:/home/duy/Experiment/hrc_ws/install/human_hand_msgs/lib/pkgconfig PYTHONPATH=/home/duy/Experiment/hrc_ws/build/trajectory_predictor/prefix_override:/usr/lib/python3/dist-packages/colcon_core/task/python/colcon_distutils_commands:/home/duy/Experiment/hrc_ws/install/trajectory_predictor/lib/python3.10/site-packages:/home/duy/Experiment/hrc_ws/install/human_hand_msgs/local/lib/python3.10/dist-packages:${PYTHONPATH} ROS_PACKAGE_PATH=/home/duy/Experiment/hrc_ws/install/human_hand_msgs/share /usr/bin/python3 -W ignore:setup.py install is deprecated -W ignore:easy_install command is deprecated setup.py develop --uninstall --editable --build-directory /home/duy/Experiment/hrc_ws/build/trajectory_predictor/build
[1.710s] Invoking command in '/home/duy/Experiment/hrc_ws/src/trajectory_predictor': CMAKE_PREFIX_PATH=/home/duy/Experiment/hrc_ws/install/human_hand_msgs:${CMAKE_PREFIX_PATH} LD_LIBRARY_PATH=/home/duy/Experiment/hrc_ws/install/human_hand_msgs/lib:${LD_LIBRARY_PATH} PKG_CONFIG_PATH=/home/duy/Experiment/hrc_ws/install/human_hand_msgs/lib/x86_64-linux-gnu/pkgconfig:/home/duy/Experiment/hrc_ws/install/human_hand_msgs/lib/pkgconfig PYTHONPATH=/home/duy/Experiment/hrc_ws/build/trajectory_predictor/prefix_override:/usr/lib/python3/dist-packages/colcon_core/task/python/colcon_distutils_commands:/home/duy/Experiment/hrc_ws/install/trajectory_predictor/lib/python3.10/site-packages:/home/duy/Experiment/hrc_ws/install/human_hand_msgs/local/lib/python3.10/dist-packages:${PYTHONPATH} ROS_PACKAGE_PATH=/home/duy/Experiment/hrc_ws/install/human_hand_msgs/share /usr/bin/python3 -W ignore:setup.py install is deprecated -W ignore:easy_install command is deprecated setup.py egg_info --egg-base ../../build/trajectory_predictor build --build-base /home/duy/Experiment/hrc_ws/build/trajectory_predictor/build install --record /home/duy/Experiment/hrc_ws/build/trajectory_predictor/install.log --single-version-externally-managed install_data --force
[2.010s] running egg_info
[2.011s] writing ../../build/trajectory_predictor/trajectory_predictor.egg-info/PKG-INFO
[2.011s] writing dependency_links to ../../build/trajectory_predictor/trajectory_predictor.egg-info/dependency_links.txt
[2.011s] writing entry points to ../../build/trajectory_predictor/trajectory_predictor.egg-info/entry_points.txt
[2.011s] writing requirements to ../../build/trajectory_predictor/trajectory_predictor.egg-info/requires.txt
[2.011s] writing top-level names to ../../build/trajectory_predictor/trajectory_predictor.egg-info/top_level.txt
[2.013s] reading manifest file '../../build/trajectory_predictor/trajectory_predictor.egg-info/SOURCES.txt'
[2.014s] writing manifest file '../../build/trajectory_predictor/trajectory_predictor.egg-info/SOURCES.txt'
[2.014s] running build
[2.014s] running build_py
[2.014s] copying trajectory_predictor/predictor_node.py -> /home/duy/Experiment/hrc_ws/build/trajectory_predictor/build/lib/trajectory_predictor
[2.015s] running install
[2.015s] running install_lib
[2.015s] creating /home/duy/Experiment/hrc_ws/install/trajectory_predictor/lib/python3.10/site-packages/trajectory_predictor
[2.015s] copying /home/duy/Experiment/hrc_ws/build/trajectory_predictor/build/lib/trajectory_predictor/inference_worker.py -> /home/duy/Experiment/hrc_ws/install/trajectory_predictor/lib/python3.10/site-packages/trajectory_predictor
[2.016s] copying /home/duy/Experiment/hrc_ws/build/trajectory_predictor/build/lib/trajectory_predictor/__init__.py -> /home/duy/Experiment/hrc_ws/install/trajectory_predictor/lib/python3.10/site-packages/trajectory_predictor
[2.016s] copying /home/duy/Experiment/hrc_ws/build/trajectory_predictor/build/lib/trajectory_predictor/model_manager.py -> /home/duy/Experiment/hrc_ws/install/trajectory_predictor/lib/python3.10/site-packages/trajectory_predictor
[2.016s] copying /home/duy/Experiment/hrc_ws/build/trajectory_predictor/build/lib/trajectory_predictor/predictor_node.py -> /home/duy/Experiment/hrc_ws/install/trajectory_predictor/lib/python3.10/site-packages/trajectory_predictor
[2.017s] byte-compiling /home/duy/Experiment/hrc_ws/install/trajectory_predictor/lib/python3.10/site-packages/trajectory_predictor/inference_worker.py to inference_worker.cpython-310.pyc
[2.018s] byte-compiling /home/duy/Experiment/hrc_ws/install/trajectory_predictor/lib/python3.10/site-packages/trajectory_predictor/__init__.py to __init__.cpython-310.pyc
[2.018s] byte-compiling /home/duy/Experiment/hrc_ws/install/trajectory_predictor/lib/python3.10/site-packages/trajectory_predictor/model_manager.py to model_manager.cpython-310.pyc
[2.019s] byte-compiling /home/duy/Experiment/hrc_ws/install/trajectory_predictor/lib/python3.10/site-packages/trajectory_predictor/predictor_node.py to predictor_node.cpython-310.pyc
[2.020s] running install_data
[2.021s] copying resource/trajectory_predictor -> /home/duy/Experiment/hrc_ws/install/trajectory_predictor/share/ament_index/resource_index/packages
[2.021s] copying package.xml -> /home/duy/Experiment/hrc_ws/install/trajectory_predictor/share/trajectory_predictor
[2.021s] copying config/predictor_params.yaml -> /home/duy/Experiment/hrc_ws/install/trajectory_predictor/share/trajectory_predictor/config
[2.021s] running install_egg_info
[2.022s] Copying ../../build/trajectory_predictor/trajectory_predictor.egg-info to /home/duy/Experiment/hrc_ws/install/trajectory_predictor/lib/python3.10/site-packages/trajectory_predictor-0.1.0-py3.10.egg-info
[2.023s] running install_scripts
[2.041s] Installing predictor_node script to /home/duy/Experiment/hrc_ws/install/trajectory_predictor/lib/trajectory_predictor
[2.042s] writing list of installed files to '/home/duy/Experiment/hrc_ws/build/trajectory_predictor/install.log'
[2.066s] Invoked command in '/home/duy/Experiment/hrc_ws/src/trajectory_predictor' returned '0': CMAKE_PREFIX_PATH=/home/duy/Experiment/hrc_ws/install/human_hand_msgs:${CMAKE_PREFIX_PATH} LD_LIBRARY_PATH=/home/duy/Experiment/hrc_ws/install/human_hand_msgs/lib:${LD_LIBRARY_PATH} PKG_CONFIG_PATH=/home/duy/Experiment/hrc_ws/install/human_hand_msgs/lib/x86_64-linux-gnu/pkgconfig:/home/duy/Experiment/hrc_ws/install/human_hand_msgs/lib/pkgconfig PYTHONPATH=/home/duy/Experiment/hrc_ws/build/trajectory_predictor/prefix_override:/usr/lib/python3/dist-packages/colcon_core/task/python/colcon_distutils_commands:/home/duy/Experiment/hrc_ws/install/trajectory_predictor/lib/python3.10/site-packages:/home/duy/Experiment/hrc_ws/install/human_hand_msgs/local/lib/python3.10/dist-packages:${PYTHONPATH} ROS_PACKAGE_PATH=/home/duy/Experiment/hrc_ws/install/human_hand_msgs/share /usr/bin/python3 -W ignore:setup.py install is deprecated -W ignore:easy_install command is deprecated setup.py egg_info --egg-base ../../build/trajectory_predictor build --build-base /home/duy/Experiment/hrc_ws/build/trajectory_predictor/build install --record /home/duy/Experiment/hrc_ws/build/trajectory_predictor/install.log --single-version-externally-managed install_data --force
