running egg_info
writing ../../build/kinect_bridge/kinect_bridge.egg-info/PKG-INFO
writing dependency_links to ../../build/kinect_bridge/kinect_bridge.egg-info/dependency_links.txt
writing entry points to ../../build/kinect_bridge/kinect_bridge.egg-info/entry_points.txt
writing requirements to ../../build/kinect_bridge/kinect_bridge.egg-info/requires.txt
writing top-level names to ../../build/kinect_bridge/kinect_bridge.egg-info/top_level.txt
reading manifest file '../../build/kinect_bridge/kinect_bridge.egg-info/SOURCES.txt'
writing manifest file '../../build/kinect_bridge/kinect_bridge.egg-info/SOURCES.txt'
running build
running build_py
copying kinect_bridge/bridge_node.py -> /home/duy/Documents/GitHub/Experiment/hrc_ws/build/kinect_bridge/build/lib/kinect_bridge
running install
running install_lib
copying /home/duy/Documents/GitHub/Experiment/hrc_ws/build/kinect_bridge/build/lib/kinect_bridge/bridge_node.py -> /home/duy/Documents/GitHub/Experiment/hrc_ws/install/kinect_bridge/lib/python3.10/site-packages/kinect_bridge
byte-compiling /home/duy/Documents/GitHub/Experiment/hrc_ws/install/kinect_bridge/lib/python3.10/site-packages/kinect_bridge/bridge_node.py to bridge_node.cpython-310.pyc
running install_data
running install_egg_info
removing '/home/duy/Documents/GitHub/Experiment/hrc_ws/install/kinect_bridge/lib/python3.10/site-packages/kinect_bridge-0.1.0-py3.10.egg-info' (and everything under it)
Copying ../../build/kinect_bridge/kinect_bridge.egg-info to /home/duy/Documents/GitHub/Experiment/hrc_ws/install/kinect_bridge/lib/python3.10/site-packages/kinect_bridge-0.1.0-py3.10.egg-info
running install_scripts
Installing bridge_node script to /home/duy/Documents/GitHub/Experiment/hrc_ws/install/kinect_bridge/lib/kinect_bridge
writing list of installed files to '/home/duy/Documents/GitHub/Experiment/hrc_ws/build/kinect_bridge/install.log'
