[0.811s] Invoking command in '/home/duy/Experiment/hrc_ws/src/experiment_logger': CMAKE_PREFIX_PATH=/home/duy/Experiment/hrc_ws/install/human_hand_msgs:${CMAKE_PREFIX_PATH} LD_LIBRARY_PATH=/home/duy/Experiment/hrc_ws/install/human_hand_msgs/lib:${LD_LIBRARY_PATH} PKG_CONFIG_PATH=/home/duy/Experiment/hrc_ws/install/human_hand_msgs/lib/x86_64-linux-gnu/pkgconfig:/home/duy/Experiment/hrc_ws/install/human_hand_msgs/lib/pkgconfig PYTHONPATH=/home/duy/Experiment/hrc_ws/build/experiment_logger/prefix_override:/usr/lib/python3/dist-packages/colcon_core/task/python/colcon_distutils_commands:/home/duy/Experiment/hrc_ws/install/experiment_logger/lib/python3.10/site-packages:/home/duy/Experiment/hrc_ws/install/human_hand_msgs/local/lib/python3.10/dist-packages:${PYTHONPATH} ROS_PACKAGE_PATH=/home/duy/Experiment/hrc_ws/install/human_hand_msgs/share /usr/bin/python3 -W ignore:setup.py install is deprecated -W ignore:easy_install command is deprecated setup.py egg_info --egg-base ../../build/experiment_logger build --build-base /home/duy/Experiment/hrc_ws/build/experiment_logger/build install --record /home/duy/Experiment/hrc_ws/build/experiment_logger/install.log --single-version-externally-managed install_data
[1.003s] running egg_info
[1.003s] writing ../../build/experiment_logger/experiment_logger.egg-info/PKG-INFO
[1.003s] writing dependency_links to ../../build/experiment_logger/experiment_logger.egg-info/dependency_links.txt
[1.003s] writing entry points to ../../build/experiment_logger/experiment_logger.egg-info/entry_points.txt
[1.003s] writing requirements to ../../build/experiment_logger/experiment_logger.egg-info/requires.txt
[1.003s] writing top-level names to ../../build/experiment_logger/experiment_logger.egg-info/top_level.txt
[1.005s] reading manifest file '../../build/experiment_logger/experiment_logger.egg-info/SOURCES.txt'
[1.006s] writing manifest file '../../build/experiment_logger/experiment_logger.egg-info/SOURCES.txt'
[1.006s] running build
[1.006s] running build_py
[1.006s] copying experiment_logger/logger_node.py -> /home/duy/Experiment/hrc_ws/build/experiment_logger/build/lib/experiment_logger
[1.006s] running install
[1.006s] running install_lib
[1.007s] copying /home/duy/Experiment/hrc_ws/build/experiment_logger/build/lib/experiment_logger/logger_node.py -> /home/duy/Experiment/hrc_ws/install/experiment_logger/lib/python3.10/site-packages/experiment_logger
[1.008s] byte-compiling /home/duy/Experiment/hrc_ws/install/experiment_logger/lib/python3.10/site-packages/experiment_logger/logger_node.py to logger_node.cpython-310.pyc
[1.010s] running install_data
[1.010s] running install_egg_info
[1.011s] removing '/home/duy/Experiment/hrc_ws/install/experiment_logger/lib/python3.10/site-packages/experiment_logger-0.1.0-py3.10.egg-info' (and everything under it)
[1.011s] Copying ../../build/experiment_logger/experiment_logger.egg-info to /home/duy/Experiment/hrc_ws/install/experiment_logger/lib/python3.10/site-packages/experiment_logger-0.1.0-py3.10.egg-info
[1.012s] running install_scripts
[1.029s] Installing logger_node script to /home/duy/Experiment/hrc_ws/install/experiment_logger/lib/experiment_logger
[1.029s] writing list of installed files to '/home/duy/Experiment/hrc_ws/build/experiment_logger/install.log'
[1.061s] Invoked command in '/home/duy/Experiment/hrc_ws/src/experiment_logger' returned '0': CMAKE_PREFIX_PATH=/home/duy/Experiment/hrc_ws/install/human_hand_msgs:${CMAKE_PREFIX_PATH} LD_LIBRARY_PATH=/home/duy/Experiment/hrc_ws/install/human_hand_msgs/lib:${LD_LIBRARY_PATH} PKG_CONFIG_PATH=/home/duy/Experiment/hrc_ws/install/human_hand_msgs/lib/x86_64-linux-gnu/pkgconfig:/home/duy/Experiment/hrc_ws/install/human_hand_msgs/lib/pkgconfig PYTHONPATH=/home/duy/Experiment/hrc_ws/build/experiment_logger/prefix_override:/usr/lib/python3/dist-packages/colcon_core/task/python/colcon_distutils_commands:/home/duy/Experiment/hrc_ws/install/experiment_logger/lib/python3.10/site-packages:/home/duy/Experiment/hrc_ws/install/human_hand_msgs/local/lib/python3.10/dist-packages:${PYTHONPATH} ROS_PACKAGE_PATH=/home/duy/Experiment/hrc_ws/install/human_hand_msgs/share /usr/bin/python3 -W ignore:setup.py install is deprecated -W ignore:easy_install command is deprecated setup.py egg_info --egg-base ../../build/experiment_logger build --build-base /home/duy/Experiment/hrc_ws/build/experiment_logger/build install --record /home/duy/Experiment/hrc_ws/build/experiment_logger/install.log --single-version-externally-managed install_data
