[3.625s] Invoking command in '/home/duy/Documents/GitHub/Experiment/hrc_ws/src/predictor_ui': CMAKE_PREFIX_PATH=/home/duy/Documents/GitHub/Experiment/hrc_ws/install/human_hand_msgs LD_LIBRARY_PATH=/home/duy/Documents/GitHub/Experiment/hrc_ws/install/human_hand_msgs/lib:${LD_LIBRARY_PATH} PKG_CONFIG_PATH=/home/duy/Documents/GitHub/Experiment/hrc_ws/install/human_hand_msgs/lib/x86_64-linux-gnu/pkgconfig:/home/duy/Documents/GitHub/Experiment/hrc_ws/install/human_hand_msgs/lib/pkgconfig PYTHONPATH=/home/duy/Documents/GitHub/Experiment/hrc_ws/build/predictor_ui/prefix_override:/usr/lib/python3/dist-packages/colcon_core/task/python/colcon_distutils_commands:/home/duy/Documents/GitHub/Experiment/hrc_ws/install/predictor_ui/lib/python3.10/site-packages:/home/duy/Documents/GitHub/Experiment/hrc_ws/install/human_hand_msgs/local/lib/python3.10/dist-packages:${PYTHONPATH} ROS_PACKAGE_PATH=/home/duy/Documents/GitHub/Experiment/hrc_ws/install/human_hand_msgs/share /usr/bin/python3 -W ignore:setup.py install is deprecated -W ignore:easy_install command is deprecated setup.py egg_info --egg-base ../../build/predictor_ui build --build-base /home/duy/Documents/GitHub/Experiment/hrc_ws/build/predictor_ui/build install --record /home/duy/Documents/GitHub/Experiment/hrc_ws/build/predictor_ui/install.log --single-version-externally-managed install_data
[4.676s] running egg_info
[4.679s] writing ../../build/predictor_ui/predictor_ui.egg-info/PKG-INFO
[4.680s] writing dependency_links to ../../build/predictor_ui/predictor_ui.egg-info/dependency_links.txt
[4.683s] writing entry points to ../../build/predictor_ui/predictor_ui.egg-info/entry_points.txt
[4.684s] writing requirements to ../../build/predictor_ui/predictor_ui.egg-info/requires.txt
[4.684s] writing top-level names to ../../build/predictor_ui/predictor_ui.egg-info/top_level.txt
[4.690s] reading manifest file '../../build/predictor_ui/predictor_ui.egg-info/SOURCES.txt'
[4.694s] writing manifest file '../../build/predictor_ui/predictor_ui.egg-info/SOURCES.txt'
[4.695s] running build
[4.695s] running build_py
[4.700s] running install
[4.702s] running install_lib
[4.703s] running install_data
[4.705s] running install_egg_info
[4.716s] removing '/home/duy/Documents/GitHub/Experiment/hrc_ws/install/predictor_ui/lib/python3.10/site-packages/predictor_ui-0.1.0-py3.10.egg-info' (and everything under it)
[4.717s] Copying ../../build/predictor_ui/predictor_ui.egg-info to /home/duy/Documents/GitHub/Experiment/hrc_ws/install/predictor_ui/lib/python3.10/site-packages/predictor_ui-0.1.0-py3.10.egg-info
[4.720s] running install_scripts
[4.810s] Installing ui_node script to /home/duy/Documents/GitHub/Experiment/hrc_ws/install/predictor_ui/lib/predictor_ui
[4.812s] writing list of installed files to '/home/duy/Documents/GitHub/Experiment/hrc_ws/build/predictor_ui/install.log'
[4.887s] Invoked command in '/home/duy/Documents/GitHub/Experiment/hrc_ws/src/predictor_ui' returned '0': CMAKE_PREFIX_PATH=/home/duy/Documents/GitHub/Experiment/hrc_ws/install/human_hand_msgs LD_LIBRARY_PATH=/home/duy/Documents/GitHub/Experiment/hrc_ws/install/human_hand_msgs/lib:${LD_LIBRARY_PATH} PKG_CONFIG_PATH=/home/duy/Documents/GitHub/Experiment/hrc_ws/install/human_hand_msgs/lib/x86_64-linux-gnu/pkgconfig:/home/duy/Documents/GitHub/Experiment/hrc_ws/install/human_hand_msgs/lib/pkgconfig PYTHONPATH=/home/duy/Documents/GitHub/Experiment/hrc_ws/build/predictor_ui/prefix_override:/usr/lib/python3/dist-packages/colcon_core/task/python/colcon_distutils_commands:/home/duy/Documents/GitHub/Experiment/hrc_ws/install/predictor_ui/lib/python3.10/site-packages:/home/duy/Documents/GitHub/Experiment/hrc_ws/install/human_hand_msgs/local/lib/python3.10/dist-packages:${PYTHONPATH} ROS_PACKAGE_PATH=/home/duy/Documents/GitHub/Experiment/hrc_ws/install/human_hand_msgs/share /usr/bin/python3 -W ignore:setup.py install is deprecated -W ignore:easy_install command is deprecated setup.py egg_info --egg-base ../../build/predictor_ui build --build-base /home/duy/Documents/GitHub/Experiment/hrc_ws/build/predictor_ui/build install --record /home/duy/Documents/GitHub/Experiment/hrc_ws/build/predictor_ui/install.log --single-version-externally-managed install_data
