[2.591s] Invoking command in '/home/duy/Documents/GitHub/Experiment/hrc_ws/src/trajectory_predictor': CMAKE_PREFIX_PATH=/home/duy/Documents/GitHub/Experiment/hrc_ws/install/human_hand_msgs LD_LIBRARY_PATH=/home/duy/Documents/GitHub/Experiment/hrc_ws/install/human_hand_msgs/lib:${LD_LIBRARY_PATH} PKG_CONFIG_PATH=/home/duy/Documents/GitHub/Experiment/hrc_ws/install/human_hand_msgs/lib/x86_64-linux-gnu/pkgconfig:/home/duy/Documents/GitHub/Experiment/hrc_ws/install/human_hand_msgs/lib/pkgconfig PYTHONPATH=/home/duy/Documents/GitHub/Experiment/hrc_ws/build/trajectory_predictor/prefix_override:/usr/lib/python3/dist-packages/colcon_core/task/python/colcon_distutils_commands:/home/duy/Documents/GitHub/Experiment/hrc_ws/install/trajectory_predictor/lib/python3.10/site-packages:/home/duy/Documents/GitHub/Experiment/hrc_ws/install/human_hand_msgs/local/lib/python3.10/dist-packages:${PYTHONPATH} ROS_PACKAGE_PATH=/home/duy/Documents/GitHub/Experiment/hrc_ws/install/human_hand_msgs/share /usr/bin/python3 -W ignore:setup.py install is deprecated -W ignore:easy_install command is deprecated setup.py egg_info --egg-base ../../build/trajectory_predictor build --build-base /home/duy/Documents/GitHub/Experiment/hrc_ws/build/trajectory_predictor/build install --record /home/duy/Documents/GitHub/Experiment/hrc_ws/build/trajectory_predictor/install.log --single-version-externally-managed install_data
[3.590s] running egg_info
[3.593s] writing ../../build/trajectory_predictor/trajectory_predictor.egg-info/PKG-INFO
[3.594s] writing dependency_links to ../../build/trajectory_predictor/trajectory_predictor.egg-info/dependency_links.txt
[3.594s] writing entry points to ../../build/trajectory_predictor/trajectory_predictor.egg-info/entry_points.txt
[3.595s] writing requirements to ../../build/trajectory_predictor/trajectory_predictor.egg-info/requires.txt
[3.595s] writing top-level names to ../../build/trajectory_predictor/trajectory_predictor.egg-info/top_level.txt
[3.602s] reading manifest file '../../build/trajectory_predictor/trajectory_predictor.egg-info/SOURCES.txt'
[3.607s] writing manifest file '../../build/trajectory_predictor/trajectory_predictor.egg-info/SOURCES.txt'
[3.607s] running build
[3.608s] running build_py
[3.608s] copying trajectory_predictor/inference_worker.py -> /home/duy/Documents/GitHub/Experiment/hrc_ws/build/trajectory_predictor/build/lib/trajectory_predictor
[3.609s] running install
[3.610s] running install_lib
[3.613s] copying /home/duy/Documents/GitHub/Experiment/hrc_ws/build/trajectory_predictor/build/lib/trajectory_predictor/inference_worker.py -> /home/duy/Documents/GitHub/Experiment/hrc_ws/install/trajectory_predictor/lib/python3.10/site-packages/trajectory_predictor
[3.615s] byte-compiling /home/duy/Documents/GitHub/Experiment/hrc_ws/install/trajectory_predictor/lib/python3.10/site-packages/trajectory_predictor/inference_worker.py to inference_worker.cpython-310.pyc
[3.624s] running install_data
[3.625s] running install_egg_info
[3.632s] removing '/home/duy/Documents/GitHub/Experiment/hrc_ws/install/trajectory_predictor/lib/python3.10/site-packages/trajectory_predictor-0.1.0-py3.10.egg-info' (and everything under it)
[3.633s] Copying ../../build/trajectory_predictor/trajectory_predictor.egg-info to /home/duy/Documents/GitHub/Experiment/hrc_ws/install/trajectory_predictor/lib/python3.10/site-packages/trajectory_predictor-0.1.0-py3.10.egg-info
[3.636s] running install_scripts
[3.721s] Installing predictor_node script to /home/duy/Documents/GitHub/Experiment/hrc_ws/install/trajectory_predictor/lib/trajectory_predictor
[3.723s] writing list of installed files to '/home/duy/Documents/GitHub/Experiment/hrc_ws/build/trajectory_predictor/install.log'
[3.798s] Invoked command in '/home/duy/Documents/GitHub/Experiment/hrc_ws/src/trajectory_predictor' returned '0': CMAKE_PREFIX_PATH=/home/duy/Documents/GitHub/Experiment/hrc_ws/install/human_hand_msgs LD_LIBRARY_PATH=/home/duy/Documents/GitHub/Experiment/hrc_ws/install/human_hand_msgs/lib:${LD_LIBRARY_PATH} PKG_CONFIG_PATH=/home/duy/Documents/GitHub/Experiment/hrc_ws/install/human_hand_msgs/lib/x86_64-linux-gnu/pkgconfig:/home/duy/Documents/GitHub/Experiment/hrc_ws/install/human_hand_msgs/lib/pkgconfig PYTHONPATH=/home/duy/Documents/GitHub/Experiment/hrc_ws/build/trajectory_predictor/prefix_override:/usr/lib/python3/dist-packages/colcon_core/task/python/colcon_distutils_commands:/home/duy/Documents/GitHub/Experiment/hrc_ws/install/trajectory_predictor/lib/python3.10/site-packages:/home/duy/Documents/GitHub/Experiment/hrc_ws/install/human_hand_msgs/local/lib/python3.10/dist-packages:${PYTHONPATH} ROS_PACKAGE_PATH=/home/duy/Documents/GitHub/Experiment/hrc_ws/install/human_hand_msgs/share /usr/bin/python3 -W ignore:setup.py install is deprecated -W ignore:easy_install command is deprecated setup.py egg_info --egg-base ../../build/trajectory_predictor build --build-base /home/duy/Documents/GitHub/Experiment/hrc_ws/build/trajectory_predictor/build install --record /home/duy/Documents/GitHub/Experiment/hrc_ws/build/trajectory_predictor/install.log --single-version-externally-managed install_data
