[0.675s] Invoking command in '/home/duy/Experiment/hrc_ws/src/realsense_tracker': CMAKE_PREFIX_PATH=/home/duy/Experiment/hrc_ws/install/human_hand_msgs:/home/duy/Experiment/hrc_ws/install/hrc_bringup:/home/duy/kinectv2/install/libfreenect2:/home/duy/kinectv2/install/kinect2_bridge:/home/duy/kinectv2/install/kinect2_registration PYTHONPATH=/home/duy/Experiment/hrc_ws/build/realsense_tracker/prefix_override:/usr/lib/python3/dist-packages/colcon_core/task/python/colcon_distutils_commands:/home/duy/Experiment/hrc_ws/install/realsense_tracker/lib/python3.10/site-packages:/home/duy/Experiment/hrc_ws/install/human_hand_msgs/local/lib/python3.10/dist-packages:/home/duy/Experiment/hrc_ws/install/trajectory_predictor/lib/python3.10/site-packages:/home/duy/Experiment/hrc_ws/install/realsense_tracker/lib/python3.10/site-packages:/home/duy/Experiment/hrc_ws/install/predictor_ui/lib/python3.10/site-packages:/home/duy/Experiment/hrc_ws/build/kinect_bridge:/home/duy/Experiment/hrc_ws/install/kinect_bridge/lib/python3.10/site-packages:/home/duy/Experiment/hrc_ws/install/experiment_logger/lib/python3.10/site-packages:/opt/ros/humble/lib/python3.10/site-packages:/opt/ros/humble/local/lib/python3.10/dist-packages /usr/bin/python3 -W ignore:setup.py install is deprecated -W ignore:easy_install command is deprecated setup.py egg_info --egg-base ../../build/realsense_tracker build --build-base /home/duy/Experiment/hrc_ws/build/realsense_tracker/build install --record /home/duy/Experiment/hrc_ws/build/realsense_tracker/install.log --single-version-externally-managed install_data
[0.874s] running egg_info
[0.875s] writing ../../build/realsense_tracker/realsense_tracker.egg-info/PKG-INFO
[0.875s] writing dependency_links to ../../build/realsense_tracker/realsense_tracker.egg-info/dependency_links.txt
[0.875s] writing entry points to ../../build/realsense_tracker/realsense_tracker.egg-info/entry_points.txt
[0.875s] writing requirements to ../../build/realsense_tracker/realsense_tracker.egg-info/requires.txt
[0.875s] writing top-level names to ../../build/realsense_tracker/realsense_tracker.egg-info/top_level.txt
[0.876s] reading manifest file '../../build/realsense_tracker/realsense_tracker.egg-info/SOURCES.txt'
[0.877s] writing manifest file '../../build/realsense_tracker/realsense_tracker.egg-info/SOURCES.txt'
[0.877s] running build
[0.877s] running build_py
[0.877s] running install
[0.877s] running install_lib
[0.878s] running install_data
[0.878s] running install_egg_info
[0.879s] removing '/home/duy/Experiment/hrc_ws/install/realsense_tracker/lib/python3.10/site-packages/realsense_tracker-0.0.0-py3.10.egg-info' (and everything under it)
[0.879s] Copying ../../build/realsense_tracker/realsense_tracker.egg-info to /home/duy/Experiment/hrc_ws/install/realsense_tracker/lib/python3.10/site-packages/realsense_tracker-0.0.0-py3.10.egg-info
[0.880s] running install_scripts
[0.896s] Installing realsense_node script to /home/duy/Experiment/hrc_ws/install/realsense_tracker/lib/realsense_tracker
[0.896s] writing list of installed files to '/home/duy/Experiment/hrc_ws/build/realsense_tracker/install.log'
[0.916s] Invoked command in '/home/duy/Experiment/hrc_ws/src/realsense_tracker' returned '0': CMAKE_PREFIX_PATH=/home/duy/Experiment/hrc_ws/install/human_hand_msgs:/home/duy/Experiment/hrc_ws/install/hrc_bringup:/home/duy/kinectv2/install/libfreenect2:/home/duy/kinectv2/install/kinect2_bridge:/home/duy/kinectv2/install/kinect2_registration PYTHONPATH=/home/duy/Experiment/hrc_ws/build/realsense_tracker/prefix_override:/usr/lib/python3/dist-packages/colcon_core/task/python/colcon_distutils_commands:/home/duy/Experiment/hrc_ws/install/realsense_tracker/lib/python3.10/site-packages:/home/duy/Experiment/hrc_ws/install/human_hand_msgs/local/lib/python3.10/dist-packages:/home/duy/Experiment/hrc_ws/install/trajectory_predictor/lib/python3.10/site-packages:/home/duy/Experiment/hrc_ws/install/realsense_tracker/lib/python3.10/site-packages:/home/duy/Experiment/hrc_ws/install/predictor_ui/lib/python3.10/site-packages:/home/duy/Experiment/hrc_ws/build/kinect_bridge:/home/duy/Experiment/hrc_ws/install/kinect_bridge/lib/python3.10/site-packages:/home/duy/Experiment/hrc_ws/install/experiment_logger/lib/python3.10/site-packages:/opt/ros/humble/lib/python3.10/site-packages:/opt/ros/humble/local/lib/python3.10/dist-packages /usr/bin/python3 -W ignore:setup.py install is deprecated -W ignore:easy_install command is deprecated setup.py egg_info --egg-base ../../build/realsense_tracker build --build-base /home/duy/Experiment/hrc_ws/build/realsense_tracker/build install --record /home/duy/Experiment/hrc_ws/build/realsense_tracker/install.log --single-version-externally-managed install_data
