[0.432s] DEBUG:colcon:Command line arguments: ['/usr/bin/colcon', 'build', '--symlink-install']
[0.432s] DEBUG:colcon:Parsed command line arguments: Namespace(log_base=None, log_level=None, verb_name='build', build_base='build', install_base='install', merge_install=False, symlink_install=True, test_result_base=None, continue_on_error=False, executor='parallel', parallel_workers=12, event_handlers=None, ignore_user_meta=False, metas=['./colcon.meta'], base_paths=['.'], packages_ignore=None, packages_ignore_regex=None, paths=None, packages_up_to=None, packages_up_to_regex=None, packages_above=None, packages_above_and_dependencies=None, packages_above_depth=None, packages_select_by_dep=None, packages_skip_by_dep=None, packages_skip_up_to=None, packages_select_build_failed=False, packages_skip_build_finished=False, packages_select_test_failures=False, packages_skip_test_passed=False, packages_select=None, packages_skip=None, packages_select_regex=None, packages_skip_regex=None, packages_start=None, packages_end=None, allow_overriding=[], cmake_args=None, cmake_target=None, cmake_target_skip_unavailable=False, cmake_clean_cache=False, cmake_clean_first=False, cmake_force_configure=False, ament_cmake_args=None, catkin_cmake_args=None, catkin_skip_building_tests=False, verb_parser=<colcon_defaults.argument_parser.defaults.DefaultArgumentsDecorator object at 0x7303abe4ca60>, verb_extension=<colcon_core.verb.build.BuildVerb object at 0x7303abf55f60>, main=<bound method BuildVerb.main of <colcon_core.verb.build.BuildVerb object at 0x7303abf55f60>>)
[1.098s] Level 1:colcon.colcon_core.package_discovery:discover_packages(colcon_meta) check parameters
[1.098s] Level 1:colcon.colcon_core.package_discovery:discover_packages(recursive) check parameters
[1.098s] Level 1:colcon.colcon_core.package_discovery:discover_packages(ignore) check parameters
[1.099s] Level 1:colcon.colcon_core.package_discovery:discover_packages(path) check parameters
[1.099s] Level 1:colcon.colcon_core.package_discovery:discover_packages(colcon_meta) discover
[1.099s] Level 1:colcon.colcon_core.package_discovery:discover_packages(recursive) discover
[1.099s] INFO:colcon.colcon_core.package_discovery:Crawling recursively for packages in '/home/duy/Documents/GitHub/Experiment/hrc_ws'
[1.100s] Level 1:colcon.colcon_core.package_identification:_identify(.) by extensions ['ignore', 'ignore_ament_install']
[1.100s] Level 1:colcon.colcon_core.package_identification:_identify(.) by extension 'ignore'
[1.100s] Level 1:colcon.colcon_core.package_identification:_identify(.) by extension 'ignore_ament_install'
[1.101s] Level 1:colcon.colcon_core.package_identification:_identify(.) by extensions ['colcon_pkg']
[1.101s] Level 1:colcon.colcon_core.package_identification:_identify(.) by extension 'colcon_pkg'
[1.101s] Level 1:colcon.colcon_core.package_identification:_identify(.) by extensions ['colcon_meta']
[1.101s] Level 1:colcon.colcon_core.package_identification:_identify(.) by extension 'colcon_meta'
[1.101s] Level 1:colcon.colcon_core.package_identification:_identify(.) by extensions ['ros']
[1.101s] Level 1:colcon.colcon_core.package_identification:_identify(.) by extension 'ros'
[1.145s] Level 1:colcon.colcon_core.package_identification:_identify(.) by extensions ['cmake', 'python']
[1.146s] Level 1:colcon.colcon_core.package_identification:_identify(.) by extension 'cmake'
[1.146s] Level 1:colcon.colcon_core.package_identification:_identify(.) by extension 'python'
[1.146s] Level 1:colcon.colcon_core.package_identification:_identify(.) by extensions ['python_setup_py']
[1.146s] Level 1:colcon.colcon_core.package_identification:_identify(.) by extension 'python_setup_py'
[1.147s] Level 1:colcon.colcon_core.package_identification:_identify(build) by extensions ['ignore', 'ignore_ament_install']
[1.147s] Level 1:colcon.colcon_core.package_identification:_identify(build) by extension 'ignore'
[1.147s] Level 1:colcon.colcon_core.package_identification:_identify(build) ignored
[1.148s] Level 1:colcon.colcon_core.package_identification:_identify(install) by extensions ['ignore', 'ignore_ament_install']
[1.148s] Level 1:colcon.colcon_core.package_identification:_identify(install) by extension 'ignore'
[1.148s] Level 1:colcon.colcon_core.package_identification:_identify(install) ignored
[1.149s] Level 1:colcon.colcon_core.package_identification:_identify(log) by extensions ['ignore', 'ignore_ament_install']
[1.149s] Level 1:colcon.colcon_core.package_identification:_identify(log) by extension 'ignore'
[1.149s] Level 1:colcon.colcon_core.package_identification:_identify(log) ignored
[1.150s] Level 1:colcon.colcon_core.package_identification:_identify(src) by extensions ['ignore', 'ignore_ament_install']
[1.150s] Level 1:colcon.colcon_core.package_identification:_identify(src) by extension 'ignore'
[1.150s] Level 1:colcon.colcon_core.package_identification:_identify(src) by extension 'ignore_ament_install'
[1.151s] Level 1:colcon.colcon_core.package_identification:_identify(src) by extensions ['colcon_pkg']
[1.151s] Level 1:colcon.colcon_core.package_identification:_identify(src) by extension 'colcon_pkg'
[1.151s] Level 1:colcon.colcon_core.package_identification:_identify(src) by extensions ['colcon_meta']
[1.151s] Level 1:colcon.colcon_core.package_identification:_identify(src) by extension 'colcon_meta'
[1.151s] Level 1:colcon.colcon_core.package_identification:_identify(src) by extensions ['ros']
[1.151s] Level 1:colcon.colcon_core.package_identification:_identify(src) by extension 'ros'
[1.152s] Level 1:colcon.colcon_core.package_identification:_identify(src) by extensions ['cmake', 'python']
[1.152s] Level 1:colcon.colcon_core.package_identification:_identify(src) by extension 'cmake'
[1.152s] Level 1:colcon.colcon_core.package_identification:_identify(src) by extension 'python'
[1.152s] Level 1:colcon.colcon_core.package_identification:_identify(src) by extensions ['python_setup_py']
[1.152s] Level 1:colcon.colcon_core.package_identification:_identify(src) by extension 'python_setup_py'
[1.153s] Level 1:colcon.colcon_core.package_identification:_identify(src/experiment_logger) by extensions ['ignore', 'ignore_ament_install']
[1.153s] Level 1:colcon.colcon_core.package_identification:_identify(src/experiment_logger) by extension 'ignore'
[1.153s] Level 1:colcon.colcon_core.package_identification:_identify(src/experiment_logger) by extension 'ignore_ament_install'
[1.153s] Level 1:colcon.colcon_core.package_identification:_identify(src/experiment_logger) by extensions ['colcon_pkg']
[1.154s] Level 1:colcon.colcon_core.package_identification:_identify(src/experiment_logger) by extension 'colcon_pkg'
[1.154s] Level 1:colcon.colcon_core.package_identification:_identify(src/experiment_logger) by extensions ['colcon_meta']
[1.154s] Level 1:colcon.colcon_core.package_identification:_identify(src/experiment_logger) by extension 'colcon_meta'
[1.154s] Level 1:colcon.colcon_core.package_identification:_identify(src/experiment_logger) by extensions ['ros']
[1.154s] Level 1:colcon.colcon_core.package_identification:_identify(src/experiment_logger) by extension 'ros'
[1.164s] DEBUG:colcon.colcon_core.package_identification:Package 'src/experiment_logger' with type 'ros.ament_python' and name 'experiment_logger'
[1.164s] Level 1:colcon.colcon_core.package_identification:_identify(src/hrc_bringup) by extensions ['ignore', 'ignore_ament_install']
[1.164s] Level 1:colcon.colcon_core.package_identification:_identify(src/hrc_bringup) by extension 'ignore'
[1.165s] Level 1:colcon.colcon_core.package_identification:_identify(src/hrc_bringup) by extension 'ignore_ament_install'
[1.165s] Level 1:colcon.colcon_core.package_identification:_identify(src/hrc_bringup) by extensions ['colcon_pkg']
[1.165s] Level 1:colcon.colcon_core.package_identification:_identify(src/hrc_bringup) by extension 'colcon_pkg'
[1.165s] Level 1:colcon.colcon_core.package_identification:_identify(src/hrc_bringup) by extensions ['colcon_meta']
[1.165s] Level 1:colcon.colcon_core.package_identification:_identify(src/hrc_bringup) by extension 'colcon_meta'
[1.166s] Level 1:colcon.colcon_core.package_identification:_identify(src/hrc_bringup) by extensions ['ros']
[1.166s] Level 1:colcon.colcon_core.package_identification:_identify(src/hrc_bringup) by extension 'ros'
[1.168s] DEBUG:colcon.colcon_core.package_identification:Package 'src/hrc_bringup' with type 'ros.ament_cmake' and name 'hrc_bringup'
[1.168s] Level 1:colcon.colcon_core.package_identification:_identify(src/human_hand_msgs) by extensions ['ignore', 'ignore_ament_install']
[1.169s] Level 1:colcon.colcon_core.package_identification:_identify(src/human_hand_msgs) by extension 'ignore'
[1.169s] Level 1:colcon.colcon_core.package_identification:_identify(src/human_hand_msgs) by extension 'ignore_ament_install'
[1.169s] Level 1:colcon.colcon_core.package_identification:_identify(src/human_hand_msgs) by extensions ['colcon_pkg']
[1.169s] Level 1:colcon.colcon_core.package_identification:_identify(src/human_hand_msgs) by extension 'colcon_pkg'
[1.170s] Level 1:colcon.colcon_core.package_identification:_identify(src/human_hand_msgs) by extensions ['colcon_meta']
[1.170s] Level 1:colcon.colcon_core.package_identification:_identify(src/human_hand_msgs) by extension 'colcon_meta'
[1.170s] Level 1:colcon.colcon_core.package_identification:_identify(src/human_hand_msgs) by extensions ['ros']
[1.170s] Level 1:colcon.colcon_core.package_identification:_identify(src/human_hand_msgs) by extension 'ros'
[1.173s] DEBUG:colcon.colcon_core.package_identification:Package 'src/human_hand_msgs' with type 'ros.catkin' and name 'human_hand_msgs'
[1.173s] Level 1:colcon.colcon_core.package_identification:_identify(src/kinect_bridge) by extensions ['ignore', 'ignore_ament_install']
[1.174s] Level 1:colcon.colcon_core.package_identification:_identify(src/kinect_bridge) by extension 'ignore'
[1.174s] Level 1:colcon.colcon_core.package_identification:_identify(src/kinect_bridge) by extension 'ignore_ament_install'
[1.174s] Level 1:colcon.colcon_core.package_identification:_identify(src/kinect_bridge) by extensions ['colcon_pkg']
[1.174s] Level 1:colcon.colcon_core.package_identification:_identify(src/kinect_bridge) by extension 'colcon_pkg'
[1.175s] Level 1:colcon.colcon_core.package_identification:_identify(src/kinect_bridge) by extensions ['colcon_meta']
[1.175s] Level 1:colcon.colcon_core.package_identification:_identify(src/kinect_bridge) by extension 'colcon_meta'
[1.175s] Level 1:colcon.colcon_core.package_identification:_identify(src/kinect_bridge) by extensions ['ros']
[1.175s] Level 1:colcon.colcon_core.package_identification:_identify(src/kinect_bridge) by extension 'ros'
[1.179s] DEBUG:colcon.colcon_core.package_identification:Package 'src/kinect_bridge' with type 'ros.ament_python' and name 'kinect_bridge'
[1.180s] Level 1:colcon.colcon_core.package_identification:_identify(src/predictor_ui) by extensions ['ignore', 'ignore_ament_install']
[1.180s] Level 1:colcon.colcon_core.package_identification:_identify(src/predictor_ui) by extension 'ignore'
[1.180s] Level 1:colcon.colcon_core.package_identification:_identify(src/predictor_ui) by extension 'ignore_ament_install'
[1.180s] Level 1:colcon.colcon_core.package_identification:_identify(src/predictor_ui) by extensions ['colcon_pkg']
[1.181s] Level 1:colcon.colcon_core.package_identification:_identify(src/predictor_ui) by extension 'colcon_pkg'
[1.181s] Level 1:colcon.colcon_core.package_identification:_identify(src/predictor_ui) by extensions ['colcon_meta']
[1.181s] Level 1:colcon.colcon_core.package_identification:_identify(src/predictor_ui) by extension 'colcon_meta'
[1.181s] Level 1:colcon.colcon_core.package_identification:_identify(src/predictor_ui) by extensions ['ros']
[1.181s] Level 1:colcon.colcon_core.package_identification:_identify(src/predictor_ui) by extension 'ros'
[1.184s] DEBUG:colcon.colcon_core.package_identification:Package 'src/predictor_ui' with type 'ros.ament_python' and name 'predictor_ui'
[1.184s] Level 1:colcon.colcon_core.package_identification:_identify(src/trajectory_predictor) by extensions ['ignore', 'ignore_ament_install']
[1.185s] Level 1:colcon.colcon_core.package_identification:_identify(src/trajectory_predictor) by extension 'ignore'
[1.185s] Level 1:colcon.colcon_core.package_identification:_identify(src/trajectory_predictor) by extension 'ignore_ament_install'
[1.185s] Level 1:colcon.colcon_core.package_identification:_identify(src/trajectory_predictor) by extensions ['colcon_pkg']
[1.185s] Level 1:colcon.colcon_core.package_identification:_identify(src/trajectory_predictor) by extension 'colcon_pkg'
[1.186s] Level 1:colcon.colcon_core.package_identification:_identify(src/trajectory_predictor) by extensions ['colcon_meta']
[1.186s] Level 1:colcon.colcon_core.package_identification:_identify(src/trajectory_predictor) by extension 'colcon_meta'
[1.186s] Level 1:colcon.colcon_core.package_identification:_identify(src/trajectory_predictor) by extensions ['ros']
[1.186s] Level 1:colcon.colcon_core.package_identification:_identify(src/trajectory_predictor) by extension 'ros'
[1.189s] DEBUG:colcon.colcon_core.package_identification:Package 'src/trajectory_predictor' with type 'ros.ament_python' and name 'trajectory_predictor'
[1.189s] Level 1:colcon.colcon_core.package_discovery:discover_packages(recursive) using defaults
[1.189s] Level 1:colcon.colcon_core.package_discovery:discover_packages(ignore) discover
[1.189s] Level 1:colcon.colcon_core.package_discovery:discover_packages(ignore) using defaults
[1.190s] Level 1:colcon.colcon_core.package_discovery:discover_packages(path) discover
[1.190s] Level 1:colcon.colcon_core.package_discovery:discover_packages(path) using defaults
[1.274s] Level 1:colcon.colcon_core.package_discovery:discover_packages(prefix_path) check parameters
[1.274s] Level 1:colcon.colcon_core.package_discovery:discover_packages(prefix_path) discover
[1.303s] DEBUG:colcon.colcon_installed_package_information.package_discovery:Found 6 installed packages in /home/duy/Documents/GitHub/Experiment/hrc_ws/install
[1.307s] DEBUG:colcon.colcon_installed_package_information.package_discovery:Found 273 installed packages in /opt/ros/humble
[1.313s] Level 1:colcon.colcon_core.package_discovery:discover_packages(prefix_path) using defaults
[1.466s] Level 5:colcon.colcon_core.verb:set package 'human_hand_msgs' build argument 'cmake_args' from command line to 'None'
[1.466s] Level 5:colcon.colcon_core.verb:set package 'human_hand_msgs' build argument 'cmake_target' from command line to 'None'
[1.466s] Level 5:colcon.colcon_core.verb:set package 'human_hand_msgs' build argument 'cmake_target_skip_unavailable' from command line to 'False'
[1.467s] Level 5:colcon.colcon_core.verb:set package 'human_hand_msgs' build argument 'cmake_clean_cache' from command line to 'False'
[1.467s] Level 5:colcon.colcon_core.verb:set package 'human_hand_msgs' build argument 'cmake_clean_first' from command line to 'False'
[1.467s] Level 5:colcon.colcon_core.verb:set package 'human_hand_msgs' build argument 'cmake_force_configure' from command line to 'False'
[1.467s] Level 5:colcon.colcon_core.verb:set package 'human_hand_msgs' build argument 'ament_cmake_args' from command line to 'None'
[1.467s] Level 5:colcon.colcon_core.verb:set package 'human_hand_msgs' build argument 'catkin_cmake_args' from command line to 'None'
[1.467s] Level 5:colcon.colcon_core.verb:set package 'human_hand_msgs' build argument 'catkin_skip_building_tests' from command line to 'False'
[1.467s] DEBUG:colcon.colcon_core.verb:Building package 'human_hand_msgs' with the following arguments: {'ament_cmake_args': None, 'build_base': '/home/duy/Documents/GitHub/Experiment/hrc_ws/build/human_hand_msgs', 'catkin_cmake_args': None, 'catkin_skip_building_tests': False, 'cmake_args': None, 'cmake_clean_cache': False, 'cmake_clean_first': False, 'cmake_force_configure': False, 'cmake_target': None, 'cmake_target_skip_unavailable': False, 'install_base': '/home/duy/Documents/GitHub/Experiment/hrc_ws/install/human_hand_msgs', 'merge_install': False, 'path': '/home/duy/Documents/GitHub/Experiment/hrc_ws/src/human_hand_msgs', 'symlink_install': True, 'test_result_base': None}
[1.469s] Level 5:colcon.colcon_core.verb:set package 'experiment_logger' build argument 'cmake_args' from command line to 'None'
[1.469s] Level 5:colcon.colcon_core.verb:set package 'experiment_logger' build argument 'cmake_target' from command line to 'None'
[1.469s] Level 5:colcon.colcon_core.verb:set package 'experiment_logger' build argument 'cmake_target_skip_unavailable' from command line to 'False'
[1.469s] Level 5:colcon.colcon_core.verb:set package 'experiment_logger' build argument 'cmake_clean_cache' from command line to 'False'
[1.469s] Level 5:colcon.colcon_core.verb:set package 'experiment_logger' build argument 'cmake_clean_first' from command line to 'False'
[1.469s] Level 5:colcon.colcon_core.verb:set package 'experiment_logger' build argument 'cmake_force_configure' from command line to 'False'
[1.469s] Level 5:colcon.colcon_core.verb:set package 'experiment_logger' build argument 'ament_cmake_args' from command line to 'None'
[1.470s] Level 5:colcon.colcon_core.verb:set package 'experiment_logger' build argument 'catkin_cmake_args' from command line to 'None'
[1.470s] Level 5:colcon.colcon_core.verb:set package 'experiment_logger' build argument 'catkin_skip_building_tests' from command line to 'False'
[1.470s] DEBUG:colcon.colcon_core.verb:Building package 'experiment_logger' with the following arguments: {'ament_cmake_args': None, 'build_base': '/home/duy/Documents/GitHub/Experiment/hrc_ws/build/experiment_logger', 'catkin_cmake_args': None, 'catkin_skip_building_tests': False, 'cmake_args': None, 'cmake_clean_cache': False, 'cmake_clean_first': False, 'cmake_force_configure': False, 'cmake_target': None, 'cmake_target_skip_unavailable': False, 'install_base': '/home/duy/Documents/GitHub/Experiment/hrc_ws/install/experiment_logger', 'merge_install': False, 'path': '/home/duy/Documents/GitHub/Experiment/hrc_ws/src/experiment_logger', 'symlink_install': True, 'test_result_base': None}
[1.471s] Level 5:colcon.colcon_core.verb:set package 'kinect_bridge' build argument 'cmake_args' from command line to 'None'
[1.471s] Level 5:colcon.colcon_core.verb:set package 'kinect_bridge' build argument 'cmake_target' from command line to 'None'
[1.472s] Level 5:colcon.colcon_core.verb:set package 'kinect_bridge' build argument 'cmake_target_skip_unavailable' from command line to 'False'
[1.472s] Level 5:colcon.colcon_core.verb:set package 'kinect_bridge' build argument 'cmake_clean_cache' from command line to 'False'
[1.472s] Level 5:colcon.colcon_core.verb:set package 'kinect_bridge' build argument 'cmake_clean_first' from command line to 'False'
[1.472s] Level 5:colcon.colcon_core.verb:set package 'kinect_bridge' build argument 'cmake_force_configure' from command line to 'False'
[1.472s] Level 5:colcon.colcon_core.verb:set package 'kinect_bridge' build argument 'ament_cmake_args' from command line to 'None'
[1.472s] Level 5:colcon.colcon_core.verb:set package 'kinect_bridge' build argument 'catkin_cmake_args' from command line to 'None'
[1.472s] Level 5:colcon.colcon_core.verb:set package 'kinect_bridge' build argument 'catkin_skip_building_tests' from command line to 'False'
[1.472s] DEBUG:colcon.colcon_core.verb:Building package 'kinect_bridge' with the following arguments: {'ament_cmake_args': None, 'build_base': '/home/duy/Documents/GitHub/Experiment/hrc_ws/build/kinect_bridge', 'catkin_cmake_args': None, 'catkin_skip_building_tests': False, 'cmake_args': None, 'cmake_clean_cache': False, 'cmake_clean_first': False, 'cmake_force_configure': False, 'cmake_target': None, 'cmake_target_skip_unavailable': False, 'install_base': '/home/duy/Documents/GitHub/Experiment/hrc_ws/install/kinect_bridge', 'merge_install': False, 'path': '/home/duy/Documents/GitHub/Experiment/hrc_ws/src/kinect_bridge', 'symlink_install': True, 'test_result_base': None}
[1.474s] Level 5:colcon.colcon_core.verb:set package 'predictor_ui' build argument 'cmake_args' from command line to 'None'
[1.474s] Level 5:colcon.colcon_core.verb:set package 'predictor_ui' build argument 'cmake_target' from command line to 'None'
[1.474s] Level 5:colcon.colcon_core.verb:set package 'predictor_ui' build argument 'cmake_target_skip_unavailable' from command line to 'False'
[1.474s] Level 5:colcon.colcon_core.verb:set package 'predictor_ui' build argument 'cmake_clean_cache' from command line to 'False'
[1.474s] Level 5:colcon.colcon_core.verb:set package 'predictor_ui' build argument 'cmake_clean_first' from command line to 'False'
[1.475s] Level 5:colcon.colcon_core.verb:set package 'predictor_ui' build argument 'cmake_force_configure' from command line to 'False'
[1.475s] Level 5:colcon.colcon_core.verb:set package 'predictor_ui' build argument 'ament_cmake_args' from command line to 'None'
[1.475s] Level 5:colcon.colcon_core.verb:set package 'predictor_ui' build argument 'catkin_cmake_args' from command line to 'None'
[1.475s] Level 5:colcon.colcon_core.verb:set package 'predictor_ui' build argument 'catkin_skip_building_tests' from command line to 'False'
[1.475s] DEBUG:colcon.colcon_core.verb:Building package 'predictor_ui' with the following arguments: {'ament_cmake_args': None, 'build_base': '/home/duy/Documents/GitHub/Experiment/hrc_ws/build/predictor_ui', 'catkin_cmake_args': None, 'catkin_skip_building_tests': False, 'cmake_args': None, 'cmake_clean_cache': False, 'cmake_clean_first': False, 'cmake_force_configure': False, 'cmake_target': None, 'cmake_target_skip_unavailable': False, 'install_base': '/home/duy/Documents/GitHub/Experiment/hrc_ws/install/predictor_ui', 'merge_install': False, 'path': '/home/duy/Documents/GitHub/Experiment/hrc_ws/src/predictor_ui', 'symlink_install': True, 'test_result_base': None}
[1.476s] Level 5:colcon.colcon_core.verb:set package 'trajectory_predictor' build argument 'cmake_args' from command line to 'None'
[1.477s] Level 5:colcon.colcon_core.verb:set package 'trajectory_predictor' build argument 'cmake_target' from command line to 'None'
[1.477s] Level 5:colcon.colcon_core.verb:set package 'trajectory_predictor' build argument 'cmake_target_skip_unavailable' from command line to 'False'
[1.477s] Level 5:colcon.colcon_core.verb:set package 'trajectory_predictor' build argument 'cmake_clean_cache' from command line to 'False'
[1.477s] Level 5:colcon.colcon_core.verb:set package 'trajectory_predictor' build argument 'cmake_clean_first' from command line to 'False'
[1.477s] Level 5:colcon.colcon_core.verb:set package 'trajectory_predictor' build argument 'cmake_force_configure' from command line to 'False'
[1.477s] Level 5:colcon.colcon_core.verb:set package 'trajectory_predictor' build argument 'ament_cmake_args' from command line to 'None'
[1.477s] Level 5:colcon.colcon_core.verb:set package 'trajectory_predictor' build argument 'catkin_cmake_args' from command line to 'None'
[1.477s] Level 5:colcon.colcon_core.verb:set package 'trajectory_predictor' build argument 'catkin_skip_building_tests' from command line to 'False'
[1.478s] DEBUG:colcon.colcon_core.verb:Building package 'trajectory_predictor' with the following arguments: {'ament_cmake_args': None, 'build_base': '/home/duy/Documents/GitHub/Experiment/hrc_ws/build/trajectory_predictor', 'catkin_cmake_args': None, 'catkin_skip_building_tests': False, 'cmake_args': None, 'cmake_clean_cache': False, 'cmake_clean_first': False, 'cmake_force_configure': False, 'cmake_target': None, 'cmake_target_skip_unavailable': False, 'install_base': '/home/duy/Documents/GitHub/Experiment/hrc_ws/install/trajectory_predictor', 'merge_install': False, 'path': '/home/duy/Documents/GitHub/Experiment/hrc_ws/src/trajectory_predictor', 'symlink_install': True, 'test_result_base': None}
[1.479s] Level 5:colcon.colcon_core.verb:set package 'hrc_bringup' build argument 'cmake_args' from command line to 'None'
[1.479s] Level 5:colcon.colcon_core.verb:set package 'hrc_bringup' build argument 'cmake_target' from command line to 'None'
[1.479s] Level 5:colcon.colcon_core.verb:set package 'hrc_bringup' build argument 'cmake_target_skip_unavailable' from command line to 'False'
[1.479s] Level 5:colcon.colcon_core.verb:set package 'hrc_bringup' build argument 'cmake_clean_cache' from command line to 'False'
[1.479s] Level 5:colcon.colcon_core.verb:set package 'hrc_bringup' build argument 'cmake_clean_first' from command line to 'False'
[1.480s] Level 5:colcon.colcon_core.verb:set package 'hrc_bringup' build argument 'cmake_force_configure' from command line to 'False'
[1.480s] Level 5:colcon.colcon_core.verb:set package 'hrc_bringup' build argument 'ament_cmake_args' from command line to 'None'
[1.480s] Level 5:colcon.colcon_core.verb:set package 'hrc_bringup' build argument 'catkin_cmake_args' from command line to 'None'
[1.480s] Level 5:colcon.colcon_core.verb:set package 'hrc_bringup' build argument 'catkin_skip_building_tests' from command line to 'False'
[1.480s] DEBUG:colcon.colcon_core.verb:Building package 'hrc_bringup' with the following arguments: {'ament_cmake_args': None, 'build_base': '/home/duy/Documents/GitHub/Experiment/hrc_ws/build/hrc_bringup', 'catkin_cmake_args': None, 'catkin_skip_building_tests': False, 'cmake_args': None, 'cmake_clean_cache': False, 'cmake_clean_first': False, 'cmake_force_configure': False, 'cmake_target': None, 'cmake_target_skip_unavailable': False, 'install_base': '/home/duy/Documents/GitHub/Experiment/hrc_ws/install/hrc_bringup', 'merge_install': False, 'path': '/home/duy/Documents/GitHub/Experiment/hrc_ws/src/hrc_bringup', 'symlink_install': True, 'test_result_base': None}
[1.481s] INFO:colcon.colcon_core.executor:Executing jobs using 'parallel' executor
[1.484s] DEBUG:colcon.colcon_parallel_executor.executor.parallel:run_until_complete
[1.485s] INFO:colcon.colcon_ros.task.catkin.build:Building ROS package in '/home/duy/Documents/GitHub/Experiment/hrc_ws/src/human_hand_msgs' with build type 'catkin'
[1.485s] INFO:colcon.colcon_cmake.task.cmake.build:Building CMake package in '/home/duy/Documents/GitHub/Experiment/hrc_ws/src/human_hand_msgs'
[1.493s] INFO:colcon.colcon_core.plugin_system:Skipping extension 'colcon_core.shell.bat': Not used on non-Windows systems
[1.494s] INFO:colcon.colcon_core.shell:Skip shell extension 'powershell' for command environment: Not usable outside of PowerShell
[1.495s] DEBUG:colcon.colcon_core.shell:Skip shell extension 'dsv' for command environment
[1.525s] DEBUG:colcon.colcon_core.event_handler.log_command:Invoking command in '/home/duy/Documents/GitHub/Experiment/hrc_ws/build/human_hand_msgs': /usr/bin/cmake /home/duy/Documents/GitHub/Experiment/hrc_ws/src/human_hand_msgs -DCATKIN_INSTALL_INTO_PREFIX_ROOT=0 -DCATKIN_SYMLINK_INSTALL=ON -DCMAKE_INSTALL_PREFIX=/home/duy/Documents/GitHub/Experiment/hrc_ws/install/human_hand_msgs
[6.757s] DEBUG:colcon.colcon_core.event_handler.log_command:Invoked command in '/home/duy/Documents/GitHub/Experiment/hrc_ws/build/human_hand_msgs' returned '0': /usr/bin/cmake /home/duy/Documents/GitHub/Experiment/hrc_ws/src/human_hand_msgs -DCATKIN_INSTALL_INTO_PREFIX_ROOT=0 -DCATKIN_SYMLINK_INSTALL=ON -DCMAKE_INSTALL_PREFIX=/home/duy/Documents/GitHub/Experiment/hrc_ws/install/human_hand_msgs
[6.765s] DEBUG:colcon.colcon_core.event_handler.log_command:Invoking command in '/home/duy/Documents/GitHub/Experiment/hrc_ws/build/human_hand_msgs': /usr/bin/cmake --build /home/duy/Documents/GitHub/Experiment/hrc_ws/build/human_hand_msgs -- -j12 -l12
[8.099s] DEBUG:colcon.colcon_core.event_handler.log_command:Invoked command in '/home/duy/Documents/GitHub/Experiment/hrc_ws/build/human_hand_msgs' returned '0': /usr/bin/cmake --build /home/duy/Documents/GitHub/Experiment/hrc_ws/build/human_hand_msgs -- -j12 -l12
[8.135s] DEBUG:colcon.colcon_core.event_handler.log_command:Invoking command in '/home/duy/Documents/GitHub/Experiment/hrc_ws/build/human_hand_msgs': /usr/bin/cmake --install /home/duy/Documents/GitHub/Experiment/hrc_ws/build/human_hand_msgs
[8.388s] DEBUG:colcon.colcon_core.event_handler.log_command:Invoked command in '/home/duy/Documents/GitHub/Experiment/hrc_ws/build/human_hand_msgs' returned '0': /usr/bin/cmake --install /home/duy/Documents/GitHub/Experiment/hrc_ws/build/human_hand_msgs
[8.390s] Level 1:colcon.colcon_core.shell:create_environment_hook('human_hand_msgs', 'ros_package_path')
[8.391s] INFO:colcon.colcon_core.shell:Creating environment hook '/home/duy/Documents/GitHub/Experiment/hrc_ws/install/human_hand_msgs/share/human_hand_msgs/hook/ros_package_path.ps1'
[8.395s] INFO:colcon.colcon_core.shell:Creating environment descriptor '/home/duy/Documents/GitHub/Experiment/hrc_ws/install/human_hand_msgs/share/human_hand_msgs/hook/ros_package_path.dsv'
[8.397s] INFO:colcon.colcon_core.shell:Creating environment hook '/home/duy/Documents/GitHub/Experiment/hrc_ws/install/human_hand_msgs/share/human_hand_msgs/hook/ros_package_path.sh'
[8.401s] Level 1:colcon.colcon_ros.task.catkin:checking '/home/duy/Documents/GitHub/Experiment/hrc_ws/install/human_hand_msgs/local/lib/python3.10/dist-packages'
[8.402s] Level 1:colcon.colcon_core.shell:create_environment_hook('human_hand_msgs', 'catkin_pythonpath')
[8.402s] INFO:colcon.colcon_core.shell:Creating environment hook '/home/duy/Documents/GitHub/Experiment/hrc_ws/install/human_hand_msgs/share/human_hand_msgs/hook/catkin_pythonpath.ps1'
[8.404s] INFO:colcon.colcon_core.shell:Creating environment descriptor '/home/duy/Documents/GitHub/Experiment/hrc_ws/install/human_hand_msgs/share/human_hand_msgs/hook/catkin_pythonpath.dsv'
[8.405s] INFO:colcon.colcon_core.shell:Creating environment hook '/home/duy/Documents/GitHub/Experiment/hrc_ws/install/human_hand_msgs/share/human_hand_msgs/hook/catkin_pythonpath.sh'
[8.407s] Level 1:colcon.colcon_core.shell:create_environment_hook('human_hand_msgs', 'pkg_config_path')
[8.408s] INFO:colcon.colcon_core.shell:Creating environment hook '/home/duy/Documents/GitHub/Experiment/hrc_ws/install/human_hand_msgs/share/human_hand_msgs/hook/pkg_config_path.ps1'
[8.409s] INFO:colcon.colcon_core.shell:Creating environment descriptor '/home/duy/Documents/GitHub/Experiment/hrc_ws/install/human_hand_msgs/share/human_hand_msgs/hook/pkg_config_path.dsv'
[8.411s] INFO:colcon.colcon_core.shell:Creating environment hook '/home/duy/Documents/GitHub/Experiment/hrc_ws/install/human_hand_msgs/share/human_hand_msgs/hook/pkg_config_path.sh'
[8.421s] Level 1:colcon.colcon_core.shell:create_environment_hook('human_hand_msgs', 'pkg_config_path_multiarch')
[8.422s] INFO:colcon.colcon_core.shell:Creating environment hook '/home/duy/Documents/GitHub/Experiment/hrc_ws/install/human_hand_msgs/share/human_hand_msgs/hook/pkg_config_path_multiarch.ps1'
[8.423s] INFO:colcon.colcon_core.shell:Creating environment descriptor '/home/duy/Documents/GitHub/Experiment/hrc_ws/install/human_hand_msgs/share/human_hand_msgs/hook/pkg_config_path_multiarch.dsv'
[8.425s] INFO:colcon.colcon_core.shell:Creating environment hook '/home/duy/Documents/GitHub/Experiment/hrc_ws/install/human_hand_msgs/share/human_hand_msgs/hook/pkg_config_path_multiarch.sh'
[8.429s] Level 1:colcon.colcon_core.environment:create_environment_scripts_only(human_hand_msgs)
[8.438s] Level 1:colcon.colcon_core.environment:checking '/home/duy/Documents/GitHub/Experiment/hrc_ws/install/human_hand_msgs' for CMake module files
[8.440s] Level 1:colcon.colcon_core.environment:checking '/home/duy/Documents/GitHub/Experiment/hrc_ws/install/human_hand_msgs' for CMake config files
[8.441s] Level 1:colcon.colcon_core.shell:create_environment_hook('human_hand_msgs', 'cmake_prefix_path')
[8.442s] INFO:colcon.colcon_core.shell:Creating environment hook '/home/duy/Documents/GitHub/Experiment/hrc_ws/install/human_hand_msgs/share/human_hand_msgs/hook/cmake_prefix_path.ps1'
[8.444s] INFO:colcon.colcon_core.shell:Creating environment descriptor '/home/duy/Documents/GitHub/Experiment/hrc_ws/install/human_hand_msgs/share/human_hand_msgs/hook/cmake_prefix_path.dsv'
[8.445s] INFO:colcon.colcon_core.shell:Creating environment hook '/home/duy/Documents/GitHub/Experiment/hrc_ws/install/human_hand_msgs/share/human_hand_msgs/hook/cmake_prefix_path.sh'
[8.448s] Level 1:colcon.colcon_core.environment:checking '/home/duy/Documents/GitHub/Experiment/hrc_ws/install/human_hand_msgs/lib'
[8.448s] Level 1:colcon.colcon_core.shell:create_environment_hook('human_hand_msgs', 'ld_library_path_lib')
[8.450s] INFO:colcon.colcon_core.shell:Creating environment hook '/home/duy/Documents/GitHub/Experiment/hrc_ws/install/human_hand_msgs/share/human_hand_msgs/hook/ld_library_path_lib.ps1'
[8.451s] INFO:colcon.colcon_core.shell:Creating environment descriptor '/home/duy/Documents/GitHub/Experiment/hrc_ws/install/human_hand_msgs/share/human_hand_msgs/hook/ld_library_path_lib.dsv'
[8.453s] INFO:colcon.colcon_core.shell:Creating environment hook '/home/duy/Documents/GitHub/Experiment/hrc_ws/install/human_hand_msgs/share/human_hand_msgs/hook/ld_library_path_lib.sh'
[8.454s] Level 1:colcon.colcon_core.environment:checking '/home/duy/Documents/GitHub/Experiment/hrc_ws/install/human_hand_msgs/bin'
[8.455s] Level 1:colcon.colcon_core.environment:checking '/home/duy/Documents/GitHub/Experiment/hrc_ws/install/human_hand_msgs/lib/pkgconfig/human_hand_msgs.pc'
[8.456s] Level 1:colcon.colcon_core.environment:checking '/home/duy/Documents/GitHub/Experiment/hrc_ws/install/human_hand_msgs/lib/python3.10/site-packages'
[8.457s] Level 1:colcon.colcon_core.environment:checking '/home/duy/Documents/GitHub/Experiment/hrc_ws/install/human_hand_msgs/bin'
[8.459s] INFO:colcon.colcon_core.shell:Creating package script '/home/duy/Documents/GitHub/Experiment/hrc_ws/install/human_hand_msgs/share/human_hand_msgs/package.ps1'
[8.465s] INFO:colcon.colcon_core.shell:Creating package descriptor '/home/duy/Documents/GitHub/Experiment/hrc_ws/install/human_hand_msgs/share/human_hand_msgs/package.dsv'
[8.468s] INFO:colcon.colcon_core.shell:Creating package script '/home/duy/Documents/GitHub/Experiment/hrc_ws/install/human_hand_msgs/share/human_hand_msgs/package.sh'
[8.471s] INFO:colcon.colcon_core.shell:Creating package script '/home/duy/Documents/GitHub/Experiment/hrc_ws/install/human_hand_msgs/share/human_hand_msgs/package.bash'
[8.474s] INFO:colcon.colcon_core.shell:Creating package script '/home/duy/Documents/GitHub/Experiment/hrc_ws/install/human_hand_msgs/share/human_hand_msgs/package.zsh'
[8.477s] Level 1:colcon.colcon_core.environment:create_file_with_runtime_dependencies(/home/duy/Documents/GitHub/Experiment/hrc_ws/install/human_hand_msgs/share/colcon-core/packages/human_hand_msgs)
[8.479s] INFO:colcon.colcon_ros.task.ament_python.build:Building ROS package in '/home/duy/Documents/GitHub/Experiment/hrc_ws/src/experiment_logger' with build type 'ament_python'
[8.479s] Level 1:colcon.colcon_core.shell:create_environment_hook('experiment_logger', 'ament_prefix_path')
[8.480s] INFO:colcon.colcon_core.shell:Creating environment hook '/home/duy/Documents/GitHub/Experiment/hrc_ws/install/experiment_logger/share/experiment_logger/hook/ament_prefix_path.ps1'
[8.483s] INFO:colcon.colcon_core.shell:Creating environment descriptor '/home/duy/Documents/GitHub/Experiment/hrc_ws/install/experiment_logger/share/experiment_logger/hook/ament_prefix_path.dsv'
[8.484s] INFO:colcon.colcon_core.shell:Creating environment hook '/home/duy/Documents/GitHub/Experiment/hrc_ws/install/experiment_logger/share/experiment_logger/hook/ament_prefix_path.sh'
[8.486s] INFO:colcon.colcon_core.shell:Skip shell extension 'powershell' for command environment: Not usable outside of PowerShell
[8.487s] DEBUG:colcon.colcon_core.shell:Skip shell extension 'dsv' for command environment
[8.498s] INFO:colcon.colcon_ros.task.ament_python.build:Building ROS package in '/home/duy/Documents/GitHub/Experiment/hrc_ws/src/kinect_bridge' with build type 'ament_python'
[8.499s] Level 1:colcon.colcon_core.shell:create_environment_hook('kinect_bridge', 'ament_prefix_path')
[8.500s] INFO:colcon.colcon_core.shell:Creating environment hook '/home/duy/Documents/GitHub/Experiment/hrc_ws/install/kinect_bridge/share/kinect_bridge/hook/ament_prefix_path.ps1'
[8.502s] INFO:colcon.colcon_core.shell:Creating environment descriptor '/home/duy/Documents/GitHub/Experiment/hrc_ws/install/kinect_bridge/share/kinect_bridge/hook/ament_prefix_path.dsv'
[8.503s] INFO:colcon.colcon_core.shell:Creating environment hook '/home/duy/Documents/GitHub/Experiment/hrc_ws/install/kinect_bridge/share/kinect_bridge/hook/ament_prefix_path.sh'
[8.506s] INFO:colcon.colcon_core.shell:Skip shell extension 'powershell' for command environment: Not usable outside of PowerShell
[8.506s] DEBUG:colcon.colcon_core.shell:Skip shell extension 'dsv' for command environment
[8.519s] INFO:colcon.colcon_ros.task.ament_python.build:Building ROS package in '/home/duy/Documents/GitHub/Experiment/hrc_ws/src/predictor_ui' with build type 'ament_python'
[8.519s] Level 1:colcon.colcon_core.shell:create_environment_hook('predictor_ui', 'ament_prefix_path')
[8.521s] INFO:colcon.colcon_core.shell:Creating environment hook '/home/duy/Documents/GitHub/Experiment/hrc_ws/install/predictor_ui/share/predictor_ui/hook/ament_prefix_path.ps1'
[8.523s] INFO:colcon.colcon_core.shell:Creating environment descriptor '/home/duy/Documents/GitHub/Experiment/hrc_ws/install/predictor_ui/share/predictor_ui/hook/ament_prefix_path.dsv'
[8.524s] INFO:colcon.colcon_core.shell:Creating environment hook '/home/duy/Documents/GitHub/Experiment/hrc_ws/install/predictor_ui/share/predictor_ui/hook/ament_prefix_path.sh'
[8.527s] INFO:colcon.colcon_core.shell:Skip shell extension 'powershell' for command environment: Not usable outside of PowerShell
[8.527s] DEBUG:colcon.colcon_core.shell:Skip shell extension 'dsv' for command environment
[8.539s] INFO:colcon.colcon_ros.task.ament_python.build:Building ROS package in '/home/duy/Documents/GitHub/Experiment/hrc_ws/src/trajectory_predictor' with build type 'ament_python'
[8.540s] Level 1:colcon.colcon_core.shell:create_environment_hook('trajectory_predictor', 'ament_prefix_path')
[8.541s] INFO:colcon.colcon_core.shell:Creating environment hook '/home/duy/Documents/GitHub/Experiment/hrc_ws/install/trajectory_predictor/share/trajectory_predictor/hook/ament_prefix_path.ps1'
[8.543s] INFO:colcon.colcon_core.shell:Creating environment descriptor '/home/duy/Documents/GitHub/Experiment/hrc_ws/install/trajectory_predictor/share/trajectory_predictor/hook/ament_prefix_path.dsv'
[8.545s] INFO:colcon.colcon_core.shell:Creating environment hook '/home/duy/Documents/GitHub/Experiment/hrc_ws/install/trajectory_predictor/share/trajectory_predictor/hook/ament_prefix_path.sh'
[8.547s] INFO:colcon.colcon_core.shell:Skip shell extension 'powershell' for command environment: Not usable outside of PowerShell
[8.547s] DEBUG:colcon.colcon_core.shell:Skip shell extension 'dsv' for command environment
[9.562s] INFO:colcon.colcon_core.task.python.build:Building Python package in '/home/duy/Documents/GitHub/Experiment/hrc_ws/src/experiment_logger'
[9.563s] INFO:colcon.colcon_core.shell:Skip shell extension 'powershell' for command environment: Not usable outside of PowerShell
[9.563s] DEBUG:colcon.colcon_core.shell:Skip shell extension 'dsv' for command environment
[10.614s] INFO:colcon.colcon_core.task.python.build:Building Python package in '/home/duy/Documents/GitHub/Experiment/hrc_ws/src/kinect_bridge'
[10.615s] INFO:colcon.colcon_core.shell:Skip shell extension 'powershell' for command environment: Not usable outside of PowerShell
[10.616s] DEBUG:colcon.colcon_core.shell:Skip shell extension 'dsv' for command environment
[11.630s] INFO:colcon.colcon_core.task.python.build:Building Python package in '/home/duy/Documents/GitHub/Experiment/hrc_ws/src/predictor_ui'
[11.631s] INFO:colcon.colcon_core.shell:Skip shell extension 'powershell' for command environment: Not usable outside of PowerShell
[11.631s] DEBUG:colcon.colcon_core.shell:Skip shell extension 'dsv' for command environment
[12.657s] INFO:colcon.colcon_core.task.python.build:Building Python package in '/home/duy/Documents/GitHub/Experiment/hrc_ws/src/trajectory_predictor'
[12.658s] INFO:colcon.colcon_core.shell:Skip shell extension 'powershell' for command environment: Not usable outside of PowerShell
[12.659s] DEBUG:colcon.colcon_core.shell:Skip shell extension 'dsv' for command environment
[13.993s] DEBUG:colcon.colcon_core.event_handler.log_command:Invoking command in '/home/duy/Documents/GitHub/Experiment/hrc_ws/build/kinect_bridge': CMAKE_PREFIX_PATH=/home/duy/Documents/GitHub/Experiment/hrc_ws/install/human_hand_msgs:/home/duy/Documents/GitHub/Experiment/hrc_ws/install/hrc_bringup PYTHONPATH=/home/duy/Documents/GitHub/Experiment/hrc_ws/build/kinect_bridge/prefix_override:/usr/lib/python3/dist-packages/colcon_core/task/python/colcon_distutils_commands:/home/duy/Documents/GitHub/Experiment/hrc_ws/install/kinect_bridge/lib/python3.10/site-packages:/home/duy/Documents/GitHub/Experiment/hrc_ws/install/human_hand_msgs/local/lib/python3.10/dist-packages:/home/duy/Documents/GitHub/Experiment/hrc_ws/build/kinect_bridge:/home/duy/Documents/GitHub/Experiment/hrc_ws/install/trajectory_predictor/lib/python3.10/site-packages:/home/duy/Documents/GitHub/Experiment/hrc_ws/install/predictor_ui/lib/python3.10/site-packages:/home/duy/Documents/GitHub/Experiment/hrc_ws/install/kinect_bridge/lib/python3.10/site-packages:/home/duy/Documents/GitHub/Experiment/hrc_ws/install/experiment_logger/lib/python3.10/site-packages:/opt/ros/humble/lib/python3.10/site-packages:/opt/ros/humble/local/lib/python3.10/dist-packages /usr/bin/python3 -W ignore:setup.py install is deprecated -W ignore:easy_install command is deprecated setup.py develop --editable --build-directory /home/duy/Documents/GitHub/Experiment/hrc_ws/build/kinect_bridge/build --no-deps symlink_data
[14.000s] DEBUG:colcon.colcon_core.task.python.build:While undoing a previous installation files outside the Python library path are being ignored: /home/duy/Documents/GitHub/Experiment/hrc_ws/install/experiment_logger/share/ament_index/resource_index/packages/experiment_logger
[14.000s] DEBUG:colcon.colcon_core.task.python.build:While undoing a previous installation files outside the Python library path are being ignored: /home/duy/Documents/GitHub/Experiment/hrc_ws/install/experiment_logger/share/experiment_logger/package.xml
[14.001s] DEBUG:colcon.colcon_core.task.python.build:While undoing a previous installation files outside the Python library path are being ignored: /home/duy/Documents/GitHub/Experiment/hrc_ws/install/experiment_logger/lib/experiment_logger/logger_node
[14.013s] DEBUG:colcon.colcon_core.event_handler.log_command:Invoking command in '/home/duy/Documents/GitHub/Experiment/hrc_ws/build/experiment_logger': CMAKE_PREFIX_PATH=/home/duy/Documents/GitHub/Experiment/hrc_ws/install/human_hand_msgs:/home/duy/Documents/GitHub/Experiment/hrc_ws/install/hrc_bringup PYTHONPATH=/home/duy/Documents/GitHub/Experiment/hrc_ws/build/experiment_logger/prefix_override:/usr/lib/python3/dist-packages/colcon_core/task/python/colcon_distutils_commands:/home/duy/Documents/GitHub/Experiment/hrc_ws/install/experiment_logger/lib/python3.10/site-packages:/home/duy/Documents/GitHub/Experiment/hrc_ws/install/human_hand_msgs/local/lib/python3.10/dist-packages:/home/duy/Documents/GitHub/Experiment/hrc_ws/build/kinect_bridge:/home/duy/Documents/GitHub/Experiment/hrc_ws/install/trajectory_predictor/lib/python3.10/site-packages:/home/duy/Documents/GitHub/Experiment/hrc_ws/install/predictor_ui/lib/python3.10/site-packages:/home/duy/Documents/GitHub/Experiment/hrc_ws/install/kinect_bridge/lib/python3.10/site-packages:/home/duy/Documents/GitHub/Experiment/hrc_ws/install/experiment_logger/lib/python3.10/site-packages:/opt/ros/humble/lib/python3.10/site-packages:/opt/ros/humble/local/lib/python3.10/dist-packages /usr/bin/python3 -W ignore:setup.py install is deprecated -W ignore:easy_install command is deprecated setup.py develop --editable --build-directory /home/duy/Documents/GitHub/Experiment/hrc_ws/build/experiment_logger/build --no-deps symlink_data --force
[14.026s] DEBUG:colcon.colcon_core.task.python.build:While undoing a previous installation files outside the Python library path are being ignored: /home/duy/Documents/GitHub/Experiment/hrc_ws/install/trajectory_predictor/share/ament_index/resource_index/packages/trajectory_predictor
[14.027s] DEBUG:colcon.colcon_core.task.python.build:While undoing a previous installation files outside the Python library path are being ignored: /home/duy/Documents/GitHub/Experiment/hrc_ws/install/trajectory_predictor/share/trajectory_predictor/package.xml
[14.027s] DEBUG:colcon.colcon_core.task.python.build:While undoing a previous installation files outside the Python library path are being ignored: /home/duy/Documents/GitHub/Experiment/hrc_ws/install/trajectory_predictor/share/trajectory_predictor/config/predictor_params.yaml
[14.028s] DEBUG:colcon.colcon_core.task.python.build:While undoing a previous installation files outside the Python library path are being ignored: /home/duy/Documents/GitHub/Experiment/hrc_ws/install/trajectory_predictor/lib/trajectory_predictor/predictor_node
[14.038s] DEBUG:colcon.colcon_core.event_handler.log_command:Invoking command in '/home/duy/Documents/GitHub/Experiment/hrc_ws/build/trajectory_predictor': CMAKE_PREFIX_PATH=/home/duy/Documents/GitHub/Experiment/hrc_ws/install/human_hand_msgs:/home/duy/Documents/GitHub/Experiment/hrc_ws/install/hrc_bringup PYTHONPATH=/home/duy/Documents/GitHub/Experiment/hrc_ws/build/trajectory_predictor/prefix_override:/usr/lib/python3/dist-packages/colcon_core/task/python/colcon_distutils_commands:/home/duy/Documents/GitHub/Experiment/hrc_ws/install/trajectory_predictor/lib/python3.10/site-packages:/home/duy/Documents/GitHub/Experiment/hrc_ws/install/human_hand_msgs/local/lib/python3.10/dist-packages:/home/duy/Documents/GitHub/Experiment/hrc_ws/build/kinect_bridge:/home/duy/Documents/GitHub/Experiment/hrc_ws/install/trajectory_predictor/lib/python3.10/site-packages:/home/duy/Documents/GitHub/Experiment/hrc_ws/install/predictor_ui/lib/python3.10/site-packages:/home/duy/Documents/GitHub/Experiment/hrc_ws/install/kinect_bridge/lib/python3.10/site-packages:/home/duy/Documents/GitHub/Experiment/hrc_ws/install/experiment_logger/lib/python3.10/site-packages:/opt/ros/humble/lib/python3.10/site-packages:/opt/ros/humble/local/lib/python3.10/dist-packages /usr/bin/python3 -W ignore:setup.py install is deprecated -W ignore:easy_install command is deprecated setup.py develop --editable --build-directory /home/duy/Documents/GitHub/Experiment/hrc_ws/build/trajectory_predictor/build --no-deps symlink_data --force
[14.038s] DEBUG:colcon.colcon_core.task.python.build:While undoing a previous installation files outside the Python library path are being ignored: /home/duy/Documents/GitHub/Experiment/hrc_ws/install/predictor_ui/share/ament_index/resource_index/packages/predictor_ui
[14.039s] DEBUG:colcon.colcon_core.task.python.build:While undoing a previous installation files outside the Python library path are being ignored: /home/duy/Documents/GitHub/Experiment/hrc_ws/install/predictor_ui/share/predictor_ui/package.xml
[14.040s] DEBUG:colcon.colcon_core.task.python.build:While undoing a previous installation files outside the Python library path are being ignored: /home/duy/Documents/GitHub/Experiment/hrc_ws/install/predictor_ui/lib/predictor_ui/ui_node
[14.051s] DEBUG:colcon.colcon_core.event_handler.log_command:Invoking command in '/home/duy/Documents/GitHub/Experiment/hrc_ws/build/predictor_ui': CMAKE_PREFIX_PATH=/home/duy/Documents/GitHub/Experiment/hrc_ws/install/human_hand_msgs:/home/duy/Documents/GitHub/Experiment/hrc_ws/install/hrc_bringup PYTHONPATH=/home/duy/Documents/GitHub/Experiment/hrc_ws/build/predictor_ui/prefix_override:/usr/lib/python3/dist-packages/colcon_core/task/python/colcon_distutils_commands:/home/duy/Documents/GitHub/Experiment/hrc_ws/install/predictor_ui/lib/python3.10/site-packages:/home/duy/Documents/GitHub/Experiment/hrc_ws/install/human_hand_msgs/local/lib/python3.10/dist-packages:/home/duy/Documents/GitHub/Experiment/hrc_ws/build/kinect_bridge:/home/duy/Documents/GitHub/Experiment/hrc_ws/install/trajectory_predictor/lib/python3.10/site-packages:/home/duy/Documents/GitHub/Experiment/hrc_ws/install/predictor_ui/lib/python3.10/site-packages:/home/duy/Documents/GitHub/Experiment/hrc_ws/install/kinect_bridge/lib/python3.10/site-packages:/home/duy/Documents/GitHub/Experiment/hrc_ws/install/experiment_logger/lib/python3.10/site-packages:/opt/ros/humble/lib/python3.10/site-packages:/opt/ros/humble/local/lib/python3.10/dist-packages /usr/bin/python3 -W ignore:setup.py install is deprecated -W ignore:easy_install command is deprecated setup.py develop --editable --build-directory /home/duy/Documents/GitHub/Experiment/hrc_ws/build/predictor_ui/build --no-deps symlink_data --force
[16.662s] Level 1:colcon.colcon_core.shell:create_environment_hook('kinect_bridge', 'pythonpath_develop')
[16.663s] INFO:colcon.colcon_core.shell:Creating environment hook '/home/duy/Documents/GitHub/Experiment/hrc_ws/build/kinect_bridge/share/kinect_bridge/hook/pythonpath_develop.ps1'
[16.665s] DEBUG:colcon.colcon_core.event_handler.log_command:Invoked command in '/home/duy/Documents/GitHub/Experiment/hrc_ws/build/kinect_bridge' returned '0': CMAKE_PREFIX_PATH=/home/duy/Documents/GitHub/Experiment/hrc_ws/install/human_hand_msgs:/home/duy/Documents/GitHub/Experiment/hrc_ws/install/hrc_bringup PYTHONPATH=/home/duy/Documents/GitHub/Experiment/hrc_ws/build/kinect_bridge/prefix_override:/usr/lib/python3/dist-packages/colcon_core/task/python/colcon_distutils_commands:/home/duy/Documents/GitHub/Experiment/hrc_ws/install/kinect_bridge/lib/python3.10/site-packages:/home/duy/Documents/GitHub/Experiment/hrc_ws/install/human_hand_msgs/local/lib/python3.10/dist-packages:/home/duy/Documents/GitHub/Experiment/hrc_ws/build/kinect_bridge:/home/duy/Documents/GitHub/Experiment/hrc_ws/install/trajectory_predictor/lib/python3.10/site-packages:/home/duy/Documents/GitHub/Experiment/hrc_ws/install/predictor_ui/lib/python3.10/site-packages:/home/duy/Documents/GitHub/Experiment/hrc_ws/install/kinect_bridge/lib/python3.10/site-packages:/home/duy/Documents/GitHub/Experiment/hrc_ws/install/experiment_logger/lib/python3.10/site-packages:/opt/ros/humble/lib/python3.10/site-packages:/opt/ros/humble/local/lib/python3.10/dist-packages /usr/bin/python3 -W ignore:setup.py install is deprecated -W ignore:easy_install command is deprecated setup.py develop --editable --build-directory /home/duy/Documents/GitHub/Experiment/hrc_ws/build/kinect_bridge/build --no-deps symlink_data
[16.670s] INFO:colcon.colcon_core.shell:Creating environment descriptor '/home/duy/Documents/GitHub/Experiment/hrc_ws/build/kinect_bridge/share/kinect_bridge/hook/pythonpath_develop.dsv'
[16.673s] INFO:colcon.colcon_core.shell:Creating environment hook '/home/duy/Documents/GitHub/Experiment/hrc_ws/build/kinect_bridge/share/kinect_bridge/hook/pythonpath_develop.sh'
[16.679s] Level 1:colcon.colcon_core.environment:checking '/home/duy/Documents/GitHub/Experiment/hrc_ws/install/kinect_bridge' for CMake module files
[16.684s] Level 1:colcon.colcon_core.environment:checking '/home/duy/Documents/GitHub/Experiment/hrc_ws/install/kinect_bridge' for CMake config files
[16.691s] Level 1:colcon.colcon_core.environment:checking '/home/duy/Documents/GitHub/Experiment/hrc_ws/install/kinect_bridge/lib'
[16.691s] Level 1:colcon.colcon_core.environment:checking '/home/duy/Documents/GitHub/Experiment/hrc_ws/install/kinect_bridge/bin'
[16.692s] Level 1:colcon.colcon_core.environment:checking '/home/duy/Documents/GitHub/Experiment/hrc_ws/install/kinect_bridge/lib/pkgconfig/kinect_bridge.pc'
[16.693s] Level 1:colcon.colcon_core.environment:checking '/home/duy/Documents/GitHub/Experiment/hrc_ws/install/kinect_bridge/lib/python3.10/site-packages'
[16.696s] Level 1:colcon.colcon_core.shell:create_environment_hook('kinect_bridge', 'pythonpath')
[16.697s] INFO:colcon.colcon_core.shell:Creating environment hook '/home/duy/Documents/GitHub/Experiment/hrc_ws/install/kinect_bridge/share/kinect_bridge/hook/pythonpath.ps1'
[16.701s] INFO:colcon.colcon_core.shell:Creating environment descriptor '/home/duy/Documents/GitHub/Experiment/hrc_ws/install/kinect_bridge/share/kinect_bridge/hook/pythonpath.dsv'
[16.703s] INFO:colcon.colcon_core.shell:Creating environment hook '/home/duy/Documents/GitHub/Experiment/hrc_ws/install/kinect_bridge/share/kinect_bridge/hook/pythonpath.sh'
[16.708s] Level 1:colcon.colcon_core.environment:checking '/home/duy/Documents/GitHub/Experiment/hrc_ws/install/kinect_bridge/bin'
[16.710s] Level 1:colcon.colcon_core.environment:create_environment_scripts_only(kinect_bridge)
[16.712s] INFO:colcon.colcon_core.shell:Creating package script '/home/duy/Documents/GitHub/Experiment/hrc_ws/install/kinect_bridge/share/kinect_bridge/package.ps1'
[16.721s] INFO:colcon.colcon_core.shell:Creating package descriptor '/home/duy/Documents/GitHub/Experiment/hrc_ws/install/kinect_bridge/share/kinect_bridge/package.dsv'
[16.725s] INFO:colcon.colcon_core.shell:Creating package script '/home/duy/Documents/GitHub/Experiment/hrc_ws/install/kinect_bridge/share/kinect_bridge/package.sh'
[16.728s] INFO:colcon.colcon_core.shell:Creating package script '/home/duy/Documents/GitHub/Experiment/hrc_ws/install/kinect_bridge/share/kinect_bridge/package.bash'
[16.731s] INFO:colcon.colcon_core.shell:Creating package script '/home/duy/Documents/GitHub/Experiment/hrc_ws/install/kinect_bridge/share/kinect_bridge/package.zsh'
[16.733s] Level 1:colcon.colcon_core.environment:create_file_with_runtime_dependencies(/home/duy/Documents/GitHub/Experiment/hrc_ws/install/kinect_bridge/share/colcon-core/packages/kinect_bridge)
[16.741s] Level 1:colcon.colcon_core.shell:create_environment_hook('experiment_logger', 'pythonpath_develop')
[16.743s] INFO:colcon.colcon_core.shell:Creating environment hook '/home/duy/Documents/GitHub/Experiment/hrc_ws/build/experiment_logger/share/experiment_logger/hook/pythonpath_develop.ps1'
[16.747s] INFO:colcon.colcon_core.shell:Creating environment descriptor '/home/duy/Documents/GitHub/Experiment/hrc_ws/build/experiment_logger/share/experiment_logger/hook/pythonpath_develop.dsv'
[16.744s] DEBUG:colcon.colcon_core.event_handler.log_command:Invoked command in '/home/duy/Documents/GitHub/Experiment/hrc_ws/build/experiment_logger' returned '0': CMAKE_PREFIX_PATH=/home/duy/Documents/GitHub/Experiment/hrc_ws/install/human_hand_msgs:/home/duy/Documents/GitHub/Experiment/hrc_ws/install/hrc_bringup PYTHONPATH=/home/duy/Documents/GitHub/Experiment/hrc_ws/build/experiment_logger/prefix_override:/usr/lib/python3/dist-packages/colcon_core/task/python/colcon_distutils_commands:/home/duy/Documents/GitHub/Experiment/hrc_ws/install/experiment_logger/lib/python3.10/site-packages:/home/duy/Documents/GitHub/Experiment/hrc_ws/install/human_hand_msgs/local/lib/python3.10/dist-packages:/home/duy/Documents/GitHub/Experiment/hrc_ws/build/kinect_bridge:/home/duy/Documents/GitHub/Experiment/hrc_ws/install/trajectory_predictor/lib/python3.10/site-packages:/home/duy/Documents/GitHub/Experiment/hrc_ws/install/predictor_ui/lib/python3.10/site-packages:/home/duy/Documents/GitHub/Experiment/hrc_ws/install/kinect_bridge/lib/python3.10/site-packages:/home/duy/Documents/GitHub/Experiment/hrc_ws/install/experiment_logger/lib/python3.10/site-packages:/opt/ros/humble/lib/python3.10/site-packages:/opt/ros/humble/local/lib/python3.10/dist-packages /usr/bin/python3 -W ignore:setup.py install is deprecated -W ignore:easy_install command is deprecated setup.py develop --editable --build-directory /home/duy/Documents/GitHub/Experiment/hrc_ws/build/experiment_logger/build --no-deps symlink_data --force
[16.750s] INFO:colcon.colcon_core.shell:Creating environment hook '/home/duy/Documents/GitHub/Experiment/hrc_ws/build/experiment_logger/share/experiment_logger/hook/pythonpath_develop.sh'
[16.753s] Level 1:colcon.colcon_core.environment:checking '/home/duy/Documents/GitHub/Experiment/hrc_ws/install/experiment_logger' for CMake module files
[16.759s] Level 1:colcon.colcon_core.environment:checking '/home/duy/Documents/GitHub/Experiment/hrc_ws/install/experiment_logger' for CMake config files
[16.762s] Level 1:colcon.colcon_core.environment:checking '/home/duy/Documents/GitHub/Experiment/hrc_ws/install/experiment_logger/lib'
[16.763s] Level 1:colcon.colcon_core.environment:checking '/home/duy/Documents/GitHub/Experiment/hrc_ws/install/experiment_logger/bin'
[16.763s] Level 1:colcon.colcon_core.environment:checking '/home/duy/Documents/GitHub/Experiment/hrc_ws/install/experiment_logger/lib/pkgconfig/experiment_logger.pc'
[16.768s] Level 1:colcon.colcon_core.environment:checking '/home/duy/Documents/GitHub/Experiment/hrc_ws/install/experiment_logger/lib/python3.10/site-packages'
[16.768s] Level 1:colcon.colcon_core.shell:create_environment_hook('experiment_logger', 'pythonpath')
[16.770s] INFO:colcon.colcon_core.shell:Creating environment hook '/home/duy/Documents/GitHub/Experiment/hrc_ws/install/experiment_logger/share/experiment_logger/hook/pythonpath.ps1'
[16.772s] INFO:colcon.colcon_core.shell:Creating environment descriptor '/home/duy/Documents/GitHub/Experiment/hrc_ws/install/experiment_logger/share/experiment_logger/hook/pythonpath.dsv'
[16.777s] INFO:colcon.colcon_core.shell:Creating environment hook '/home/duy/Documents/GitHub/Experiment/hrc_ws/install/experiment_logger/share/experiment_logger/hook/pythonpath.sh'
[16.786s] Level 1:colcon.colcon_core.environment:checking '/home/duy/Documents/GitHub/Experiment/hrc_ws/install/experiment_logger/bin'
[16.787s] Level 1:colcon.colcon_core.environment:create_environment_scripts_only(experiment_logger)
[16.791s] INFO:colcon.colcon_core.shell:Creating package script '/home/duy/Documents/GitHub/Experiment/hrc_ws/install/experiment_logger/share/experiment_logger/package.ps1'
[16.799s] INFO:colcon.colcon_core.shell:Creating package descriptor '/home/duy/Documents/GitHub/Experiment/hrc_ws/install/experiment_logger/share/experiment_logger/package.dsv'
[16.805s] INFO:colcon.colcon_core.shell:Creating package script '/home/duy/Documents/GitHub/Experiment/hrc_ws/install/experiment_logger/share/experiment_logger/package.sh'
[16.808s] INFO:colcon.colcon_core.shell:Creating package script '/home/duy/Documents/GitHub/Experiment/hrc_ws/install/experiment_logger/share/experiment_logger/package.bash'
[16.811s] INFO:colcon.colcon_core.shell:Creating package script '/home/duy/Documents/GitHub/Experiment/hrc_ws/install/experiment_logger/share/experiment_logger/package.zsh'
[16.813s] Level 1:colcon.colcon_core.environment:create_file_with_runtime_dependencies(/home/duy/Documents/GitHub/Experiment/hrc_ws/install/experiment_logger/share/colcon-core/packages/experiment_logger)
[16.823s] Level 1:colcon.colcon_core.shell:create_environment_hook('predictor_ui', 'pythonpath_develop')
[16.825s] INFO:colcon.colcon_core.shell:Creating environment hook '/home/duy/Documents/GitHub/Experiment/hrc_ws/build/predictor_ui/share/predictor_ui/hook/pythonpath_develop.ps1'
[16.827s] DEBUG:colcon.colcon_core.event_handler.log_command:Invoked command in '/home/duy/Documents/GitHub/Experiment/hrc_ws/build/predictor_ui' returned '0': CMAKE_PREFIX_PATH=/home/duy/Documents/GitHub/Experiment/hrc_ws/install/human_hand_msgs:/home/duy/Documents/GitHub/Experiment/hrc_ws/install/hrc_bringup PYTHONPATH=/home/duy/Documents/GitHub/Experiment/hrc_ws/build/predictor_ui/prefix_override:/usr/lib/python3/dist-packages/colcon_core/task/python/colcon_distutils_commands:/home/duy/Documents/GitHub/Experiment/hrc_ws/install/predictor_ui/lib/python3.10/site-packages:/home/duy/Documents/GitHub/Experiment/hrc_ws/install/human_hand_msgs/local/lib/python3.10/dist-packages:/home/duy/Documents/GitHub/Experiment/hrc_ws/build/kinect_bridge:/home/duy/Documents/GitHub/Experiment/hrc_ws/install/trajectory_predictor/lib/python3.10/site-packages:/home/duy/Documents/GitHub/Experiment/hrc_ws/install/predictor_ui/lib/python3.10/site-packages:/home/duy/Documents/GitHub/Experiment/hrc_ws/install/kinect_bridge/lib/python3.10/site-packages:/home/duy/Documents/GitHub/Experiment/hrc_ws/install/experiment_logger/lib/python3.10/site-packages:/opt/ros/humble/lib/python3.10/site-packages:/opt/ros/humble/local/lib/python3.10/dist-packages /usr/bin/python3 -W ignore:setup.py install is deprecated -W ignore:easy_install command is deprecated setup.py develop --editable --build-directory /home/duy/Documents/GitHub/Experiment/hrc_ws/build/predictor_ui/build --no-deps symlink_data --force
[16.830s] INFO:colcon.colcon_core.shell:Creating environment descriptor '/home/duy/Documents/GitHub/Experiment/hrc_ws/build/predictor_ui/share/predictor_ui/hook/pythonpath_develop.dsv'
[16.832s] INFO:colcon.colcon_core.shell:Creating environment hook '/home/duy/Documents/GitHub/Experiment/hrc_ws/build/predictor_ui/share/predictor_ui/hook/pythonpath_develop.sh'
[16.836s] Level 1:colcon.colcon_core.environment:checking '/home/duy/Documents/GitHub/Experiment/hrc_ws/install/predictor_ui' for CMake module files
[16.840s] Level 1:colcon.colcon_core.environment:checking '/home/duy/Documents/GitHub/Experiment/hrc_ws/install/predictor_ui' for CMake config files
[16.842s] Level 1:colcon.colcon_core.environment:checking '/home/duy/Documents/GitHub/Experiment/hrc_ws/install/predictor_ui/lib'
[16.843s] Level 1:colcon.colcon_core.environment:checking '/home/duy/Documents/GitHub/Experiment/hrc_ws/install/predictor_ui/bin'
[16.843s] Level 1:colcon.colcon_core.environment:checking '/home/duy/Documents/GitHub/Experiment/hrc_ws/install/predictor_ui/lib/pkgconfig/predictor_ui.pc'
[16.848s] Level 1:colcon.colcon_core.environment:checking '/home/duy/Documents/GitHub/Experiment/hrc_ws/install/predictor_ui/lib/python3.10/site-packages'
[16.848s] Level 1:colcon.colcon_core.shell:create_environment_hook('predictor_ui', 'pythonpath')
[16.850s] INFO:colcon.colcon_core.shell:Creating environment hook '/home/duy/Documents/GitHub/Experiment/hrc_ws/install/predictor_ui/share/predictor_ui/hook/pythonpath.ps1'
[16.853s] INFO:colcon.colcon_core.shell:Creating environment descriptor '/home/duy/Documents/GitHub/Experiment/hrc_ws/install/predictor_ui/share/predictor_ui/hook/pythonpath.dsv'
[16.855s] INFO:colcon.colcon_core.shell:Creating environment hook '/home/duy/Documents/GitHub/Experiment/hrc_ws/install/predictor_ui/share/predictor_ui/hook/pythonpath.sh'
[16.859s] Level 1:colcon.colcon_core.environment:checking '/home/duy/Documents/GitHub/Experiment/hrc_ws/install/predictor_ui/bin'
[16.860s] Level 1:colcon.colcon_core.environment:create_environment_scripts_only(predictor_ui)
[16.862s] INFO:colcon.colcon_core.shell:Creating package script '/home/duy/Documents/GitHub/Experiment/hrc_ws/install/predictor_ui/share/predictor_ui/package.ps1'
[16.867s] INFO:colcon.colcon_core.shell:Creating package descriptor '/home/duy/Documents/GitHub/Experiment/hrc_ws/install/predictor_ui/share/predictor_ui/package.dsv'
[16.870s] INFO:colcon.colcon_core.shell:Creating package script '/home/duy/Documents/GitHub/Experiment/hrc_ws/install/predictor_ui/share/predictor_ui/package.sh'
[16.873s] INFO:colcon.colcon_core.shell:Creating package script '/home/duy/Documents/GitHub/Experiment/hrc_ws/install/predictor_ui/share/predictor_ui/package.bash'
[16.877s] INFO:colcon.colcon_core.shell:Creating package script '/home/duy/Documents/GitHub/Experiment/hrc_ws/install/predictor_ui/share/predictor_ui/package.zsh'
[16.879s] Level 1:colcon.colcon_core.environment:create_file_with_runtime_dependencies(/home/duy/Documents/GitHub/Experiment/hrc_ws/install/predictor_ui/share/colcon-core/packages/predictor_ui)
[16.884s] Level 1:colcon.colcon_core.shell:create_environment_hook('trajectory_predictor', 'pythonpath_develop')
[16.886s] INFO:colcon.colcon_core.shell:Creating environment hook '/home/duy/Documents/GitHub/Experiment/hrc_ws/build/trajectory_predictor/share/trajectory_predictor/hook/pythonpath_develop.ps1'
[16.890s] DEBUG:colcon.colcon_core.event_handler.log_command:Invoked command in '/home/duy/Documents/GitHub/Experiment/hrc_ws/build/trajectory_predictor' returned '0': CMAKE_PREFIX_PATH=/home/duy/Documents/GitHub/Experiment/hrc_ws/install/human_hand_msgs:/home/duy/Documents/GitHub/Experiment/hrc_ws/install/hrc_bringup PYTHONPATH=/home/duy/Documents/GitHub/Experiment/hrc_ws/build/trajectory_predictor/prefix_override:/usr/lib/python3/dist-packages/colcon_core/task/python/colcon_distutils_commands:/home/duy/Documents/GitHub/Experiment/hrc_ws/install/trajectory_predictor/lib/python3.10/site-packages:/home/duy/Documents/GitHub/Experiment/hrc_ws/install/human_hand_msgs/local/lib/python3.10/dist-packages:/home/duy/Documents/GitHub/Experiment/hrc_ws/build/kinect_bridge:/home/duy/Documents/GitHub/Experiment/hrc_ws/install/trajectory_predictor/lib/python3.10/site-packages:/home/duy/Documents/GitHub/Experiment/hrc_ws/install/predictor_ui/lib/python3.10/site-packages:/home/duy/Documents/GitHub/Experiment/hrc_ws/install/kinect_bridge/lib/python3.10/site-packages:/home/duy/Documents/GitHub/Experiment/hrc_ws/install/experiment_logger/lib/python3.10/site-packages:/opt/ros/humble/lib/python3.10/site-packages:/opt/ros/humble/local/lib/python3.10/dist-packages /usr/bin/python3 -W ignore:setup.py install is deprecated -W ignore:easy_install command is deprecated setup.py develop --editable --build-directory /home/duy/Documents/GitHub/Experiment/hrc_ws/build/trajectory_predictor/build --no-deps symlink_data --force
[16.893s] INFO:colcon.colcon_core.shell:Creating environment descriptor '/home/duy/Documents/GitHub/Experiment/hrc_ws/build/trajectory_predictor/share/trajectory_predictor/hook/pythonpath_develop.dsv'
[16.895s] INFO:colcon.colcon_core.shell:Creating environment hook '/home/duy/Documents/GitHub/Experiment/hrc_ws/build/trajectory_predictor/share/trajectory_predictor/hook/pythonpath_develop.sh'
[16.898s] Level 1:colcon.colcon_core.environment:checking '/home/duy/Documents/GitHub/Experiment/hrc_ws/install/trajectory_predictor' for CMake module files
[16.901s] Level 1:colcon.colcon_core.environment:checking '/home/duy/Documents/GitHub/Experiment/hrc_ws/install/trajectory_predictor' for CMake config files
[16.903s] Level 1:colcon.colcon_core.environment:checking '/home/duy/Documents/GitHub/Experiment/hrc_ws/install/trajectory_predictor/lib'
[16.904s] Level 1:colcon.colcon_core.environment:checking '/home/duy/Documents/GitHub/Experiment/hrc_ws/install/trajectory_predictor/bin'
[16.904s] Level 1:colcon.colcon_core.environment:checking '/home/duy/Documents/GitHub/Experiment/hrc_ws/install/trajectory_predictor/lib/pkgconfig/trajectory_predictor.pc'
[16.906s] Level 1:colcon.colcon_core.environment:checking '/home/duy/Documents/GitHub/Experiment/hrc_ws/install/trajectory_predictor/lib/python3.10/site-packages'
[16.906s] Level 1:colcon.colcon_core.shell:create_environment_hook('trajectory_predictor', 'pythonpath')
[16.908s] INFO:colcon.colcon_core.shell:Creating environment hook '/home/duy/Documents/GitHub/Experiment/hrc_ws/install/trajectory_predictor/share/trajectory_predictor/hook/pythonpath.ps1'
[16.910s] INFO:colcon.colcon_core.shell:Creating environment descriptor '/home/duy/Documents/GitHub/Experiment/hrc_ws/install/trajectory_predictor/share/trajectory_predictor/hook/pythonpath.dsv'
[16.912s] INFO:colcon.colcon_core.shell:Creating environment hook '/home/duy/Documents/GitHub/Experiment/hrc_ws/install/trajectory_predictor/share/trajectory_predictor/hook/pythonpath.sh'
[16.917s] Level 1:colcon.colcon_core.environment:checking '/home/duy/Documents/GitHub/Experiment/hrc_ws/install/trajectory_predictor/bin'
[16.917s] Level 1:colcon.colcon_core.environment:create_environment_scripts_only(trajectory_predictor)
[16.920s] INFO:colcon.colcon_core.shell:Creating package script '/home/duy/Documents/GitHub/Experiment/hrc_ws/install/trajectory_predictor/share/trajectory_predictor/package.ps1'
[16.924s] INFO:colcon.colcon_core.shell:Creating package descriptor '/home/duy/Documents/GitHub/Experiment/hrc_ws/install/trajectory_predictor/share/trajectory_predictor/package.dsv'
[16.927s] INFO:colcon.colcon_core.shell:Creating package script '/home/duy/Documents/GitHub/Experiment/hrc_ws/install/trajectory_predictor/share/trajectory_predictor/package.sh'
[16.930s] INFO:colcon.colcon_core.shell:Creating package script '/home/duy/Documents/GitHub/Experiment/hrc_ws/install/trajectory_predictor/share/trajectory_predictor/package.bash'
[16.932s] INFO:colcon.colcon_core.shell:Creating package script '/home/duy/Documents/GitHub/Experiment/hrc_ws/install/trajectory_predictor/share/trajectory_predictor/package.zsh'
[16.934s] Level 1:colcon.colcon_core.environment:create_file_with_runtime_dependencies(/home/duy/Documents/GitHub/Experiment/hrc_ws/install/trajectory_predictor/share/colcon-core/packages/trajectory_predictor)
[16.936s] INFO:colcon.colcon_ros.task.ament_cmake.build:Building ROS package in '/home/duy/Documents/GitHub/Experiment/hrc_ws/src/hrc_bringup' with build type 'ament_cmake'
[16.940s] INFO:colcon.colcon_cmake.task.cmake.build:Building CMake package in '/home/duy/Documents/GitHub/Experiment/hrc_ws/src/hrc_bringup'
[16.941s] INFO:colcon.colcon_core.shell:Skip shell extension 'powershell' for command environment: Not usable outside of PowerShell
[16.941s] DEBUG:colcon.colcon_core.shell:Skip shell extension 'dsv' for command environment
[17.014s] DEBUG:colcon.colcon_core.event_handler.log_command:Invoking command in '/home/duy/Documents/GitHub/Experiment/hrc_ws/build/hrc_bringup': AMENT_PREFIX_PATH=/home/duy/Documents/GitHub/Experiment/hrc_ws/install/trajectory_predictor:/home/duy/Documents/GitHub/Experiment/hrc_ws/install/predictor_ui:/home/duy/Documents/GitHub/Experiment/hrc_ws/install/kinect_bridge:/home/duy/Documents/GitHub/Experiment/hrc_ws/install/experiment_logger:/home/duy/Documents/GitHub/Experiment/hrc_ws/install/hrc_bringup:/opt/ros/humble CMAKE_PREFIX_PATH=/home/duy/Documents/GitHub/Experiment/hrc_ws/install/trajectory_predictor:/home/duy/Documents/GitHub/Experiment/hrc_ws/install/predictor_ui:/home/duy/Documents/GitHub/Experiment/hrc_ws/install/kinect_bridge:/home/duy/Documents/GitHub/Experiment/hrc_ws/install/experiment_logger:/opt/ros/humble:/home/duy/Documents/GitHub/Experiment/hrc_ws/install/human_hand_msgs:/home/duy/Documents/GitHub/Experiment/hrc_ws/install/hrc_bringup PYTHONPATH=/home/duy/Documents/GitHub/Experiment/hrc_ws/build/trajectory_predictor:/home/duy/Documents/GitHub/Experiment/hrc_ws/install/trajectory_predictor/lib/python3.10/site-packages:/home/duy/Documents/GitHub/Experiment/hrc_ws/build/predictor_ui:/home/duy/Documents/GitHub/Experiment/hrc_ws/install/predictor_ui/lib/python3.10/site-packages:/home/duy/Documents/GitHub/Experiment/hrc_ws/build/kinect_bridge:/home/duy/Documents/GitHub/Experiment/hrc_ws/install/kinect_bridge/lib/python3.10/site-packages:/home/duy/Documents/GitHub/Experiment/hrc_ws/build/experiment_logger:/home/duy/Documents/GitHub/Experiment/hrc_ws/install/experiment_logger/lib/python3.10/site-packages:/home/duy/Documents/GitHub/Experiment/hrc_ws/install/human_hand_msgs/local/lib/python3.10/dist-packages:/opt/ros/humble/lib/python3.10/site-packages:/opt/ros/humble/local/lib/python3.10/dist-packages /usr/bin/cmake /home/duy/Documents/GitHub/Experiment/hrc_ws/src/hrc_bringup -DAMENT_CMAKE_SYMLINK_INSTALL=1 -DCMAKE_INSTALL_PREFIX=/home/duy/Documents/GitHub/Experiment/hrc_ws/install/hrc_bringup
[18.223s] DEBUG:colcon.colcon_core.event_handler.log_command:Invoked command in '/home/duy/Documents/GitHub/Experiment/hrc_ws/build/hrc_bringup' returned '0': AMENT_PREFIX_PATH=/home/duy/Documents/GitHub/Experiment/hrc_ws/install/trajectory_predictor:/home/duy/Documents/GitHub/Experiment/hrc_ws/install/predictor_ui:/home/duy/Documents/GitHub/Experiment/hrc_ws/install/kinect_bridge:/home/duy/Documents/GitHub/Experiment/hrc_ws/install/experiment_logger:/home/duy/Documents/GitHub/Experiment/hrc_ws/install/hrc_bringup:/opt/ros/humble CMAKE_PREFIX_PATH=/home/duy/Documents/GitHub/Experiment/hrc_ws/install/trajectory_predictor:/home/duy/Documents/GitHub/Experiment/hrc_ws/install/predictor_ui:/home/duy/Documents/GitHub/Experiment/hrc_ws/install/kinect_bridge:/home/duy/Documents/GitHub/Experiment/hrc_ws/install/experiment_logger:/opt/ros/humble:/home/duy/Documents/GitHub/Experiment/hrc_ws/install/human_hand_msgs:/home/duy/Documents/GitHub/Experiment/hrc_ws/install/hrc_bringup PYTHONPATH=/home/duy/Documents/GitHub/Experiment/hrc_ws/build/trajectory_predictor:/home/duy/Documents/GitHub/Experiment/hrc_ws/install/trajectory_predictor/lib/python3.10/site-packages:/home/duy/Documents/GitHub/Experiment/hrc_ws/build/predictor_ui:/home/duy/Documents/GitHub/Experiment/hrc_ws/install/predictor_ui/lib/python3.10/site-packages:/home/duy/Documents/GitHub/Experiment/hrc_ws/build/kinect_bridge:/home/duy/Documents/GitHub/Experiment/hrc_ws/install/kinect_bridge/lib/python3.10/site-packages:/home/duy/Documents/GitHub/Experiment/hrc_ws/build/experiment_logger:/home/duy/Documents/GitHub/Experiment/hrc_ws/install/experiment_logger/lib/python3.10/site-packages:/home/duy/Documents/GitHub/Experiment/hrc_ws/install/human_hand_msgs/local/lib/python3.10/dist-packages:/opt/ros/humble/lib/python3.10/site-packages:/opt/ros/humble/local/lib/python3.10/dist-packages /usr/bin/cmake /home/duy/Documents/GitHub/Experiment/hrc_ws/src/hrc_bringup -DAMENT_CMAKE_SYMLINK_INSTALL=1 -DCMAKE_INSTALL_PREFIX=/home/duy/Documents/GitHub/Experiment/hrc_ws/install/hrc_bringup
[18.227s] DEBUG:colcon.colcon_core.event_handler.log_command:Invoking command in '/home/duy/Documents/GitHub/Experiment/hrc_ws/build/hrc_bringup': AMENT_PREFIX_PATH=/home/duy/Documents/GitHub/Experiment/hrc_ws/install/trajectory_predictor:/home/duy/Documents/GitHub/Experiment/hrc_ws/install/predictor_ui:/home/duy/Documents/GitHub/Experiment/hrc_ws/install/kinect_bridge:/home/duy/Documents/GitHub/Experiment/hrc_ws/install/experiment_logger:/home/duy/Documents/GitHub/Experiment/hrc_ws/install/hrc_bringup:/opt/ros/humble CMAKE_PREFIX_PATH=/home/duy/Documents/GitHub/Experiment/hrc_ws/install/trajectory_predictor:/home/duy/Documents/GitHub/Experiment/hrc_ws/install/predictor_ui:/home/duy/Documents/GitHub/Experiment/hrc_ws/install/kinect_bridge:/home/duy/Documents/GitHub/Experiment/hrc_ws/install/experiment_logger:/opt/ros/humble:/home/duy/Documents/GitHub/Experiment/hrc_ws/install/human_hand_msgs:/home/duy/Documents/GitHub/Experiment/hrc_ws/install/hrc_bringup PYTHONPATH=/home/duy/Documents/GitHub/Experiment/hrc_ws/build/trajectory_predictor:/home/duy/Documents/GitHub/Experiment/hrc_ws/install/trajectory_predictor/lib/python3.10/site-packages:/home/duy/Documents/GitHub/Experiment/hrc_ws/build/predictor_ui:/home/duy/Documents/GitHub/Experiment/hrc_ws/install/predictor_ui/lib/python3.10/site-packages:/home/duy/Documents/GitHub/Experiment/hrc_ws/build/kinect_bridge:/home/duy/Documents/GitHub/Experiment/hrc_ws/install/kinect_bridge/lib/python3.10/site-packages:/home/duy/Documents/GitHub/Experiment/hrc_ws/build/experiment_logger:/home/duy/Documents/GitHub/Experiment/hrc_ws/install/experiment_logger/lib/python3.10/site-packages:/home/duy/Documents/GitHub/Experiment/hrc_ws/install/human_hand_msgs/local/lib/python3.10/dist-packages:/opt/ros/humble/lib/python3.10/site-packages:/opt/ros/humble/local/lib/python3.10/dist-packages /usr/bin/cmake --build /home/duy/Documents/GitHub/Experiment/hrc_ws/build/hrc_bringup -- -j12 -l12
[18.344s] DEBUG:colcon.colcon_core.event_handler.log_command:Invoked command in '/home/duy/Documents/GitHub/Experiment/hrc_ws/build/hrc_bringup' returned '0': AMENT_PREFIX_PATH=/home/duy/Documents/GitHub/Experiment/hrc_ws/install/trajectory_predictor:/home/duy/Documents/GitHub/Experiment/hrc_ws/install/predictor_ui:/home/duy/Documents/GitHub/Experiment/hrc_ws/install/kinect_bridge:/home/duy/Documents/GitHub/Experiment/hrc_ws/install/experiment_logger:/home/duy/Documents/GitHub/Experiment/hrc_ws/install/hrc_bringup:/opt/ros/humble CMAKE_PREFIX_PATH=/home/duy/Documents/GitHub/Experiment/hrc_ws/install/trajectory_predictor:/home/duy/Documents/GitHub/Experiment/hrc_ws/install/predictor_ui:/home/duy/Documents/GitHub/Experiment/hrc_ws/install/kinect_bridge:/home/duy/Documents/GitHub/Experiment/hrc_ws/install/experiment_logger:/opt/ros/humble:/home/duy/Documents/GitHub/Experiment/hrc_ws/install/human_hand_msgs:/home/duy/Documents/GitHub/Experiment/hrc_ws/install/hrc_bringup PYTHONPATH=/home/duy/Documents/GitHub/Experiment/hrc_ws/build/trajectory_predictor:/home/duy/Documents/GitHub/Experiment/hrc_ws/install/trajectory_predictor/lib/python3.10/site-packages:/home/duy/Documents/GitHub/Experiment/hrc_ws/build/predictor_ui:/home/duy/Documents/GitHub/Experiment/hrc_ws/install/predictor_ui/lib/python3.10/site-packages:/home/duy/Documents/GitHub/Experiment/hrc_ws/build/kinect_bridge:/home/duy/Documents/GitHub/Experiment/hrc_ws/install/kinect_bridge/lib/python3.10/site-packages:/home/duy/Documents/GitHub/Experiment/hrc_ws/build/experiment_logger:/home/duy/Documents/GitHub/Experiment/hrc_ws/install/experiment_logger/lib/python3.10/site-packages:/home/duy/Documents/GitHub/Experiment/hrc_ws/install/human_hand_msgs/local/lib/python3.10/dist-packages:/opt/ros/humble/lib/python3.10/site-packages:/opt/ros/humble/local/lib/python3.10/dist-packages /usr/bin/cmake --build /home/duy/Documents/GitHub/Experiment/hrc_ws/build/hrc_bringup -- -j12 -l12
[18.350s] DEBUG:colcon.colcon_core.event_handler.log_command:Invoking command in '/home/duy/Documents/GitHub/Experiment/hrc_ws/build/hrc_bringup': AMENT_PREFIX_PATH=/home/duy/Documents/GitHub/Experiment/hrc_ws/install/trajectory_predictor:/home/duy/Documents/GitHub/Experiment/hrc_ws/install/predictor_ui:/home/duy/Documents/GitHub/Experiment/hrc_ws/install/kinect_bridge:/home/duy/Documents/GitHub/Experiment/hrc_ws/install/experiment_logger:/home/duy/Documents/GitHub/Experiment/hrc_ws/install/hrc_bringup:/opt/ros/humble CMAKE_PREFIX_PATH=/home/duy/Documents/GitHub/Experiment/hrc_ws/install/trajectory_predictor:/home/duy/Documents/GitHub/Experiment/hrc_ws/install/predictor_ui:/home/duy/Documents/GitHub/Experiment/hrc_ws/install/kinect_bridge:/home/duy/Documents/GitHub/Experiment/hrc_ws/install/experiment_logger:/opt/ros/humble:/home/duy/Documents/GitHub/Experiment/hrc_ws/install/human_hand_msgs:/home/duy/Documents/GitHub/Experiment/hrc_ws/install/hrc_bringup PYTHONPATH=/home/duy/Documents/GitHub/Experiment/hrc_ws/build/trajectory_predictor:/home/duy/Documents/GitHub/Experiment/hrc_ws/install/trajectory_predictor/lib/python3.10/site-packages:/home/duy/Documents/GitHub/Experiment/hrc_ws/build/predictor_ui:/home/duy/Documents/GitHub/Experiment/hrc_ws/install/predictor_ui/lib/python3.10/site-packages:/home/duy/Documents/GitHub/Experiment/hrc_ws/build/kinect_bridge:/home/duy/Documents/GitHub/Experiment/hrc_ws/install/kinect_bridge/lib/python3.10/site-packages:/home/duy/Documents/GitHub/Experiment/hrc_ws/build/experiment_logger:/home/duy/Documents/GitHub/Experiment/hrc_ws/install/experiment_logger/lib/python3.10/site-packages:/home/duy/Documents/GitHub/Experiment/hrc_ws/install/human_hand_msgs/local/lib/python3.10/dist-packages:/opt/ros/humble/lib/python3.10/site-packages:/opt/ros/humble/local/lib/python3.10/dist-packages /usr/bin/cmake --install /home/duy/Documents/GitHub/Experiment/hrc_ws/build/hrc_bringup
[18.929s] Level 1:colcon.colcon_core.environment:create_environment_scripts_only(hrc_bringup)
[18.931s] Level 1:colcon.colcon_core.environment:checking '/home/duy/Documents/GitHub/Experiment/hrc_ws/install/hrc_bringup' for CMake module files
[18.933s] DEBUG:colcon.colcon_core.event_handler.log_command:Invoked command in '/home/duy/Documents/GitHub/Experiment/hrc_ws/build/hrc_bringup' returned '0': AMENT_PREFIX_PATH=/home/duy/Documents/GitHub/Experiment/hrc_ws/install/trajectory_predictor:/home/duy/Documents/GitHub/Experiment/hrc_ws/install/predictor_ui:/home/duy/Documents/GitHub/Experiment/hrc_ws/install/kinect_bridge:/home/duy/Documents/GitHub/Experiment/hrc_ws/install/experiment_logger:/home/duy/Documents/GitHub/Experiment/hrc_ws/install/hrc_bringup:/opt/ros/humble CMAKE_PREFIX_PATH=/home/duy/Documents/GitHub/Experiment/hrc_ws/install/trajectory_predictor:/home/duy/Documents/GitHub/Experiment/hrc_ws/install/predictor_ui:/home/duy/Documents/GitHub/Experiment/hrc_ws/install/kinect_bridge:/home/duy/Documents/GitHub/Experiment/hrc_ws/install/experiment_logger:/opt/ros/humble:/home/duy/Documents/GitHub/Experiment/hrc_ws/install/human_hand_msgs:/home/duy/Documents/GitHub/Experiment/hrc_ws/install/hrc_bringup PYTHONPATH=/home/duy/Documents/GitHub/Experiment/hrc_ws/build/trajectory_predictor:/home/duy/Documents/GitHub/Experiment/hrc_ws/install/trajectory_predictor/lib/python3.10/site-packages:/home/duy/Documents/GitHub/Experiment/hrc_ws/build/predictor_ui:/home/duy/Documents/GitHub/Experiment/hrc_ws/install/predictor_ui/lib/python3.10/site-packages:/home/duy/Documents/GitHub/Experiment/hrc_ws/build/kinect_bridge:/home/duy/Documents/GitHub/Experiment/hrc_ws/install/kinect_bridge/lib/python3.10/site-packages:/home/duy/Documents/GitHub/Experiment/hrc_ws/build/experiment_logger:/home/duy/Documents/GitHub/Experiment/hrc_ws/install/experiment_logger/lib/python3.10/site-packages:/home/duy/Documents/GitHub/Experiment/hrc_ws/install/human_hand_msgs/local/lib/python3.10/dist-packages:/opt/ros/humble/lib/python3.10/site-packages:/opt/ros/humble/local/lib/python3.10/dist-packages /usr/bin/cmake --install /home/duy/Documents/GitHub/Experiment/hrc_ws/build/hrc_bringup
[18.935s] Level 1:colcon.colcon_core.environment:checking '/home/duy/Documents/GitHub/Experiment/hrc_ws/install/hrc_bringup' for CMake config files
[18.936s] Level 1:colcon.colcon_core.shell:create_environment_hook('hrc_bringup', 'cmake_prefix_path')
[18.938s] INFO:colcon.colcon_core.shell:Creating environment hook '/home/duy/Documents/GitHub/Experiment/hrc_ws/install/hrc_bringup/share/hrc_bringup/hook/cmake_prefix_path.ps1'
[18.939s] INFO:colcon.colcon_core.shell:Creating environment descriptor '/home/duy/Documents/GitHub/Experiment/hrc_ws/install/hrc_bringup/share/hrc_bringup/hook/cmake_prefix_path.dsv'
[18.941s] INFO:colcon.colcon_core.shell:Creating environment hook '/home/duy/Documents/GitHub/Experiment/hrc_ws/install/hrc_bringup/share/hrc_bringup/hook/cmake_prefix_path.sh'
[18.943s] Level 1:colcon.colcon_core.environment:checking '/home/duy/Documents/GitHub/Experiment/hrc_ws/install/hrc_bringup/bin'
[18.943s] Level 1:colcon.colcon_core.environment:checking '/home/duy/Documents/GitHub/Experiment/hrc_ws/install/hrc_bringup/lib/pkgconfig/hrc_bringup.pc'
[18.944s] Level 1:colcon.colcon_core.environment:checking '/home/duy/Documents/GitHub/Experiment/hrc_ws/install/hrc_bringup/lib/python3.10/site-packages'
[18.946s] Level 1:colcon.colcon_core.environment:checking '/home/duy/Documents/GitHub/Experiment/hrc_ws/install/hrc_bringup/bin'
[18.947s] INFO:colcon.colcon_core.shell:Creating package script '/home/duy/Documents/GitHub/Experiment/hrc_ws/install/hrc_bringup/share/hrc_bringup/package.ps1'
[18.949s] INFO:colcon.colcon_core.shell:Creating package descriptor '/home/duy/Documents/GitHub/Experiment/hrc_ws/install/hrc_bringup/share/hrc_bringup/package.dsv'
[18.951s] INFO:colcon.colcon_core.shell:Creating package script '/home/duy/Documents/GitHub/Experiment/hrc_ws/install/hrc_bringup/share/hrc_bringup/package.sh'
[18.952s] INFO:colcon.colcon_core.shell:Creating package script '/home/duy/Documents/GitHub/Experiment/hrc_ws/install/hrc_bringup/share/hrc_bringup/package.bash'
[18.954s] INFO:colcon.colcon_core.shell:Creating package script '/home/duy/Documents/GitHub/Experiment/hrc_ws/install/hrc_bringup/share/hrc_bringup/package.zsh'
[18.955s] Level 1:colcon.colcon_core.environment:create_file_with_runtime_dependencies(/home/duy/Documents/GitHub/Experiment/hrc_ws/install/hrc_bringup/share/colcon-core/packages/hrc_bringup)
[18.957s] Level 1:colcon.colcon_core.environment:create_environment_scripts_only(hrc_bringup)
[18.958s] Level 1:colcon.colcon_core.environment:checking '/home/duy/Documents/GitHub/Experiment/hrc_ws/install/hrc_bringup' for CMake module files
[18.960s] Level 1:colcon.colcon_core.environment:checking '/home/duy/Documents/GitHub/Experiment/hrc_ws/install/hrc_bringup' for CMake config files
[18.961s] Level 1:colcon.colcon_core.shell:create_environment_hook('hrc_bringup', 'cmake_prefix_path')
[18.962s] INFO:colcon.colcon_core.shell:Creating environment hook '/home/duy/Documents/GitHub/Experiment/hrc_ws/install/hrc_bringup/share/hrc_bringup/hook/cmake_prefix_path.ps1'
[18.963s] INFO:colcon.colcon_core.shell:Creating environment descriptor '/home/duy/Documents/GitHub/Experiment/hrc_ws/install/hrc_bringup/share/hrc_bringup/hook/cmake_prefix_path.dsv'
[18.965s] INFO:colcon.colcon_core.shell:Creating environment hook '/home/duy/Documents/GitHub/Experiment/hrc_ws/install/hrc_bringup/share/hrc_bringup/hook/cmake_prefix_path.sh'
[18.967s] Level 1:colcon.colcon_core.environment:checking '/home/duy/Documents/GitHub/Experiment/hrc_ws/install/hrc_bringup/bin'
[18.967s] Level 1:colcon.colcon_core.environment:checking '/home/duy/Documents/GitHub/Experiment/hrc_ws/install/hrc_bringup/lib/pkgconfig/hrc_bringup.pc'
[18.968s] Level 1:colcon.colcon_core.environment:checking '/home/duy/Documents/GitHub/Experiment/hrc_ws/install/hrc_bringup/lib/python3.10/site-packages'
[18.970s] Level 1:colcon.colcon_core.environment:checking '/home/duy/Documents/GitHub/Experiment/hrc_ws/install/hrc_bringup/bin'
[18.971s] INFO:colcon.colcon_core.shell:Creating package script '/home/duy/Documents/GitHub/Experiment/hrc_ws/install/hrc_bringup/share/hrc_bringup/package.ps1'
[18.973s] INFO:colcon.colcon_core.shell:Creating package descriptor '/home/duy/Documents/GitHub/Experiment/hrc_ws/install/hrc_bringup/share/hrc_bringup/package.dsv'
[18.976s] INFO:colcon.colcon_core.shell:Creating package script '/home/duy/Documents/GitHub/Experiment/hrc_ws/install/hrc_bringup/share/hrc_bringup/package.sh'
[18.979s] INFO:colcon.colcon_core.shell:Creating package script '/home/duy/Documents/GitHub/Experiment/hrc_ws/install/hrc_bringup/share/hrc_bringup/package.bash'
[18.982s] INFO:colcon.colcon_core.shell:Creating package script '/home/duy/Documents/GitHub/Experiment/hrc_ws/install/hrc_bringup/share/hrc_bringup/package.zsh'
[18.984s] Level 1:colcon.colcon_core.environment:create_file_with_runtime_dependencies(/home/duy/Documents/GitHub/Experiment/hrc_ws/install/hrc_bringup/share/colcon-core/packages/hrc_bringup)
[18.986s] DEBUG:colcon.colcon_parallel_executor.executor.parallel:closing loop
[18.987s] DEBUG:colcon.colcon_parallel_executor.executor.parallel:loop closed
[18.987s] DEBUG:colcon.colcon_parallel_executor.executor.parallel:run_until_complete finished with '0'
[18.987s] DEBUG:colcon.colcon_core.event_reactor:joining thread
[19.016s] INFO:colcon.colcon_core.plugin_system:Skipping extension 'colcon_notification.desktop_notification.terminal_notifier': Not used on non-Darwin systems
[19.016s] INFO:colcon.colcon_core.plugin_system:Skipping extension 'colcon_notification.desktop_notification.win32': Not used on non-Windows systems
[19.017s] INFO:colcon.colcon_notification.desktop_notification:Sending desktop notification using 'notify2'
[19.056s] DEBUG:colcon.colcon_core.event_reactor:joined thread
[19.058s] INFO:colcon.colcon_core.shell:Creating prefix script '/home/duy/Documents/GitHub/Experiment/hrc_ws/install/local_setup.ps1'
[19.062s] INFO:colcon.colcon_core.shell:Creating prefix util module '/home/duy/Documents/GitHub/Experiment/hrc_ws/install/_local_setup_util_ps1.py'
[19.068s] INFO:colcon.colcon_core.shell:Creating prefix chain script '/home/duy/Documents/GitHub/Experiment/hrc_ws/install/setup.ps1'
[19.073s] INFO:colcon.colcon_core.shell:Creating prefix script '/home/duy/Documents/GitHub/Experiment/hrc_ws/install/local_setup.sh'
[19.075s] INFO:colcon.colcon_core.shell:Creating prefix util module '/home/duy/Documents/GitHub/Experiment/hrc_ws/install/_local_setup_util_sh.py'
[19.078s] INFO:colcon.colcon_core.shell:Creating prefix chain script '/home/duy/Documents/GitHub/Experiment/hrc_ws/install/setup.sh'
[19.083s] INFO:colcon.colcon_core.shell:Creating prefix script '/home/duy/Documents/GitHub/Experiment/hrc_ws/install/local_setup.bash'
[19.086s] INFO:colcon.colcon_core.shell:Creating prefix chain script '/home/duy/Documents/GitHub/Experiment/hrc_ws/install/setup.bash'
[19.091s] INFO:colcon.colcon_core.shell:Creating prefix script '/home/duy/Documents/GitHub/Experiment/hrc_ws/install/local_setup.zsh'
[19.093s] INFO:colcon.colcon_core.shell:Creating prefix chain script '/home/duy/Documents/GitHub/Experiment/hrc_ws/install/setup.zsh'
