[0.000000] (-) TimerEvent: {}
[0.000574] (-) JobUnselected: {'identifier': 'experiment_logger'}
[0.000706] (-) JobUnselected: {'identifier': 'human_hand_msgs'}
[0.000743] (-) JobUnselected: {'identifier': 'predictor_ui'}
[0.000784] (-) JobUnselected: {'identifier': 'trajectory_predictor'}
[0.000816] (realsense_tracker) JobQueued: {'identifier': 'realsense_tracker', 'dependencies': OrderedDict([('human_hand_msgs', '/home/duy/Experiment/hrc_ws/install/human_hand_msgs')])}
[0.000853] (hrc_bringup) JobQueued: {'identifier': 'hrc_bringup', 'dependencies': OrderedDict([('human_hand_msgs', '/home/duy/Experiment/hrc_ws/install/human_hand_msgs'), ('experiment_logger', '/home/duy/Experiment/hrc_ws/install/experiment_logger'), ('predictor_ui', '/home/duy/Experiment/hrc_ws/install/predictor_ui'), ('realsense_tracker', '/home/duy/Experiment/hrc_ws/install/realsense_tracker'), ('trajectory_predictor', '/home/duy/Experiment/hrc_ws/install/trajectory_predictor')])}
[0.000901] (realsense_tracker) JobStarted: {'identifier': 'realsense_tracker'}
[0.099695] (-) TimerEvent: {}
[0.200023] (-) TimerEvent: {}
[0.300266] (-) TimerEvent: {}
[0.400530] (-) TimerEvent: {}
[0.500838] (-) TimerEvent: {}
[0.598040] (realsense_tracker) Command: {'cmd': ['/usr/bin/python3', '-W', 'ignore:setup.py install is deprecated', '-W', 'ignore:easy_install command is deprecated', 'setup.py', 'develop', '--editable', '--build-directory', '/home/duy/Experiment/hrc_ws/build/realsense_tracker/build', '--no-deps', 'symlink_data', '--force'], 'cwd': '/home/duy/Experiment/hrc_ws/build/realsense_tracker', 'env': {'GJS_DEBUG_TOPICS': 'JS ERROR;JS LOG', 'LESSOPEN': '| /usr/bin/lesspipe %s', 'VSCODE_CWD': '/home/duy', 'USER': 'duy', 'LC_TIME': 'en_US.UTF-8', 'VSCODE_NLS_CONFIG': '{"userLocale":"en-us","osLocale":"en-us","resolvedLanguage":"en","defaultMessagesFile":"/usr/share/antigravity/resources/app/out/nls.messages.json","locale":"en-us","availableLanguages":{}}', 'XDG_SESSION_TYPE': 'wayland', 'ROS_PACKAGE_PATH': '/home/duy/Experiment/hrc_ws/install/human_hand_msgs/share', 'SHLVL': '0', 'LD_LIBRARY_PATH': '/home/duy/Experiment/hrc_ws/install/human_hand_msgs/lib:/usr/local/lib/nuitrack:/home/duy/kinectv2/install/libfreenect2/lib:/home/duy/kinectv2/install/kinect2_registration/lib:/usr/lib/x86_64-linux-gnu/gazebo-11/plugins:/opt/ros/humble/opt/rviz_ogre_vendor/lib:/opt/ros/humble/lib/x86_64-linux-gnu:/opt/ros/humble/lib:/usr/local/lib/nuitrack:/usr/local/lib/nuitrack', 'HOME': '/home/duy', 'CHROME_DESKTOP': 'antigravity.desktop', 'DESKTOP_SESSION': 'ubuntu', 'VSCODE_IPC_HOOK': '/run/user/1000/vscode-d3248cd9-1.10-main.sock', 'GIO_LAUNCHED_DESKTOP_FILE': '/usr/share/applications/antigravity.desktop', 'ROS_PYTHON_VERSION': '3', 'GNOME_SHELL_SESSION_MODE': 'ubuntu', 'GTK_MODULES': 'gail:atk-bridge', 'PAGER': 'cat', 'LC_MONETARY': 'en_US.UTF-8', 'MANAGERPID': '1098', 'SYSTEMD_EXEC_PID': '1223', 'IM_CONFIG_CHECK_ENV': '1', 'DBUS_SESSION_BUS_ADDRESS': 'unix:path=/run/user/1000/bus', 'ANTIGRAVITY_AGENT': '1', 'GIO_LAUNCHED_DESKTOP_FILE_PID': '10269', 'IM_CONFIG_PHASE': '1', 'WAYLAND_DISPLAY': 'wayland-0', 'COLCON_PREFIX_PATH': '/home/duy/kinectv2/install', 'ROS_DISTRO': 'humble', 'GTK_IM_MODULE': 'ibus', 'LOGNAME': 'duy', '_': '/usr/bin/colcon', 'JOURNAL_STREAM': '8:9523', 'ROS_VERSION': '2', 'XDG_SESSION_CLASS': 'user', 'PKG_CONFIG_PATH': '/home/duy/Experiment/hrc_ws/install/human_hand_msgs/lib/x86_64-linux-gnu/pkgconfig:/home/duy/Experiment/hrc_ws/install/human_hand_msgs/lib/pkgconfig', 'USERNAME': 'duy', 'TERM': 'dumb', 'GNOME_DESKTOP_SESSION_ID': 'this-is-deprecated', 'FC_FONTATIONS': '1', 'ROS_LOCALHOST_ONLY': '0', 'ANTIGRAVITY_EDITOR_APP_ROOT': '/usr/share/antigravity/resources/app', 'PATH': '/home/duy/.local/bin:/opt/ros/humble/bin:/home/duy/.local/bin:/usr/local/sbin:/usr/local/bin:/usr/sbin:/usr/bin:/sbin:/bin:/usr/games:/usr/local/games:/snap/bin:/snap/bin:/home/duy/libfreenect2/build/bin', 'SESSION_MANAGER': 'local/duy-Vivobook-ASUSLaptop-X1503ZA-A1503ZA:@/tmp/.ICE-unix/1193,unix/duy-Vivobook-ASUSLaptop-X1503ZA-A1503ZA:/tmp/.ICE-unix/1193', 'INVOCATION_ID': '29c728a386dd410d9cde3e9a5bf6d4be', 'PAPERSIZE': 'letter', 'XDG_MENU_PREFIX': 'gnome-', 'LC_ADDRESS': 'en_US.UTF-8', 'GNOME_SETUP_DISPLAY': ':1', 'XDG_RUNTIME_DIR': '/run/user/1000', 'GDK_BACKEND': 'wayland', 'DISPLAY': ':0', 'LANG': 'en_US.UTF-8', 'XDG_CURRENT_DESKTOP': 'ubuntu:GNOME', 'LC_TELEPHONE': 'en_US.UTF-8', 'RMW_IMPLEMENTATION': 'rmw_fastrtps_cpp', 'XMODIFIERS': '@im=ibus', 'XDG_SESSION_DESKTOP': 'ubuntu', 'XAUTHORITY': '/run/user/1000/.mutter-Xwaylandauth.GRC9N3', 'LS_COLORS': '', 'SSH_AGENT_LAUNCHER': 'gnome-keyring', 'SSH_AUTH_SOCK': '/run/user/1000/keyring/ssh', 'ROS_DOMAIN_ID': '0', 'AMENT_PREFIX_PATH': '/home/duy/kinectv2/install/kinect2_bridge:/home/duy/kinectv2/install/kinect2_registration:/opt/ros/humble', 'NUITRACK_HOME': '/usr/etc/nuitrack', 'SHELL': '/bin/bash', 'LC_NAME': 'en_US.UTF-8', 'QT_ACCESSIBILITY': '1', 'GDMSESSION': 'ubuntu', 'LESSCLOSE': '/usr/bin/lesspipe %s %s', 'LC_MEASUREMENT': 'en_US.UTF-8', 'GJS_DEBUG_OUTPUT': 'stderr', 'LC_IDENTIFICATION': 'en_US.UTF-8', 'QT_IM_MODULE': 'ibus', 'ANTIGRAVITY_TRAJECTORY_ID': '040c8091-88c2-4ed5-b63d-32de62903011', 'PWD': '/home/duy/Experiment/hrc_ws/build/realsense_tracker', 'LC_ALL': 'en_US.UTF-8', 'XDG_CONFIG_DIRS': '/etc/xdg/xdg-ubuntu:/etc/xdg', 'VSCODE_CODE_CACHE_PATH': '/home/duy/.config/Antigravity/CachedData/15487b3041e65228cae24980a3f796c905ef582c', 'XDG_DATA_DIRS': '/usr/share/ubuntu:/usr/local/share/:/usr/share/:/var/lib/snapd/desktop', 'PYTHONPATH': '/home/duy/Experiment/hrc_ws/build/realsense_tracker/prefix_override:/usr/lib/python3/dist-packages/colcon_core/task/python/colcon_distutils_commands:/home/duy/Experiment/hrc_ws/install/realsense_tracker/lib/python3.10/site-packages:/home/duy/Experiment/hrc_ws/install/human_hand_msgs/local/lib/python3.10/dist-packages:/opt/ros/humble/lib/python3.10/site-packages:/opt/ros/humble/local/lib/python3.10/dist-packages', 'LC_NUMERIC': 'en_US.UTF-8', 'LC_PAPER': 'en_US.UTF-8', 'COLCON': '1', 'CMAKE_PREFIX_PATH': '/home/duy/Experiment/hrc_ws/install/human_hand_msgs:/home/duy/kinectv2/install/libfreenect2:/home/duy/kinectv2/install/kinect2_bridge:/home/duy/kinectv2/install/kinect2_registration', 'VSCODE_PID': '10269'}, 'shell': False}
[0.600894] (-) TimerEvent: {}
[0.701128] (-) TimerEvent: {}
[0.801466] (-) TimerEvent: {}
[0.815191] (realsense_tracker) StdoutLine: {'line': b'running develop\n'}
[0.901552] (-) TimerEvent: {}
[0.919281] (realsense_tracker) StdoutLine: {'line': b'running egg_info\n'}
[0.919545] (realsense_tracker) StdoutLine: {'line': b'writing realsense_tracker.egg-info/PKG-INFO\n'}
[0.919719] (realsense_tracker) StdoutLine: {'line': b'writing dependency_links to realsense_tracker.egg-info/dependency_links.txt\n'}
[0.919813] (realsense_tracker) StdoutLine: {'line': b'writing entry points to realsense_tracker.egg-info/entry_points.txt\n'}
[0.919854] (realsense_tracker) StdoutLine: {'line': b'writing requirements to realsense_tracker.egg-info/requires.txt\n'}
[0.919910] (realsense_tracker) StdoutLine: {'line': b'writing top-level names to realsense_tracker.egg-info/top_level.txt\n'}
[0.921097] (realsense_tracker) StdoutLine: {'line': b"reading manifest file 'realsense_tracker.egg-info/SOURCES.txt'\n"}
[0.921634] (realsense_tracker) StdoutLine: {'line': b"writing manifest file 'realsense_tracker.egg-info/SOURCES.txt'\n"}
[0.922598] (realsense_tracker) StdoutLine: {'line': b'running build_ext\n'}
[0.922662] (realsense_tracker) StdoutLine: {'line': b'Creating /home/duy/Experiment/hrc_ws/install/realsense_tracker/lib/python3.10/site-packages/realsense-tracker.egg-link (link to .)\n'}
[0.923148] (realsense_tracker) StdoutLine: {'line': b'Installing realsense_node script to /home/duy/Experiment/hrc_ws/install/realsense_tracker/lib/realsense_tracker\n'}
[0.923273] (realsense_tracker) StdoutLine: {'line': b'\n'}
[0.923307] (realsense_tracker) StdoutLine: {'line': b'Installed /home/duy/Experiment/hrc_ws/build/realsense_tracker\n'}
[0.923361] (realsense_tracker) StdoutLine: {'line': b'running symlink_data\n'}
[0.923415] (realsense_tracker) StdoutLine: {'line': b'symbolically linking /home/duy/Experiment/hrc_ws/build/realsense_tracker/resource/realsense_tracker -> /home/duy/Experiment/hrc_ws/install/realsense_tracker/share/ament_index/resource_index/packages\n'}
[0.923464] (realsense_tracker) StdoutLine: {'line': b'symbolically linking /home/duy/Experiment/hrc_ws/build/realsense_tracker/package.xml -> /home/duy/Experiment/hrc_ws/install/realsense_tracker/share/realsense_tracker\n'}
[0.923517] (realsense_tracker) StdoutLine: {'line': b'creating /home/duy/Experiment/hrc_ws/install/realsense_tracker/share/realsense_tracker/models\n'}
[0.923582] (realsense_tracker) StderrLine: {'line': b"error: [Errno 2] No such file or directory: '/home/duy/Experiment/hrc_ws/install/realsense_tracker/share/realsense_tracker/models/pose_landmarker_full.task'\n"}
[0.947983] (realsense_tracker) CommandEnded: {'returncode': 1}
[0.948343] (realsense_tracker) JobEnded: {'identifier': 'realsense_tracker', 'rc': 1}
[0.958420] (hrc_bringup) JobSkipped: {'identifier': 'hrc_bringup'}
[0.958476] (-) EventReactorShutdown: {}
