[1.280s] Invoking command in '/home/duy/Experiment/hrc_ws/src/realsense_tracker': CMAKE_PREFIX_PATH=/home/duy/Experiment/hrc_ws/install/human_hand_msgs:${CMAKE_PREFIX_PATH} LD_LIBRARY_PATH=/home/duy/Experiment/hrc_ws/install/human_hand_msgs/lib:${LD_LIBRARY_PATH} PKG_CONFIG_PATH=/home/duy/Experiment/hrc_ws/install/human_hand_msgs/lib/x86_64-linux-gnu/pkgconfig:/home/duy/Experiment/hrc_ws/install/human_hand_msgs/lib/pkgconfig PYTHONPATH=/home/duy/Experiment/hrc_ws/build/realsense_tracker/prefix_override:/usr/lib/python3/dist-packages/colcon_core/task/python/colcon_distutils_commands:/home/duy/Experiment/hrc_ws/install/realsense_tracker/lib/python3.10/site-packages:/home/duy/Experiment/hrc_ws/install/human_hand_msgs/local/lib/python3.10/dist-packages:${PYTHONPATH} ROS_PACKAGE_PATH=/home/duy/Experiment/hrc_ws/install/human_hand_msgs/share /usr/bin/python3 -W ignore:setup.py install is deprecated -W ignore:easy_install command is deprecated setup.py egg_info --egg-base ../../build/realsense_tracker build --build-base /home/duy/Experiment/hrc_ws/build/realsense_tracker/build install --record /home/duy/Experiment/hrc_ws/build/realsense_tracker/install.log --single-version-externally-managed install_data
[1.499s] running egg_info
[1.500s] creating ../../build/realsense_tracker/realsense_tracker.egg-info
[1.500s] writing ../../build/realsense_tracker/realsense_tracker.egg-info/PKG-INFO
[1.500s] writing dependency_links to ../../build/realsense_tracker/realsense_tracker.egg-info/dependency_links.txt
[1.500s] writing entry points to ../../build/realsense_tracker/realsense_tracker.egg-info/entry_points.txt
[1.500s] writing requirements to ../../build/realsense_tracker/realsense_tracker.egg-info/requires.txt
[1.500s] writing top-level names to ../../build/realsense_tracker/realsense_tracker.egg-info/top_level.txt
[1.501s] writing manifest file '../../build/realsense_tracker/realsense_tracker.egg-info/SOURCES.txt'
[1.502s] reading manifest file '../../build/realsense_tracker/realsense_tracker.egg-info/SOURCES.txt'
[1.502s] writing manifest file '../../build/realsense_tracker/realsense_tracker.egg-info/SOURCES.txt'
[1.503s] running build
[1.503s] running build_py
[1.503s] creating /home/duy/Experiment/hrc_ws/build/realsense_tracker/build
[1.503s] creating /home/duy/Experiment/hrc_ws/build/realsense_tracker/build/lib
[1.503s] creating /home/duy/Experiment/hrc_ws/build/realsense_tracker/build/lib/realsense_tracker
[1.503s] copying realsense_tracker/__init__.py -> /home/duy/Experiment/hrc_ws/build/realsense_tracker/build/lib/realsense_tracker
[1.503s] copying realsense_tracker/realsense_node.py -> /home/duy/Experiment/hrc_ws/build/realsense_tracker/build/lib/realsense_tracker
[1.504s] running install
[1.504s] running install_lib
[1.504s] creating /home/duy/Experiment/hrc_ws/install/realsense_tracker/lib/python3.10/site-packages/realsense_tracker
[1.504s] copying /home/duy/Experiment/hrc_ws/build/realsense_tracker/build/lib/realsense_tracker/__init__.py -> /home/duy/Experiment/hrc_ws/install/realsense_tracker/lib/python3.10/site-packages/realsense_tracker
[1.504s] copying /home/duy/Experiment/hrc_ws/build/realsense_tracker/build/lib/realsense_tracker/realsense_node.py -> /home/duy/Experiment/hrc_ws/install/realsense_tracker/lib/python3.10/site-packages/realsense_tracker
[1.505s] byte-compiling /home/duy/Experiment/hrc_ws/install/realsense_tracker/lib/python3.10/site-packages/realsense_tracker/__init__.py to __init__.cpython-310.pyc
[1.505s] byte-compiling /home/duy/Experiment/hrc_ws/install/realsense_tracker/lib/python3.10/site-packages/realsense_tracker/realsense_node.py to realsense_node.cpython-310.pyc
[1.506s] running install_data
[1.506s] creating /home/duy/Experiment/hrc_ws/install/realsense_tracker/share/ament_index
[1.507s] creating /home/duy/Experiment/hrc_ws/install/realsense_tracker/share/ament_index/resource_index
[1.507s] creating /home/duy/Experiment/hrc_ws/install/realsense_tracker/share/ament_index/resource_index/packages
[1.507s] copying resource/realsense_tracker -> /home/duy/Experiment/hrc_ws/install/realsense_tracker/share/ament_index/resource_index/packages
[1.507s] copying package.xml -> /home/duy/Experiment/hrc_ws/install/realsense_tracker/share/realsense_tracker
[1.507s] running install_egg_info
[1.508s] Copying ../../build/realsense_tracker/realsense_tracker.egg-info to /home/duy/Experiment/hrc_ws/install/realsense_tracker/lib/python3.10/site-packages/realsense_tracker-0.0.0-py3.10.egg-info
[1.509s] running install_scripts
[1.528s] Installing realsense_node script to /home/duy/Experiment/hrc_ws/install/realsense_tracker/lib/realsense_tracker
[1.528s] writing list of installed files to '/home/duy/Experiment/hrc_ws/build/realsense_tracker/install.log'
[1.558s] Invoked command in '/home/duy/Experiment/hrc_ws/src/realsense_tracker' returned '0': CMAKE_PREFIX_PATH=/home/duy/Experiment/hrc_ws/install/human_hand_msgs:${CMAKE_PREFIX_PATH} LD_LIBRARY_PATH=/home/duy/Experiment/hrc_ws/install/human_hand_msgs/lib:${LD_LIBRARY_PATH} PKG_CONFIG_PATH=/home/duy/Experiment/hrc_ws/install/human_hand_msgs/lib/x86_64-linux-gnu/pkgconfig:/home/duy/Experiment/hrc_ws/install/human_hand_msgs/lib/pkgconfig PYTHONPATH=/home/duy/Experiment/hrc_ws/build/realsense_tracker/prefix_override:/usr/lib/python3/dist-packages/colcon_core/task/python/colcon_distutils_commands:/home/duy/Experiment/hrc_ws/install/realsense_tracker/lib/python3.10/site-packages:/home/duy/Experiment/hrc_ws/install/human_hand_msgs/local/lib/python3.10/dist-packages:${PYTHONPATH} ROS_PACKAGE_PATH=/home/duy/Experiment/hrc_ws/install/human_hand_msgs/share /usr/bin/python3 -W ignore:setup.py install is deprecated -W ignore:easy_install command is deprecated setup.py egg_info --egg-base ../../build/realsense_tracker build --build-base /home/duy/Experiment/hrc_ws/build/realsense_tracker/build install --record /home/duy/Experiment/hrc_ws/build/realsense_tracker/install.log --single-version-externally-managed install_data
