[0.740s] Invoking command in '/home/duy/Experiment/hrc_ws/src/realsense_tracker': CMAKE_PREFIX_PATH=/home/duy/Experiment/hrc_ws/install/human_hand_msgs:${CMAKE_PREFIX_PATH} LD_LIBRARY_PATH=/home/duy/Experiment/hrc_ws/install/human_hand_msgs/lib:${LD_LIBRARY_PATH} PKG_CONFIG_PATH=/home/duy/Experiment/hrc_ws/install/human_hand_msgs/lib/x86_64-linux-gnu/pkgconfig:/home/duy/Experiment/hrc_ws/install/human_hand_msgs/lib/pkgconfig PYTHONPATH=/home/duy/Experiment/hrc_ws/build/realsense_tracker/prefix_override:/usr/lib/python3/dist-packages/colcon_core/task/python/colcon_distutils_commands:/home/duy/Experiment/hrc_ws/install/realsense_tracker/lib/python3.10/site-packages:/home/duy/Experiment/hrc_ws/install/human_hand_msgs/local/lib/python3.10/dist-packages:${PYTHONPATH} ROS_PACKAGE_PATH=/home/duy/Experiment/hrc_ws/install/human_hand_msgs/share /usr/bin/python3 -W ignore:setup.py install is deprecated -W ignore:easy_install command is deprecated setup.py egg_info --egg-base ../../build/realsense_tracker build --build-base /home/duy/Experiment/hrc_ws/build/realsense_tracker/build install --record /home/duy/Experiment/hrc_ws/build/realsense_tracker/install.log --single-version-externally-managed install_data
[0.958s] running egg_info
[0.959s] writing ../../build/realsense_tracker/realsense_tracker.egg-info/PKG-INFO
[0.959s] writing dependency_links to ../../build/realsense_tracker/realsense_tracker.egg-info/dependency_links.txt
[0.960s] writing entry points to ../../build/realsense_tracker/realsense_tracker.egg-info/entry_points.txt
[0.960s] writing requirements to ../../build/realsense_tracker/realsense_tracker.egg-info/requires.txt
[0.960s] writing top-level names to ../../build/realsense_tracker/realsense_tracker.egg-info/top_level.txt
[0.961s] reading manifest file '../../build/realsense_tracker/realsense_tracker.egg-info/SOURCES.txt'
[0.970s] writing manifest file '../../build/realsense_tracker/realsense_tracker.egg-info/SOURCES.txt'
[0.970s] running build
[0.970s] running build_py
[0.970s] copying realsense_tracker/realsense_node.py -> /home/duy/Experiment/hrc_ws/build/realsense_tracker/build/lib/realsense_tracker
[0.970s] running install
[0.970s] running install_lib
[0.970s] copying /home/duy/Experiment/hrc_ws/build/realsense_tracker/build/lib/realsense_tracker/realsense_node.py -> /home/duy/Experiment/hrc_ws/install/realsense_tracker/lib/python3.10/site-packages/realsense_tracker
[0.971s] byte-compiling /home/duy/Experiment/hrc_ws/install/realsense_tracker/lib/python3.10/site-packages/realsense_tracker/realsense_node.py to realsense_node.cpython-310.pyc
[0.972s] running install_data
[0.972s] running install_egg_info
[0.973s] removing '/home/duy/Experiment/hrc_ws/install/realsense_tracker/lib/python3.10/site-packages/realsense_tracker-0.0.0-py3.10.egg-info' (and everything under it)
[0.973s] Copying ../../build/realsense_tracker/realsense_tracker.egg-info to /home/duy/Experiment/hrc_ws/install/realsense_tracker/lib/python3.10/site-packages/realsense_tracker-0.0.0-py3.10.egg-info
[0.974s] running install_scripts
[0.989s] Installing realsense_node script to /home/duy/Experiment/hrc_ws/install/realsense_tracker/lib/realsense_tracker
[0.989s] writing list of installed files to '/home/duy/Experiment/hrc_ws/build/realsense_tracker/install.log'
[1.021s] Invoked command in '/home/duy/Experiment/hrc_ws/src/realsense_tracker' returned '0': CMAKE_PREFIX_PATH=/home/duy/Experiment/hrc_ws/install/human_hand_msgs:${CMAKE_PREFIX_PATH} LD_LIBRARY_PATH=/home/duy/Experiment/hrc_ws/install/human_hand_msgs/lib:${LD_LIBRARY_PATH} PKG_CONFIG_PATH=/home/duy/Experiment/hrc_ws/install/human_hand_msgs/lib/x86_64-linux-gnu/pkgconfig:/home/duy/Experiment/hrc_ws/install/human_hand_msgs/lib/pkgconfig PYTHONPATH=/home/duy/Experiment/hrc_ws/build/realsense_tracker/prefix_override:/usr/lib/python3/dist-packages/colcon_core/task/python/colcon_distutils_commands:/home/duy/Experiment/hrc_ws/install/realsense_tracker/lib/python3.10/site-packages:/home/duy/Experiment/hrc_ws/install/human_hand_msgs/local/lib/python3.10/dist-packages:${PYTHONPATH} ROS_PACKAGE_PATH=/home/duy/Experiment/hrc_ws/install/human_hand_msgs/share /usr/bin/python3 -W ignore:setup.py install is deprecated -W ignore:easy_install command is deprecated setup.py egg_info --egg-base ../../build/realsense_tracker build --build-base /home/duy/Experiment/hrc_ws/build/realsense_tracker/build install --record /home/duy/Experiment/hrc_ws/build/realsense_tracker/install.log --single-version-externally-managed install_data
