[0.645s] Invoking command in '/home/duy/Experiment/hrc_ws/build/realsense_tracker': CMAKE_PREFIX_PATH=/home/duy/Experiment/hrc_ws/install/human_hand_msgs:${CMAKE_PREFIX_PATH} LD_LIBRARY_PATH=/home/duy/Experiment/hrc_ws/install/human_hand_msgs/lib:${LD_LIBRARY_PATH} PKG_CONFIG_PATH=/home/duy/Experiment/hrc_ws/install/human_hand_msgs/lib/x86_64-linux-gnu/pkgconfig:/home/duy/Experiment/hrc_ws/install/human_hand_msgs/lib/pkgconfig PYTHONPATH=/home/duy/Experiment/hrc_ws/build/realsense_tracker/prefix_override:/usr/lib/python3/dist-packages/colcon_core/task/python/colcon_distutils_commands:/home/duy/Experiment/hrc_ws/install/realsense_tracker/lib/python3.10/site-packages:/home/duy/Experiment/hrc_ws/install/human_hand_msgs/local/lib/python3.10/dist-packages:${PYTHONPATH} ROS_PACKAGE_PATH=/home/duy/Experiment/hrc_ws/install/human_hand_msgs/share /usr/bin/python3 -W ignore:setup.py install is deprecated -W ignore:easy_install command is deprecated setup.py develop --editable --build-directory /home/duy/Experiment/hrc_ws/build/realsense_tracker/build --no-deps symlink_data
[1.237s] running develop
[1.390s] running egg_info
[1.390s] creating realsense_tracker.egg-info
[1.390s] writing realsense_tracker.egg-info/PKG-INFO
[1.390s] writing dependency_links to realsense_tracker.egg-info/dependency_links.txt
[1.391s] writing entry points to realsense_tracker.egg-info/entry_points.txt
[1.391s] writing requirements to realsense_tracker.egg-info/requires.txt
[1.391s] writing top-level names to realsense_tracker.egg-info/top_level.txt
[1.391s] writing manifest file 'realsense_tracker.egg-info/SOURCES.txt'
[1.392s] reading manifest file 'realsense_tracker.egg-info/SOURCES.txt'
[1.393s] writing manifest file 'realsense_tracker.egg-info/SOURCES.txt'
[1.394s] running build_ext
[1.395s] Creating /home/duy/Experiment/hrc_ws/install/realsense_tracker/lib/python3.10/site-packages/realsense-tracker.egg-link (link to .)
[1.395s] Installing realsense_node script to /home/duy/Experiment/hrc_ws/install/realsense_tracker/lib/realsense_tracker
[1.396s] 
[1.396s] Installed /home/duy/Experiment/hrc_ws/build/realsense_tracker
[1.396s] running symlink_data
[1.396s] creating /home/duy/Experiment/hrc_ws/install/realsense_tracker/share/ament_index
[1.396s] creating /home/duy/Experiment/hrc_ws/install/realsense_tracker/share/ament_index/resource_index
[1.396s] creating /home/duy/Experiment/hrc_ws/install/realsense_tracker/share/ament_index/resource_index/packages
[1.396s] symbolically linking /home/duy/Experiment/hrc_ws/build/realsense_tracker/resource/realsense_tracker -> /home/duy/Experiment/hrc_ws/install/realsense_tracker/share/ament_index/resource_index/packages
[1.396s] symbolically linking /home/duy/Experiment/hrc_ws/build/realsense_tracker/package.xml -> /home/duy/Experiment/hrc_ws/install/realsense_tracker/share/realsense_tracker
[1.396s] creating /home/duy/Experiment/hrc_ws/install/realsense_tracker/share/realsense_tracker/models
[1.397s] symbolically linking /home/duy/Experiment/hrc_ws/build/realsense_tracker/models/pose_landmarker_full.task -> /home/duy/Experiment/hrc_ws/install/realsense_tracker/share/realsense_tracker/models
[1.434s] Invoked command in '/home/duy/Experiment/hrc_ws/build/realsense_tracker' returned '0': CMAKE_PREFIX_PATH=/home/duy/Experiment/hrc_ws/install/human_hand_msgs:${CMAKE_PREFIX_PATH} LD_LIBRARY_PATH=/home/duy/Experiment/hrc_ws/install/human_hand_msgs/lib:${LD_LIBRARY_PATH} PKG_CONFIG_PATH=/home/duy/Experiment/hrc_ws/install/human_hand_msgs/lib/x86_64-linux-gnu/pkgconfig:/home/duy/Experiment/hrc_ws/install/human_hand_msgs/lib/pkgconfig PYTHONPATH=/home/duy/Experiment/hrc_ws/build/realsense_tracker/prefix_override:/usr/lib/python3/dist-packages/colcon_core/task/python/colcon_distutils_commands:/home/duy/Experiment/hrc_ws/install/realsense_tracker/lib/python3.10/site-packages:/home/duy/Experiment/hrc_ws/install/human_hand_msgs/local/lib/python3.10/dist-packages:${PYTHONPATH} ROS_PACKAGE_PATH=/home/duy/Experiment/hrc_ws/install/human_hand_msgs/share /usr/bin/python3 -W ignore:setup.py install is deprecated -W ignore:easy_install command is deprecated setup.py develop --editable --build-directory /home/duy/Experiment/hrc_ws/build/realsense_tracker/build --no-deps symlink_data
