[5.445s] Invoking command in '/home/duy/Documents/GitHub/Experiment/hrc_ws/src/predictor_ui': CMAKE_PREFIX_PATH=/home/duy/Documents/GitHub/Experiment/hrc_ws/install/human_hand_msgs LD_LIBRARY_PATH=/home/duy/Documents/GitHub/Experiment/hrc_ws/install/human_hand_msgs/lib:${LD_LIBRARY_PATH} PKG_CONFIG_PATH=/home/duy/Documents/GitHub/Experiment/hrc_ws/install/human_hand_msgs/lib/x86_64-linux-gnu/pkgconfig:/home/duy/Documents/GitHub/Experiment/hrc_ws/install/human_hand_msgs/lib/pkgconfig PYTHONPATH=/home/duy/Documents/GitHub/Experiment/hrc_ws/build/predictor_ui/prefix_override:/usr/lib/python3/dist-packages/colcon_core/task/python/colcon_distutils_commands:/home/duy/Documents/GitHub/Experiment/hrc_ws/install/predictor_ui/lib/python3.10/site-packages:/home/duy/Documents/GitHub/Experiment/hrc_ws/install/human_hand_msgs/local/lib/python3.10/dist-packages:${PYTHONPATH} ROS_PACKAGE_PATH=/home/duy/Documents/GitHub/Experiment/hrc_ws/install/human_hand_msgs/share /usr/bin/python3 -W ignore:setup.py install is deprecated -W ignore:easy_install command is deprecated setup.py egg_info --egg-base ../../build/predictor_ui build --build-base /home/duy/Documents/GitHub/Experiment/hrc_ws/build/predictor_ui/build install --record /home/duy/Documents/GitHub/Experiment/hrc_ws/build/predictor_ui/install.log --single-version-externally-managed install_data
[6.420s] running egg_info
[6.422s] creating ../../build/predictor_ui/predictor_ui.egg-info
[6.423s] writing ../../build/predictor_ui/predictor_ui.egg-info/PKG-INFO
[6.425s] writing dependency_links to ../../build/predictor_ui/predictor_ui.egg-info/dependency_links.txt
[6.425s] writing entry points to ../../build/predictor_ui/predictor_ui.egg-info/entry_points.txt
[6.426s] writing requirements to ../../build/predictor_ui/predictor_ui.egg-info/requires.txt
[6.426s] writing top-level names to ../../build/predictor_ui/predictor_ui.egg-info/top_level.txt
[6.427s] writing manifest file '../../build/predictor_ui/predictor_ui.egg-info/SOURCES.txt'
[6.434s] reading manifest file '../../build/predictor_ui/predictor_ui.egg-info/SOURCES.txt'
[6.437s] writing manifest file '../../build/predictor_ui/predictor_ui.egg-info/SOURCES.txt'
[6.437s] running build
[6.437s] running build_py
[6.438s] creating /home/duy/Documents/GitHub/Experiment/hrc_ws/build/predictor_ui/build
[6.438s] creating /home/duy/Documents/GitHub/Experiment/hrc_ws/build/predictor_ui/build/lib
[6.439s] creating /home/duy/Documents/GitHub/Experiment/hrc_ws/build/predictor_ui/build/lib/predictor_ui
[6.439s] copying predictor_ui/__init__.py -> /home/duy/Documents/GitHub/Experiment/hrc_ws/build/predictor_ui/build/lib/predictor_ui
[6.440s] copying predictor_ui/ui_node.py -> /home/duy/Documents/GitHub/Experiment/hrc_ws/build/predictor_ui/build/lib/predictor_ui
[6.440s] running install
[6.441s] running install_lib
[6.444s] creating /home/duy/Documents/GitHub/Experiment/hrc_ws/install/predictor_ui/lib/python3.10/site-packages/predictor_ui
[6.445s] copying /home/duy/Documents/GitHub/Experiment/hrc_ws/build/predictor_ui/build/lib/predictor_ui/__init__.py -> /home/duy/Documents/GitHub/Experiment/hrc_ws/install/predictor_ui/lib/python3.10/site-packages/predictor_ui
[6.445s] copying /home/duy/Documents/GitHub/Experiment/hrc_ws/build/predictor_ui/build/lib/predictor_ui/ui_node.py -> /home/duy/Documents/GitHub/Experiment/hrc_ws/install/predictor_ui/lib/python3.10/site-packages/predictor_ui
[6.447s] byte-compiling /home/duy/Documents/GitHub/Experiment/hrc_ws/install/predictor_ui/lib/python3.10/site-packages/predictor_ui/__init__.py to __init__.cpython-310.pyc
[6.448s] byte-compiling /home/duy/Documents/GitHub/Experiment/hrc_ws/install/predictor_ui/lib/python3.10/site-packages/predictor_ui/ui_node.py to ui_node.cpython-310.pyc
[6.459s] running install_data
[6.460s] creating /home/duy/Documents/GitHub/Experiment/hrc_ws/install/predictor_ui/share/ament_index
[6.460s] creating /home/duy/Documents/GitHub/Experiment/hrc_ws/install/predictor_ui/share/ament_index/resource_index
[6.461s] creating /home/duy/Documents/GitHub/Experiment/hrc_ws/install/predictor_ui/share/ament_index/resource_index/packages
[6.461s] copying resource/predictor_ui -> /home/duy/Documents/GitHub/Experiment/hrc_ws/install/predictor_ui/share/ament_index/resource_index/packages
[6.461s] copying package.xml -> /home/duy/Documents/GitHub/Experiment/hrc_ws/install/predictor_ui/share/predictor_ui
[6.461s] running install_egg_info
[6.470s] Copying ../../build/predictor_ui/predictor_ui.egg-info to /home/duy/Documents/GitHub/Experiment/hrc_ws/install/predictor_ui/lib/python3.10/site-packages/predictor_ui-0.1.0-py3.10.egg-info
[6.474s] running install_scripts
[6.560s] Installing ui_node script to /home/duy/Documents/GitHub/Experiment/hrc_ws/install/predictor_ui/lib/predictor_ui
[6.561s] writing list of installed files to '/home/duy/Documents/GitHub/Experiment/hrc_ws/build/predictor_ui/install.log'
[6.677s] Invoked command in '/home/duy/Documents/GitHub/Experiment/hrc_ws/src/predictor_ui' returned '0': CMAKE_PREFIX_PATH=/home/duy/Documents/GitHub/Experiment/hrc_ws/install/human_hand_msgs LD_LIBRARY_PATH=/home/duy/Documents/GitHub/Experiment/hrc_ws/install/human_hand_msgs/lib:${LD_LIBRARY_PATH} PKG_CONFIG_PATH=/home/duy/Documents/GitHub/Experiment/hrc_ws/install/human_hand_msgs/lib/x86_64-linux-gnu/pkgconfig:/home/duy/Documents/GitHub/Experiment/hrc_ws/install/human_hand_msgs/lib/pkgconfig PYTHONPATH=/home/duy/Documents/GitHub/Experiment/hrc_ws/build/predictor_ui/prefix_override:/usr/lib/python3/dist-packages/colcon_core/task/python/colcon_distutils_commands:/home/duy/Documents/GitHub/Experiment/hrc_ws/install/predictor_ui/lib/python3.10/site-packages:/home/duy/Documents/GitHub/Experiment/hrc_ws/install/human_hand_msgs/local/lib/python3.10/dist-packages:${PYTHONPATH} ROS_PACKAGE_PATH=/home/duy/Documents/GitHub/Experiment/hrc_ws/install/human_hand_msgs/share /usr/bin/python3 -W ignore:setup.py install is deprecated -W ignore:easy_install command is deprecated setup.py egg_info --egg-base ../../build/predictor_ui build --build-base /home/duy/Documents/GitHub/Experiment/hrc_ws/build/predictor_ui/build install --record /home/duy/Documents/GitHub/Experiment/hrc_ws/build/predictor_ui/install.log --single-version-externally-managed install_data
