[0.000000] (-) TimerEvent: {}
[0.000389] (-) JobUnselected: {'identifier': 'experiment_logger'}
[0.000823] (-) JobUnselected: {'identifier': 'hrc_bringup'}
[0.000952] (-) JobUnselected: {'identifier': 'human_hand_msgs'}
[0.000985] (-) JobUnselected: {'identifier': 'trajectory_predictor'}
[0.001158] (predictor_ui) JobQueued: {'identifier': 'predictor_ui', 'dependencies': OrderedDict([('human_hand_msgs', '/home/duy/Experiment/hrc_ws/install/human_hand_msgs')])}
[0.001237] (realsense_tracker) JobQueued: {'identifier': 'realsense_tracker', 'dependencies': OrderedDict([('human_hand_msgs', '/home/duy/Experiment/hrc_ws/install/human_hand_msgs')])}
[0.001263] (predictor_ui) JobStarted: {'identifier': 'predictor_ui'}
[0.006246] (realsense_tracker) JobStarted: {'identifier': 'realsense_tracker'}
[0.099862] (-) TimerEvent: {}
[0.200161] (-) TimerEvent: {}
[0.300584] (-) TimerEvent: {}
[0.400809] (-) TimerEvent: {}
[0.501038] (-) TimerEvent: {}
[0.601420] (-) TimerEvent: {}
[0.701712] (-) TimerEvent: {}
[0.744757] (realsense_tracker) Command: {'cmd': ['/usr/bin/python3', '-W', 'ignore:setup.py install is deprecated', '-W', 'ignore:easy_install command is deprecated', 'setup.py', 'egg_info', '--egg-base', '../../build/realsense_tracker', 'build', '--build-base', '/home/duy/Experiment/hrc_ws/build/realsense_tracker/build', 'install', '--record', '/home/duy/Experiment/hrc_ws/build/realsense_tracker/install.log', '--single-version-externally-managed', 'install_data'], 'cwd': '/home/duy/Experiment/hrc_ws/src/realsense_tracker', 'env': {'GJS_DEBUG_TOPICS': 'JS ERROR;JS LOG', 'LESSOPEN': '| /usr/bin/lesspipe %s', 'VSCODE_CWD': '/home/duy', 'USER': 'duy', 'LC_TIME': 'en_US.UTF-8', 'VSCODE_NLS_CONFIG': '{"userLocale":"en-us","osLocale":"en-us","resolvedLanguage":"en","defaultMessagesFile":"/usr/share/antigravity/resources/app/out/nls.messages.json","locale":"en-us","availableLanguages":{}}', 'XDG_SESSION_TYPE': 'wayland', 'ROS_PACKAGE_PATH': '/home/duy/Experiment/hrc_ws/install/human_hand_msgs/share', 'SHLVL': '0', 'LD_LIBRARY_PATH': '/home/duy/Experiment/hrc_ws/install/human_hand_msgs/lib:/usr/local/lib/nuitrack:/home/duy/kinectv2/install/libfreenect2/lib:/home/duy/kinectv2/install/kinect2_registration/lib:/usr/lib/x86_64-linux-gnu/gazebo-11/plugins:/opt/ros/humble/opt/rviz_ogre_vendor/lib:/opt/ros/humble/lib/x86_64-linux-gnu:/opt/ros/humble/lib:/usr/local/lib/nuitrack:/usr/local/lib/nuitrack', 'HOME': '/home/duy', 'CHROME_DESKTOP': 'antigravity.desktop', 'OLDPWD': '/home/duy/Experiment/hrc_ws', 'DESKTOP_SESSION': 'ubuntu', 'VSCODE_IPC_HOOK': '/run/user/1000/vscode-d3248cd9-1.10-main.sock', 'GIO_LAUNCHED_DESKTOP_FILE': '/usr/share/applications/antigravity.desktop', 'ROS_PYTHON_VERSION': '3', 'GNOME_SHELL_SESSION_MODE': 'ubuntu', 'GTK_MODULES': 'gail:atk-bridge', 'PAGER': 'cat', 'LC_MONETARY': 'en_US.UTF-8', 'MANAGERPID': '1102', 'SYSTEMD_EXEC_PID': '1227', 'IM_CONFIG_CHECK_ENV': '1', 'DBUS_SESSION_BUS_ADDRESS': 'unix:path=/run/user/1000/bus', 'ANTIGRAVITY_AGENT': '1', 'GIO_LAUNCHED_DESKTOP_FILE_PID': '13704', 'IM_CONFIG_PHASE': '1', 'WAYLAND_DISPLAY': 'wayland-0', 'COLCON_PREFIX_PATH': '/home/duy/kinectv2/install', 'ROS_DISTRO': 'humble', 'GTK_IM_MODULE': 'ibus', 'LOGNAME': 'duy', 'JOURNAL_STREAM': '8:6619', '_': '/usr/bin/colcon', 'ROS_VERSION': '2', 'XDG_SESSION_CLASS': 'user', 'PKG_CONFIG_PATH': '/home/duy/Experiment/hrc_ws/install/human_hand_msgs/lib/x86_64-linux-gnu/pkgconfig:/home/duy/Experiment/hrc_ws/install/human_hand_msgs/lib/pkgconfig', 'USERNAME': 'duy', 'TERM': 'dumb', 'GNOME_DESKTOP_SESSION_ID': 'this-is-deprecated', 'FC_FONTATIONS': '1', 'ROS_LOCALHOST_ONLY': '0', 'ANTIGRAVITY_EDITOR_APP_ROOT': '/usr/share/antigravity/resources/app', 'PATH': '/home/duy/.local/bin:/opt/ros/humble/bin:/home/duy/.local/bin:/usr/local/sbin:/usr/local/bin:/usr/sbin:/usr/bin:/sbin:/bin:/usr/games:/usr/local/games:/snap/bin:/snap/bin:/home/duy/libfreenect2/build/bin', 'SESSION_MANAGER': 'local/duy-Vivobook-ASUSLaptop-X1503ZA-A1503ZA:@/tmp/.ICE-unix/1197,unix/duy-Vivobook-ASUSLaptop-X1503ZA-A1503ZA:/tmp/.ICE-unix/1197', 'INVOCATION_ID': 'caa7194b4a5c407f882e618f5dd7ff1e', 'PAPERSIZE': 'letter', 'XDG_MENU_PREFIX': 'gnome-', 'LC_ADDRESS': 'en_US.UTF-8', 'GNOME_SETUP_DISPLAY': ':1', 'XDG_RUNTIME_DIR': '/run/user/1000', 'GDK_BACKEND': 'wayland', 'DISPLAY': ':0', 'LANG': 'en_US.UTF-8', 'XDG_CURRENT_DESKTOP': 'ubuntu:GNOME', 'LC_TELEPHONE': 'en_US.UTF-8', 'RMW_IMPLEMENTATION': 'rmw_fastrtps_cpp', 'XMODIFIERS': '@im=ibus', 'XDG_SESSION_DESKTOP': 'ubuntu', 'XAUTHORITY': '/run/user/1000/.mutter-Xwaylandauth.EQ1FO3', 'LS_COLORS': '', 'SSH_AGENT_LAUNCHER': 'gnome-keyring', 'SSH_AUTH_SOCK': '/run/user/1000/keyring/ssh', 'ROS_DOMAIN_ID': '0', 'AMENT_PREFIX_PATH': '/home/duy/kinectv2/install/kinect2_bridge:/home/duy/kinectv2/install/kinect2_registration:/opt/ros/humble', 'NUITRACK_HOME': '/usr/etc/nuitrack', 'SHELL': '/bin/bash', 'LC_NAME': 'en_US.UTF-8', 'QT_ACCESSIBILITY': '1', 'GDMSESSION': 'ubuntu', 'LESSCLOSE': '/usr/bin/lesspipe %s %s', 'LC_MEASUREMENT': 'en_US.UTF-8', 'GJS_DEBUG_OUTPUT': 'stderr', 'LC_IDENTIFICATION': 'en_US.UTF-8', 'QT_IM_MODULE': 'ibus', 'ANTIGRAVITY_TRAJECTORY_ID': '244b4c34-7a87-42c2-807e-16430302bfb1', 'PWD': '/home/duy/Experiment/hrc_ws/build/realsense_tracker', 'LC_ALL': 'en_US.UTF-8', 'XDG_CONFIG_DIRS': '/etc/xdg/xdg-ubuntu:/etc/xdg', 'VSCODE_CODE_CACHE_PATH': '/home/duy/.config/Antigravity/CachedData/15487b3041e65228cae24980a3f796c905ef582c', 'XDG_DATA_DIRS': '/usr/share/ubuntu:/usr/local/share/:/usr/share/:/var/lib/snapd/desktop', 'PYTHONPATH': '/home/duy/Experiment/hrc_ws/build/realsense_tracker/prefix_override:/usr/lib/python3/dist-packages/colcon_core/task/python/colcon_distutils_commands:/home/duy/Experiment/hrc_ws/install/realsense_tracker/lib/python3.10/site-packages:/home/duy/Experiment/hrc_ws/install/human_hand_msgs/local/lib/python3.10/dist-packages:/opt/ros/humble/lib/python3.10/site-packages:/opt/ros/humble/local/lib/python3.10/dist-packages', 'LC_NUMERIC': 'en_US.UTF-8', 'LC_PAPER': 'en_US.UTF-8', 'COLCON': '1', 'CMAKE_PREFIX_PATH': '/home/duy/Experiment/hrc_ws/install/human_hand_msgs:/home/duy/kinectv2/install/libfreenect2:/home/duy/kinectv2/install/kinect2_bridge:/home/duy/kinectv2/install/kinect2_registration', 'VSCODE_PID': '13704'}, 'shell': False}
[0.747459] (predictor_ui) Command: {'cmd': ['/usr/bin/python3', '-W', 'ignore:setup.py install is deprecated', '-W', 'ignore:easy_install command is deprecated', 'setup.py', 'egg_info', '--egg-base', '../../build/predictor_ui', 'build', '--build-base', '/home/duy/Experiment/hrc_ws/build/predictor_ui/build', 'install', '--record', '/home/duy/Experiment/hrc_ws/build/predictor_ui/install.log', '--single-version-externally-managed', 'install_data'], 'cwd': '/home/duy/Experiment/hrc_ws/src/predictor_ui', 'env': {'GJS_DEBUG_TOPICS': 'JS ERROR;JS LOG', 'LESSOPEN': '| /usr/bin/lesspipe %s', 'VSCODE_CWD': '/home/duy', 'USER': 'duy', 'LC_TIME': 'en_US.UTF-8', 'VSCODE_NLS_CONFIG': '{"userLocale":"en-us","osLocale":"en-us","resolvedLanguage":"en","defaultMessagesFile":"/usr/share/antigravity/resources/app/out/nls.messages.json","locale":"en-us","availableLanguages":{}}', 'XDG_SESSION_TYPE': 'wayland', 'ROS_PACKAGE_PATH': '/home/duy/Experiment/hrc_ws/install/human_hand_msgs/share', 'SHLVL': '0', 'LD_LIBRARY_PATH': '/home/duy/Experiment/hrc_ws/install/human_hand_msgs/lib:/usr/local/lib/nuitrack:/home/duy/kinectv2/install/libfreenect2/lib:/home/duy/kinectv2/install/kinect2_registration/lib:/usr/lib/x86_64-linux-gnu/gazebo-11/plugins:/opt/ros/humble/opt/rviz_ogre_vendor/lib:/opt/ros/humble/lib/x86_64-linux-gnu:/opt/ros/humble/lib:/usr/local/lib/nuitrack:/usr/local/lib/nuitrack', 'HOME': '/home/duy', 'CHROME_DESKTOP': 'antigravity.desktop', 'OLDPWD': '/home/duy/Experiment/hrc_ws', 'DESKTOP_SESSION': 'ubuntu', 'VSCODE_IPC_HOOK': '/run/user/1000/vscode-d3248cd9-1.10-main.sock', 'GIO_LAUNCHED_DESKTOP_FILE': '/usr/share/applications/antigravity.desktop', 'ROS_PYTHON_VERSION': '3', 'GNOME_SHELL_SESSION_MODE': 'ubuntu', 'GTK_MODULES': 'gail:atk-bridge', 'PAGER': 'cat', 'LC_MONETARY': 'en_US.UTF-8', 'MANAGERPID': '1102', 'SYSTEMD_EXEC_PID': '1227', 'IM_CONFIG_CHECK_ENV': '1', 'DBUS_SESSION_BUS_ADDRESS': 'unix:path=/run/user/1000/bus', 'ANTIGRAVITY_AGENT': '1', 'GIO_LAUNCHED_DESKTOP_FILE_PID': '13704', 'IM_CONFIG_PHASE': '1', 'WAYLAND_DISPLAY': 'wayland-0', 'COLCON_PREFIX_PATH': '/home/duy/kinectv2/install', 'ROS_DISTRO': 'humble', 'GTK_IM_MODULE': 'ibus', 'LOGNAME': 'duy', 'JOURNAL_STREAM': '8:6619', '_': '/usr/bin/colcon', 'ROS_VERSION': '2', 'XDG_SESSION_CLASS': 'user', 'PKG_CONFIG_PATH': '/home/duy/Experiment/hrc_ws/install/human_hand_msgs/lib/x86_64-linux-gnu/pkgconfig:/home/duy/Experiment/hrc_ws/install/human_hand_msgs/lib/pkgconfig', 'USERNAME': 'duy', 'TERM': 'dumb', 'GNOME_DESKTOP_SESSION_ID': 'this-is-deprecated', 'FC_FONTATIONS': '1', 'ROS_LOCALHOST_ONLY': '0', 'ANTIGRAVITY_EDITOR_APP_ROOT': '/usr/share/antigravity/resources/app', 'PATH': '/home/duy/.local/bin:/opt/ros/humble/bin:/home/duy/.local/bin:/usr/local/sbin:/usr/local/bin:/usr/sbin:/usr/bin:/sbin:/bin:/usr/games:/usr/local/games:/snap/bin:/snap/bin:/home/duy/libfreenect2/build/bin', 'SESSION_MANAGER': 'local/duy-Vivobook-ASUSLaptop-X1503ZA-A1503ZA:@/tmp/.ICE-unix/1197,unix/duy-Vivobook-ASUSLaptop-X1503ZA-A1503ZA:/tmp/.ICE-unix/1197', 'INVOCATION_ID': 'caa7194b4a5c407f882e618f5dd7ff1e', 'PAPERSIZE': 'letter', 'XDG_MENU_PREFIX': 'gnome-', 'LC_ADDRESS': 'en_US.UTF-8', 'GNOME_SETUP_DISPLAY': ':1', 'XDG_RUNTIME_DIR': '/run/user/1000', 'GDK_BACKEND': 'wayland', 'DISPLAY': ':0', 'LANG': 'en_US.UTF-8', 'XDG_CURRENT_DESKTOP': 'ubuntu:GNOME', 'LC_TELEPHONE': 'en_US.UTF-8', 'RMW_IMPLEMENTATION': 'rmw_fastrtps_cpp', 'XMODIFIERS': '@im=ibus', 'XDG_SESSION_DESKTOP': 'ubuntu', 'XAUTHORITY': '/run/user/1000/.mutter-Xwaylandauth.EQ1FO3', 'LS_COLORS': '', 'SSH_AGENT_LAUNCHER': 'gnome-keyring', 'SSH_AUTH_SOCK': '/run/user/1000/keyring/ssh', 'ROS_DOMAIN_ID': '0', 'AMENT_PREFIX_PATH': '/home/duy/kinectv2/install/kinect2_bridge:/home/duy/kinectv2/install/kinect2_registration:/opt/ros/humble', 'NUITRACK_HOME': '/usr/etc/nuitrack', 'SHELL': '/bin/bash', 'LC_NAME': 'en_US.UTF-8', 'QT_ACCESSIBILITY': '1', 'GDMSESSION': 'ubuntu', 'LESSCLOSE': '/usr/bin/lesspipe %s %s', 'LC_MEASUREMENT': 'en_US.UTF-8', 'GJS_DEBUG_OUTPUT': 'stderr', 'LC_IDENTIFICATION': 'en_US.UTF-8', 'QT_IM_MODULE': 'ibus', 'ANTIGRAVITY_TRAJECTORY_ID': '244b4c34-7a87-42c2-807e-16430302bfb1', 'PWD': '/home/duy/Experiment/hrc_ws/build/predictor_ui', 'LC_ALL': 'en_US.UTF-8', 'XDG_CONFIG_DIRS': '/etc/xdg/xdg-ubuntu:/etc/xdg', 'VSCODE_CODE_CACHE_PATH': '/home/duy/.config/Antigravity/CachedData/15487b3041e65228cae24980a3f796c905ef582c', 'XDG_DATA_DIRS': '/usr/share/ubuntu:/usr/local/share/:/usr/share/:/var/lib/snapd/desktop', 'PYTHONPATH': '/home/duy/Experiment/hrc_ws/build/predictor_ui/prefix_override:/usr/lib/python3/dist-packages/colcon_core/task/python/colcon_distutils_commands:/home/duy/Experiment/hrc_ws/install/predictor_ui/lib/python3.10/site-packages:/home/duy/Experiment/hrc_ws/install/human_hand_msgs/local/lib/python3.10/dist-packages:/opt/ros/humble/lib/python3.10/site-packages:/opt/ros/humble/local/lib/python3.10/dist-packages', 'LC_NUMERIC': 'en_US.UTF-8', 'LC_PAPER': 'en_US.UTF-8', 'COLCON': '1', 'CMAKE_PREFIX_PATH': '/home/duy/Experiment/hrc_ws/install/human_hand_msgs:/home/duy/kinectv2/install/libfreenect2:/home/duy/kinectv2/install/kinect2_bridge:/home/duy/kinectv2/install/kinect2_registration', 'VSCODE_PID': '13704'}, 'shell': False}
[0.801946] (-) TimerEvent: {}
[0.902367] (-) TimerEvent: {}
[0.964725] (realsense_tracker) StdoutLine: {'line': b'running egg_info\n'}
[0.965196] (predictor_ui) StdoutLine: {'line': b'running egg_info\n'}
[0.965371] (realsense_tracker) StdoutLine: {'line': b'writing ../../build/realsense_tracker/realsense_tracker.egg-info/PKG-INFO\n'}
[0.965552] (realsense_tracker) StdoutLine: {'line': b'writing dependency_links to ../../build/realsense_tracker/realsense_tracker.egg-info/dependency_links.txt\n'}
[0.965757] (predictor_ui) StdoutLine: {'line': b'writing ../../build/predictor_ui/predictor_ui.egg-info/PKG-INFO\n'}
[0.965974] (realsense_tracker) StdoutLine: {'line': b'writing entry points to ../../build/realsense_tracker/realsense_tracker.egg-info/entry_points.txt\n'}
[0.966096] (realsense_tracker) StdoutLine: {'line': b'writing requirements to ../../build/realsense_tracker/realsense_tracker.egg-info/requires.txt\n'}
[0.966193] (realsense_tracker) StdoutLine: {'line': b'writing top-level names to ../../build/realsense_tracker/realsense_tracker.egg-info/top_level.txt\n'}
[0.966279] (predictor_ui) StdoutLine: {'line': b'writing dependency_links to ../../build/predictor_ui/predictor_ui.egg-info/dependency_links.txt\n'}
[0.966407] (predictor_ui) StdoutLine: {'line': b'writing entry points to ../../build/predictor_ui/predictor_ui.egg-info/entry_points.txt\n'}
[0.966502] (predictor_ui) StdoutLine: {'line': b'writing requirements to ../../build/predictor_ui/predictor_ui.egg-info/requires.txt\n'}
[0.966602] (predictor_ui) StdoutLine: {'line': b'writing top-level names to ../../build/predictor_ui/predictor_ui.egg-info/top_level.txt\n'}
[0.967238] (realsense_tracker) StdoutLine: {'line': b"reading manifest file '../../build/realsense_tracker/realsense_tracker.egg-info/SOURCES.txt'\n"}
[0.967427] (predictor_ui) StdoutLine: {'line': b"reading manifest file '../../build/predictor_ui/predictor_ui.egg-info/SOURCES.txt'\n"}
[0.975344] (predictor_ui) StdoutLine: {'line': b"writing manifest file '../../build/predictor_ui/predictor_ui.egg-info/SOURCES.txt'\n"}
[0.975577] (predictor_ui) StdoutLine: {'line': b'running build\n'}
[0.975706] (predictor_ui) StdoutLine: {'line': b'running build_py\n'}
[0.975797] (predictor_ui) StdoutLine: {'line': b'copying predictor_ui/ui_node.py -> /home/duy/Experiment/hrc_ws/build/predictor_ui/build/lib/predictor_ui\n'}
[0.975993] (realsense_tracker) StdoutLine: {'line': b"writing manifest file '../../build/realsense_tracker/realsense_tracker.egg-info/SOURCES.txt'\n"}
[0.976216] (realsense_tracker) StdoutLine: {'line': b'running build\n'}
[0.976298] (realsense_tracker) StdoutLine: {'line': b'running build_py\n'}
[0.976373] (realsense_tracker) StdoutLine: {'line': b'copying realsense_tracker/realsense_node.py -> /home/duy/Experiment/hrc_ws/build/realsense_tracker/build/lib/realsense_tracker\n'}
[0.976455] (realsense_tracker) StdoutLine: {'line': b'running install\n'}
[0.976563] (realsense_tracker) StdoutLine: {'line': b'running install_lib\n'}
[0.976639] (predictor_ui) StdoutLine: {'line': b'running install\n'}
[0.976756] (predictor_ui) StdoutLine: {'line': b'running install_lib\n'}
[0.976836] (realsense_tracker) StdoutLine: {'line': b'copying /home/duy/Experiment/hrc_ws/build/realsense_tracker/build/lib/realsense_tracker/realsense_node.py -> /home/duy/Experiment/hrc_ws/install/realsense_tracker/lib/python3.10/site-packages/realsense_tracker\n'}
[0.976918] (predictor_ui) StdoutLine: {'line': b'copying /home/duy/Experiment/hrc_ws/build/predictor_ui/build/lib/predictor_ui/ui_node.py -> /home/duy/Experiment/hrc_ws/install/predictor_ui/lib/python3.10/site-packages/predictor_ui\n'}
[0.977072] (realsense_tracker) StdoutLine: {'line': b'byte-compiling /home/duy/Experiment/hrc_ws/install/realsense_tracker/lib/python3.10/site-packages/realsense_tracker/realsense_node.py to realsense_node.cpython-310.pyc\n'}
[0.977152] (predictor_ui) StdoutLine: {'line': b'byte-compiling /home/duy/Experiment/hrc_ws/install/predictor_ui/lib/python3.10/site-packages/predictor_ui/ui_node.py to ui_node.cpython-310.pyc\n'}
[0.978446] (realsense_tracker) StdoutLine: {'line': b'running install_data\n'}
[0.978566] (realsense_tracker) StdoutLine: {'line': b'running install_egg_info\n'}
[0.979063] (predictor_ui) StdoutLine: {'line': b'running install_data\n'}
[0.979186] (predictor_ui) StdoutLine: {'line': b'running install_egg_info\n'}
[0.979792] (realsense_tracker) StdoutLine: {'line': b"removing '/home/duy/Experiment/hrc_ws/install/realsense_tracker/lib/python3.10/site-packages/realsense_tracker-0.0.0-py3.10.egg-info' (and everything under it)\n"}
[0.979912] (realsense_tracker) StdoutLine: {'line': b'Copying ../../build/realsense_tracker/realsense_tracker.egg-info to /home/duy/Experiment/hrc_ws/install/realsense_tracker/lib/python3.10/site-packages/realsense_tracker-0.0.0-py3.10.egg-info\n'}
[0.980363] (realsense_tracker) StdoutLine: {'line': b'running install_scripts\n'}
[0.980472] (predictor_ui) StdoutLine: {'line': b"removing '/home/duy/Experiment/hrc_ws/install/predictor_ui/lib/python3.10/site-packages/predictor_ui-0.1.0-py3.10.egg-info' (and everything under it)\n"}
[0.980585] (predictor_ui) StdoutLine: {'line': b'Copying ../../build/predictor_ui/predictor_ui.egg-info to /home/duy/Experiment/hrc_ws/install/predictor_ui/lib/python3.10/site-packages/predictor_ui-0.1.0-py3.10.egg-info\n'}
[0.980889] (predictor_ui) StdoutLine: {'line': b'running install_scripts\n'}
[0.995049] (realsense_tracker) StdoutLine: {'line': b'Installing realsense_node script to /home/duy/Experiment/hrc_ws/install/realsense_tracker/lib/realsense_tracker\n'}
[0.995377] (predictor_ui) StdoutLine: {'line': b'Installing ui_node script to /home/duy/Experiment/hrc_ws/install/predictor_ui/lib/predictor_ui\n'}
[0.995604] (realsense_tracker) StdoutLine: {'line': b"writing list of installed files to '/home/duy/Experiment/hrc_ws/build/realsense_tracker/install.log'\n"}
[0.995846] (predictor_ui) StdoutLine: {'line': b"writing list of installed files to '/home/duy/Experiment/hrc_ws/build/predictor_ui/install.log'\n"}
[1.002481] (-) TimerEvent: {}
[1.019749] (predictor_ui) CommandEnded: {'returncode': 0}
[1.026984] (predictor_ui) JobEnded: {'identifier': 'predictor_ui', 'rc': 0}
[1.027343] (realsense_tracker) CommandEnded: {'returncode': 0}
[1.031432] (realsense_tracker) JobEnded: {'identifier': 'realsense_tracker', 'rc': 0}
[1.031795] (-) EventReactorShutdown: {}
