[3.750s] Invoking command in '/home/duy/Documents/GitHub/Experiment/hrc_ws/build/predictor_ui': CMAKE_PREFIX_PATH=/home/duy/Documents/GitHub/Experiment/hrc_ws/install/human_hand_msgs LD_LIBRARY_PATH=/home/duy/Documents/GitHub/Experiment/hrc_ws/install/human_hand_msgs/lib:${LD_LIBRARY_PATH} PKG_CONFIG_PATH=/home/duy/Documents/GitHub/Experiment/hrc_ws/install/human_hand_msgs/lib/x86_64-linux-gnu/pkgconfig:/home/duy/Documents/GitHub/Experiment/hrc_ws/install/human_hand_msgs/lib/pkgconfig PYTHONPATH=/home/duy/Documents/GitHub/Experiment/hrc_ws/build/predictor_ui/prefix_override:/usr/lib/python3/dist-packages/colcon_core/task/python/colcon_distutils_commands:/home/duy/Documents/GitHub/Experiment/hrc_ws/install/predictor_ui/lib/python3.10/site-packages:/home/duy/Documents/GitHub/Experiment/hrc_ws/install/human_hand_msgs/local/lib/python3.10/dist-packages:${PYTHONPATH} ROS_PACKAGE_PATH=/home/duy/Documents/GitHub/Experiment/hrc_ws/install/human_hand_msgs/share /usr/bin/python3 -W ignore:setup.py install is deprecated -W ignore:easy_install command is deprecated setup.py develop --uninstall --editable --build-directory /home/duy/Documents/GitHub/Experiment/hrc_ws/build/predictor_ui/build
[4.849s] running develop
[5.589s] Removing /home/duy/Documents/GitHub/Experiment/hrc_ws/install/predictor_ui/lib/python3.10/site-packages/predictor-ui.egg-link (link to .)
[5.675s] Invoked command in '/home/duy/Documents/GitHub/Experiment/hrc_ws/build/predictor_ui' returned '0': CMAKE_PREFIX_PATH=/home/duy/Documents/GitHub/Experiment/hrc_ws/install/human_hand_msgs LD_LIBRARY_PATH=/home/duy/Documents/GitHub/Experiment/hrc_ws/install/human_hand_msgs/lib:${LD_LIBRARY_PATH} PKG_CONFIG_PATH=/home/duy/Documents/GitHub/Experiment/hrc_ws/install/human_hand_msgs/lib/x86_64-linux-gnu/pkgconfig:/home/duy/Documents/GitHub/Experiment/hrc_ws/install/human_hand_msgs/lib/pkgconfig PYTHONPATH=/home/duy/Documents/GitHub/Experiment/hrc_ws/build/predictor_ui/prefix_override:/usr/lib/python3/dist-packages/colcon_core/task/python/colcon_distutils_commands:/home/duy/Documents/GitHub/Experiment/hrc_ws/install/predictor_ui/lib/python3.10/site-packages:/home/duy/Documents/GitHub/Experiment/hrc_ws/install/human_hand_msgs/local/lib/python3.10/dist-packages:${PYTHONPATH} ROS_PACKAGE_PATH=/home/duy/Documents/GitHub/Experiment/hrc_ws/install/human_hand_msgs/share /usr/bin/python3 -W ignore:setup.py install is deprecated -W ignore:easy_install command is deprecated setup.py develop --uninstall --editable --build-directory /home/duy/Documents/GitHub/Experiment/hrc_ws/build/predictor_ui/build
[5.683s] Invoking command in '/home/duy/Documents/GitHub/Experiment/hrc_ws/src/predictor_ui': CMAKE_PREFIX_PATH=/home/duy/Documents/GitHub/Experiment/hrc_ws/install/human_hand_msgs LD_LIBRARY_PATH=/home/duy/Documents/GitHub/Experiment/hrc_ws/install/human_hand_msgs/lib:${LD_LIBRARY_PATH} PKG_CONFIG_PATH=/home/duy/Documents/GitHub/Experiment/hrc_ws/install/human_hand_msgs/lib/x86_64-linux-gnu/pkgconfig:/home/duy/Documents/GitHub/Experiment/hrc_ws/install/human_hand_msgs/lib/pkgconfig PYTHONPATH=/home/duy/Documents/GitHub/Experiment/hrc_ws/build/predictor_ui/prefix_override:/usr/lib/python3/dist-packages/colcon_core/task/python/colcon_distutils_commands:/home/duy/Documents/GitHub/Experiment/hrc_ws/install/predictor_ui/lib/python3.10/site-packages:/home/duy/Documents/GitHub/Experiment/hrc_ws/install/human_hand_msgs/local/lib/python3.10/dist-packages:${PYTHONPATH} ROS_PACKAGE_PATH=/home/duy/Documents/GitHub/Experiment/hrc_ws/install/human_hand_msgs/share /usr/bin/python3 -W ignore:setup.py install is deprecated -W ignore:easy_install command is deprecated setup.py egg_info --egg-base ../../build/predictor_ui build --build-base /home/duy/Documents/GitHub/Experiment/hrc_ws/build/predictor_ui/build install --record /home/duy/Documents/GitHub/Experiment/hrc_ws/build/predictor_ui/install.log --single-version-externally-managed install_data --force
[7.094s] running egg_info
[7.098s] writing ../../build/predictor_ui/predictor_ui.egg-info/PKG-INFO
[7.099s] writing dependency_links to ../../build/predictor_ui/predictor_ui.egg-info/dependency_links.txt
[7.101s] writing entry points to ../../build/predictor_ui/predictor_ui.egg-info/entry_points.txt
[7.102s] writing requirements to ../../build/predictor_ui/predictor_ui.egg-info/requires.txt
[7.102s] writing top-level names to ../../build/predictor_ui/predictor_ui.egg-info/top_level.txt
[7.112s] reading manifest file '../../build/predictor_ui/predictor_ui.egg-info/SOURCES.txt'
[7.119s] writing manifest file '../../build/predictor_ui/predictor_ui.egg-info/SOURCES.txt'
[7.120s] running build
[7.122s] running build_py
[7.123s] copying predictor_ui/ui_node.py -> /home/duy/Documents/GitHub/Experiment/hrc_ws/build/predictor_ui/build/lib/predictor_ui
[7.124s] running install
[7.124s] running install_lib
[7.128s] creating /home/duy/Documents/GitHub/Experiment/hrc_ws/install/predictor_ui/lib/python3.10/site-packages/predictor_ui
[7.129s] copying /home/duy/Documents/GitHub/Experiment/hrc_ws/build/predictor_ui/build/lib/predictor_ui/__init__.py -> /home/duy/Documents/GitHub/Experiment/hrc_ws/install/predictor_ui/lib/python3.10/site-packages/predictor_ui
[7.129s] copying /home/duy/Documents/GitHub/Experiment/hrc_ws/build/predictor_ui/build/lib/predictor_ui/ui_node.py -> /home/duy/Documents/GitHub/Experiment/hrc_ws/install/predictor_ui/lib/python3.10/site-packages/predictor_ui
[7.132s] byte-compiling /home/duy/Documents/GitHub/Experiment/hrc_ws/install/predictor_ui/lib/python3.10/site-packages/predictor_ui/__init__.py to __init__.cpython-310.pyc
[7.133s] byte-compiling /home/duy/Documents/GitHub/Experiment/hrc_ws/install/predictor_ui/lib/python3.10/site-packages/predictor_ui/ui_node.py to ui_node.cpython-310.pyc
[7.148s] running install_data
[7.149s] copying resource/predictor_ui -> /home/duy/Documents/GitHub/Experiment/hrc_ws/install/predictor_ui/share/ament_index/resource_index/packages
[7.150s] copying package.xml -> /home/duy/Documents/GitHub/Experiment/hrc_ws/install/predictor_ui/share/predictor_ui
[7.150s] running install_egg_info
[7.161s] Copying ../../build/predictor_ui/predictor_ui.egg-info to /home/duy/Documents/GitHub/Experiment/hrc_ws/install/predictor_ui/lib/python3.10/site-packages/predictor_ui-0.1.0-py3.10.egg-info
[7.166s] running install_scripts
[7.295s] Installing ui_node script to /home/duy/Documents/GitHub/Experiment/hrc_ws/install/predictor_ui/lib/predictor_ui
[7.297s] writing list of installed files to '/home/duy/Documents/GitHub/Experiment/hrc_ws/build/predictor_ui/install.log'
[7.409s] Invoked command in '/home/duy/Documents/GitHub/Experiment/hrc_ws/src/predictor_ui' returned '0': CMAKE_PREFIX_PATH=/home/duy/Documents/GitHub/Experiment/hrc_ws/install/human_hand_msgs LD_LIBRARY_PATH=/home/duy/Documents/GitHub/Experiment/hrc_ws/install/human_hand_msgs/lib:${LD_LIBRARY_PATH} PKG_CONFIG_PATH=/home/duy/Documents/GitHub/Experiment/hrc_ws/install/human_hand_msgs/lib/x86_64-linux-gnu/pkgconfig:/home/duy/Documents/GitHub/Experiment/hrc_ws/install/human_hand_msgs/lib/pkgconfig PYTHONPATH=/home/duy/Documents/GitHub/Experiment/hrc_ws/build/predictor_ui/prefix_override:/usr/lib/python3/dist-packages/colcon_core/task/python/colcon_distutils_commands:/home/duy/Documents/GitHub/Experiment/hrc_ws/install/predictor_ui/lib/python3.10/site-packages:/home/duy/Documents/GitHub/Experiment/hrc_ws/install/human_hand_msgs/local/lib/python3.10/dist-packages:${PYTHONPATH} ROS_PACKAGE_PATH=/home/duy/Documents/GitHub/Experiment/hrc_ws/install/human_hand_msgs/share /usr/bin/python3 -W ignore:setup.py install is deprecated -W ignore:easy_install command is deprecated setup.py egg_info --egg-base ../../build/predictor_ui build --build-base /home/duy/Documents/GitHub/Experiment/hrc_ws/build/predictor_ui/build install --record /home/duy/Documents/GitHub/Experiment/hrc_ws/build/predictor_ui/install.log --single-version-externally-managed install_data --force
