[5.452s] Invoking command in '/home/duy/Documents/GitHub/Experiment/hrc_ws/src/experiment_logger': CMAKE_PREFIX_PATH=/home/duy/Documents/GitHub/Experiment/hrc_ws/install/human_hand_msgs LD_LIBRARY_PATH=/home/duy/Documents/GitHub/Experiment/hrc_ws/install/human_hand_msgs/lib:${LD_LIBRARY_PATH} PKG_CONFIG_PATH=/home/duy/Documents/GitHub/Experiment/hrc_ws/install/human_hand_msgs/lib/x86_64-linux-gnu/pkgconfig:/home/duy/Documents/GitHub/Experiment/hrc_ws/install/human_hand_msgs/lib/pkgconfig PYTHONPATH=/home/duy/Documents/GitHub/Experiment/hrc_ws/build/experiment_logger/prefix_override:/usr/lib/python3/dist-packages/colcon_core/task/python/colcon_distutils_commands:/home/duy/Documents/GitHub/Experiment/hrc_ws/install/experiment_logger/lib/python3.10/site-packages:/home/duy/Documents/GitHub/Experiment/hrc_ws/install/human_hand_msgs/local/lib/python3.10/dist-packages:${PYTHONPATH} ROS_PACKAGE_PATH=/home/duy/Documents/GitHub/Experiment/hrc_ws/install/human_hand_msgs/share /usr/bin/python3 -W ignore:setup.py install is deprecated -W ignore:easy_install command is deprecated setup.py egg_info --egg-base ../../build/experiment_logger build --build-base /home/duy/Documents/GitHub/Experiment/hrc_ws/build/experiment_logger/build install --record /home/duy/Documents/GitHub/Experiment/hrc_ws/build/experiment_logger/install.log --single-version-externally-managed install_data
[6.408s] running egg_info
[6.411s] creating ../../build/experiment_logger/experiment_logger.egg-info
[6.415s] writing ../../build/experiment_logger/experiment_logger.egg-info/PKG-INFO
[6.416s] writing dependency_links to ../../build/experiment_logger/experiment_logger.egg-info/dependency_links.txt
[6.417s] writing entry points to ../../build/experiment_logger/experiment_logger.egg-info/entry_points.txt
[6.418s] writing requirements to ../../build/experiment_logger/experiment_logger.egg-info/requires.txt
[6.418s] writing top-level names to ../../build/experiment_logger/experiment_logger.egg-info/top_level.txt
[6.421s] writing manifest file '../../build/experiment_logger/experiment_logger.egg-info/SOURCES.txt'
[6.424s] reading manifest file '../../build/experiment_logger/experiment_logger.egg-info/SOURCES.txt'
[6.426s] writing manifest file '../../build/experiment_logger/experiment_logger.egg-info/SOURCES.txt'
[6.427s] running build
[6.427s] running build_py
[6.427s] creating /home/duy/Documents/GitHub/Experiment/hrc_ws/build/experiment_logger/build
[6.427s] creating /home/duy/Documents/GitHub/Experiment/hrc_ws/build/experiment_logger/build/lib
[6.428s] creating /home/duy/Documents/GitHub/Experiment/hrc_ws/build/experiment_logger/build/lib/experiment_logger
[6.428s] copying experiment_logger/__init__.py -> /home/duy/Documents/GitHub/Experiment/hrc_ws/build/experiment_logger/build/lib/experiment_logger
[6.428s] copying experiment_logger/logger_node.py -> /home/duy/Documents/GitHub/Experiment/hrc_ws/build/experiment_logger/build/lib/experiment_logger
[6.429s] running install
[6.429s] running install_lib
[6.433s] creating /home/duy/Documents/GitHub/Experiment/hrc_ws/install/experiment_logger/lib/python3.10/site-packages/experiment_logger
[6.433s] copying /home/duy/Documents/GitHub/Experiment/hrc_ws/build/experiment_logger/build/lib/experiment_logger/__init__.py -> /home/duy/Documents/GitHub/Experiment/hrc_ws/install/experiment_logger/lib/python3.10/site-packages/experiment_logger
[6.433s] copying /home/duy/Documents/GitHub/Experiment/hrc_ws/build/experiment_logger/build/lib/experiment_logger/logger_node.py -> /home/duy/Documents/GitHub/Experiment/hrc_ws/install/experiment_logger/lib/python3.10/site-packages/experiment_logger
[6.434s] byte-compiling /home/duy/Documents/GitHub/Experiment/hrc_ws/install/experiment_logger/lib/python3.10/site-packages/experiment_logger/__init__.py to __init__.cpython-310.pyc
[6.434s] byte-compiling /home/duy/Documents/GitHub/Experiment/hrc_ws/install/experiment_logger/lib/python3.10/site-packages/experiment_logger/logger_node.py to logger_node.cpython-310.pyc
[6.444s] running install_data
[6.444s] creating /home/duy/Documents/GitHub/Experiment/hrc_ws/install/experiment_logger/share/ament_index
[6.445s] creating /home/duy/Documents/GitHub/Experiment/hrc_ws/install/experiment_logger/share/ament_index/resource_index
[6.445s] creating /home/duy/Documents/GitHub/Experiment/hrc_ws/install/experiment_logger/share/ament_index/resource_index/packages
[6.446s] copying resource/experiment_logger -> /home/duy/Documents/GitHub/Experiment/hrc_ws/install/experiment_logger/share/ament_index/resource_index/packages
[6.446s] copying package.xml -> /home/duy/Documents/GitHub/Experiment/hrc_ws/install/experiment_logger/share/experiment_logger
[6.447s] running install_egg_info
[6.452s] Copying ../../build/experiment_logger/experiment_logger.egg-info to /home/duy/Documents/GitHub/Experiment/hrc_ws/install/experiment_logger/lib/python3.10/site-packages/experiment_logger-0.1.0-py3.10.egg-info
[6.456s] running install_scripts
[6.540s] Installing logger_node script to /home/duy/Documents/GitHub/Experiment/hrc_ws/install/experiment_logger/lib/experiment_logger
[6.541s] writing list of installed files to '/home/duy/Documents/GitHub/Experiment/hrc_ws/build/experiment_logger/install.log'
[6.652s] Invoked command in '/home/duy/Documents/GitHub/Experiment/hrc_ws/src/experiment_logger' returned '0': CMAKE_PREFIX_PATH=/home/duy/Documents/GitHub/Experiment/hrc_ws/install/human_hand_msgs LD_LIBRARY_PATH=/home/duy/Documents/GitHub/Experiment/hrc_ws/install/human_hand_msgs/lib:${LD_LIBRARY_PATH} PKG_CONFIG_PATH=/home/duy/Documents/GitHub/Experiment/hrc_ws/install/human_hand_msgs/lib/x86_64-linux-gnu/pkgconfig:/home/duy/Documents/GitHub/Experiment/hrc_ws/install/human_hand_msgs/lib/pkgconfig PYTHONPATH=/home/duy/Documents/GitHub/Experiment/hrc_ws/build/experiment_logger/prefix_override:/usr/lib/python3/dist-packages/colcon_core/task/python/colcon_distutils_commands:/home/duy/Documents/GitHub/Experiment/hrc_ws/install/experiment_logger/lib/python3.10/site-packages:/home/duy/Documents/GitHub/Experiment/hrc_ws/install/human_hand_msgs/local/lib/python3.10/dist-packages:${PYTHONPATH} ROS_PACKAGE_PATH=/home/duy/Documents/GitHub/Experiment/hrc_ws/install/human_hand_msgs/share /usr/bin/python3 -W ignore:setup.py install is deprecated -W ignore:easy_install command is deprecated setup.py egg_info --egg-base ../../build/experiment_logger build --build-base /home/duy/Documents/GitHub/Experiment/hrc_ws/build/experiment_logger/build install --record /home/duy/Documents/GitHub/Experiment/hrc_ws/build/experiment_logger/install.log --single-version-externally-managed install_data
