[3.770s] Invoking command in '/home/duy/Documents/GitHub/Experiment/hrc_ws/src/predictor_ui': CMAKE_PREFIX_PATH=/home/duy/Documents/GitHub/Experiment/hrc_ws/install/human_hand_msgs LD_LIBRARY_PATH=/home/duy/Documents/GitHub/Experiment/hrc_ws/install/human_hand_msgs/lib:${LD_LIBRARY_PATH} PKG_CONFIG_PATH=/home/duy/Documents/GitHub/Experiment/hrc_ws/install/human_hand_msgs/lib/x86_64-linux-gnu/pkgconfig:/home/duy/Documents/GitHub/Experiment/hrc_ws/install/human_hand_msgs/lib/pkgconfig PYTHONPATH=/home/duy/Documents/GitHub/Experiment/hrc_ws/build/predictor_ui/prefix_override:/usr/lib/python3/dist-packages/colcon_core/task/python/colcon_distutils_commands:/home/duy/Documents/GitHub/Experiment/hrc_ws/install/predictor_ui/lib/python3.10/site-packages:/home/duy/Documents/GitHub/Experiment/hrc_ws/install/human_hand_msgs/local/lib/python3.10/dist-packages:${PYTHONPATH} ROS_PACKAGE_PATH=/home/duy/Documents/GitHub/Experiment/hrc_ws/install/human_hand_msgs/share /usr/bin/python3 -W ignore:setup.py install is deprecated -W ignore:easy_install command is deprecated setup.py egg_info --egg-base ../../build/predictor_ui build --build-base /home/duy/Documents/GitHub/Experiment/hrc_ws/build/predictor_ui/build install --record /home/duy/Documents/GitHub/Experiment/hrc_ws/build/predictor_ui/install.log --single-version-externally-managed install_data
[4.792s] running egg_info
[4.795s] writing ../../build/predictor_ui/predictor_ui.egg-info/PKG-INFO
[4.796s] writing dependency_links to ../../build/predictor_ui/predictor_ui.egg-info/dependency_links.txt
[4.796s] writing entry points to ../../build/predictor_ui/predictor_ui.egg-info/entry_points.txt
[4.797s] writing requirements to ../../build/predictor_ui/predictor_ui.egg-info/requires.txt
[4.798s] writing top-level names to ../../build/predictor_ui/predictor_ui.egg-info/top_level.txt
[4.804s] reading manifest file '../../build/predictor_ui/predictor_ui.egg-info/SOURCES.txt'
[4.809s] writing manifest file '../../build/predictor_ui/predictor_ui.egg-info/SOURCES.txt'
[4.809s] running build
[4.810s] running build_py
[4.811s] copying predictor_ui/ui_node.py -> /home/duy/Documents/GitHub/Experiment/hrc_ws/build/predictor_ui/build/lib/predictor_ui
[4.811s] running install
[4.812s] running install_lib
[4.814s] copying /home/duy/Documents/GitHub/Experiment/hrc_ws/build/predictor_ui/build/lib/predictor_ui/ui_node.py -> /home/duy/Documents/GitHub/Experiment/hrc_ws/install/predictor_ui/lib/python3.10/site-packages/predictor_ui
[4.816s] byte-compiling /home/duy/Documents/GitHub/Experiment/hrc_ws/install/predictor_ui/lib/python3.10/site-packages/predictor_ui/ui_node.py to ui_node.cpython-310.pyc
[4.826s] running install_data
[4.827s] running install_egg_info
[4.833s] removing '/home/duy/Documents/GitHub/Experiment/hrc_ws/install/predictor_ui/lib/python3.10/site-packages/predictor_ui-0.1.0-py3.10.egg-info' (and everything under it)
[4.834s] Copying ../../build/predictor_ui/predictor_ui.egg-info to /home/duy/Documents/GitHub/Experiment/hrc_ws/install/predictor_ui/lib/python3.10/site-packages/predictor_ui-0.1.0-py3.10.egg-info
[4.837s] running install_scripts
[4.922s] Installing ui_node script to /home/duy/Documents/GitHub/Experiment/hrc_ws/install/predictor_ui/lib/predictor_ui
[4.923s] writing list of installed files to '/home/duy/Documents/GitHub/Experiment/hrc_ws/build/predictor_ui/install.log'
[5.002s] Invoked command in '/home/duy/Documents/GitHub/Experiment/hrc_ws/src/predictor_ui' returned '0': CMAKE_PREFIX_PATH=/home/duy/Documents/GitHub/Experiment/hrc_ws/install/human_hand_msgs LD_LIBRARY_PATH=/home/duy/Documents/GitHub/Experiment/hrc_ws/install/human_hand_msgs/lib:${LD_LIBRARY_PATH} PKG_CONFIG_PATH=/home/duy/Documents/GitHub/Experiment/hrc_ws/install/human_hand_msgs/lib/x86_64-linux-gnu/pkgconfig:/home/duy/Documents/GitHub/Experiment/hrc_ws/install/human_hand_msgs/lib/pkgconfig PYTHONPATH=/home/duy/Documents/GitHub/Experiment/hrc_ws/build/predictor_ui/prefix_override:/usr/lib/python3/dist-packages/colcon_core/task/python/colcon_distutils_commands:/home/duy/Documents/GitHub/Experiment/hrc_ws/install/predictor_ui/lib/python3.10/site-packages:/home/duy/Documents/GitHub/Experiment/hrc_ws/install/human_hand_msgs/local/lib/python3.10/dist-packages:${PYTHONPATH} ROS_PACKAGE_PATH=/home/duy/Documents/GitHub/Experiment/hrc_ws/install/human_hand_msgs/share /usr/bin/python3 -W ignore:setup.py install is deprecated -W ignore:easy_install command is deprecated setup.py egg_info --egg-base ../../build/predictor_ui build --build-base /home/duy/Documents/GitHub/Experiment/hrc_ws/build/predictor_ui/build install --record /home/duy/Documents/GitHub/Experiment/hrc_ws/build/predictor_ui/install.log --single-version-externally-managed install_data
