running egg_info
creating ../../build/kinect_bridge/kinect_bridge.egg-info
writing ../../build/kinect_bridge/kinect_bridge.egg-info/PKG-INFO
writing dependency_links to ../../build/kinect_bridge/kinect_bridge.egg-info/dependency_links.txt
writing entry points to ../../build/kinect_bridge/kinect_bridge.egg-info/entry_points.txt
writing requirements to ../../build/kinect_bridge/kinect_bridge.egg-info/requires.txt
writing top-level names to ../../build/kinect_bridge/kinect_bridge.egg-info/top_level.txt
writing manifest file '../../build/kinect_bridge/kinect_bridge.egg-info/SOURCES.txt'
reading manifest file '../../build/kinect_bridge/kinect_bridge.egg-info/SOURCES.txt'
writing manifest file '../../build/kinect_bridge/kinect_bridge.egg-info/SOURCES.txt'
running build
running build_py
creating /home/duy/Documents/GitHub/Experiment/hrc_ws/build/kinect_bridge/build
creating /home/duy/Documents/GitHub/Experiment/hrc_ws/build/kinect_bridge/build/lib
creating /home/duy/Documents/GitHub/Experiment/hrc_ws/build/kinect_bridge/build/lib/kinect_bridge
copying kinect_bridge/mock_kinect_sender.py -> /home/duy/Documents/GitHub/Experiment/hrc_ws/build/kinect_bridge/build/lib/kinect_bridge
copying kinect_bridge/__init__.py -> /home/duy/Documents/GitHub/Experiment/hrc_ws/build/kinect_bridge/build/lib/kinect_bridge
copying kinect_bridge/bridge_node.py -> /home/duy/Documents/GitHub/Experiment/hrc_ws/build/kinect_bridge/build/lib/kinect_bridge
running install
running install_lib
creating /home/duy/Documents/GitHub/Experiment/hrc_ws/install/kinect_bridge/lib/python3.10/site-packages/kinect_bridge
copying /home/duy/Documents/GitHub/Experiment/hrc_ws/build/kinect_bridge/build/lib/kinect_bridge/mock_kinect_sender.py -> /home/duy/Documents/GitHub/Experiment/hrc_ws/install/kinect_bridge/lib/python3.10/site-packages/kinect_bridge
copying /home/duy/Documents/GitHub/Experiment/hrc_ws/build/kinect_bridge/build/lib/kinect_bridge/__init__.py -> /home/duy/Documents/GitHub/Experiment/hrc_ws/install/kinect_bridge/lib/python3.10/site-packages/kinect_bridge
copying /home/duy/Documents/GitHub/Experiment/hrc_ws/build/kinect_bridge/build/lib/kinect_bridge/bridge_node.py -> /home/duy/Documents/GitHub/Experiment/hrc_ws/install/kinect_bridge/lib/python3.10/site-packages/kinect_bridge
byte-compiling /home/duy/Documents/GitHub/Experiment/hrc_ws/install/kinect_bridge/lib/python3.10/site-packages/kinect_bridge/mock_kinect_sender.py to mock_kinect_sender.cpython-310.pyc
byte-compiling /home/duy/Documents/GitHub/Experiment/hrc_ws/install/kinect_bridge/lib/python3.10/site-packages/kinect_bridge/__init__.py to __init__.cpython-310.pyc
byte-compiling /home/duy/Documents/GitHub/Experiment/hrc_ws/install/kinect_bridge/lib/python3.10/site-packages/kinect_bridge/bridge_node.py to bridge_node.cpython-310.pyc
running install_data
creating /home/duy/Documents/GitHub/Experiment/hrc_ws/install/kinect_bridge/share/ament_index
creating /home/duy/Documents/GitHub/Experiment/hrc_ws/install/kinect_bridge/share/ament_index/resource_index
creating /home/duy/Documents/GitHub/Experiment/hrc_ws/install/kinect_bridge/share/ament_index/resource_index/packages
copying resource/kinect_bridge -> /home/duy/Documents/GitHub/Experiment/hrc_ws/install/kinect_bridge/share/ament_index/resource_index/packages
copying package.xml -> /home/duy/Documents/GitHub/Experiment/hrc_ws/install/kinect_bridge/share/kinect_bridge
creating /home/duy/Documents/GitHub/Experiment/hrc_ws/install/kinect_bridge/share/kinect_bridge/config
copying config/bridge_params.yaml -> /home/duy/Documents/GitHub/Experiment/hrc_ws/install/kinect_bridge/share/kinect_bridge/config
running install_egg_info
Copying ../../build/kinect_bridge/kinect_bridge.egg-info to /home/duy/Documents/GitHub/Experiment/hrc_ws/install/kinect_bridge/lib/python3.10/site-packages/kinect_bridge-0.1.0-py3.10.egg-info
running install_scripts
Installing bridge_node script to /home/duy/Documents/GitHub/Experiment/hrc_ws/install/kinect_bridge/lib/kinect_bridge
writing list of installed files to '/home/duy/Documents/GitHub/Experiment/hrc_ws/build/kinect_bridge/install.log'
