[5.431s] Invoking command in '/home/duy/Documents/GitHub/Experiment/hrc_ws/src/kinect_bridge': CMAKE_PREFIX_PATH=/home/duy/Documents/GitHub/Experiment/hrc_ws/install/human_hand_msgs LD_LIBRARY_PATH=/home/duy/Documents/GitHub/Experiment/hrc_ws/install/human_hand_msgs/lib:${LD_LIBRARY_PATH} PKG_CONFIG_PATH=/home/duy/Documents/GitHub/Experiment/hrc_ws/install/human_hand_msgs/lib/x86_64-linux-gnu/pkgconfig:/home/duy/Documents/GitHub/Experiment/hrc_ws/install/human_hand_msgs/lib/pkgconfig PYTHONPATH=/home/duy/Documents/GitHub/Experiment/hrc_ws/build/kinect_bridge/prefix_override:/usr/lib/python3/dist-packages/colcon_core/task/python/colcon_distutils_commands:/home/duy/Documents/GitHub/Experiment/hrc_ws/install/kinect_bridge/lib/python3.10/site-packages:/home/duy/Documents/GitHub/Experiment/hrc_ws/install/human_hand_msgs/local/lib/python3.10/dist-packages:${PYTHONPATH} ROS_PACKAGE_PATH=/home/duy/Documents/GitHub/Experiment/hrc_ws/install/human_hand_msgs/share /usr/bin/python3 -W ignore:setup.py install is deprecated -W ignore:easy_install command is deprecated setup.py egg_info --egg-base ../../build/kinect_bridge build --build-base /home/duy/Documents/GitHub/Experiment/hrc_ws/build/kinect_bridge/build install --record /home/duy/Documents/GitHub/Experiment/hrc_ws/build/kinect_bridge/install.log --single-version-externally-managed install_data
[6.382s] running egg_info
[6.386s] creating ../../build/kinect_bridge/kinect_bridge.egg-info
[6.387s] writing ../../build/kinect_bridge/kinect_bridge.egg-info/PKG-INFO
[6.388s] writing dependency_links to ../../build/kinect_bridge/kinect_bridge.egg-info/dependency_links.txt
[6.388s] writing entry points to ../../build/kinect_bridge/kinect_bridge.egg-info/entry_points.txt
[6.389s] writing requirements to ../../build/kinect_bridge/kinect_bridge.egg-info/requires.txt
[6.389s] writing top-level names to ../../build/kinect_bridge/kinect_bridge.egg-info/top_level.txt
[6.390s] writing manifest file '../../build/kinect_bridge/kinect_bridge.egg-info/SOURCES.txt'
[6.399s] reading manifest file '../../build/kinect_bridge/kinect_bridge.egg-info/SOURCES.txt'
[6.403s] writing manifest file '../../build/kinect_bridge/kinect_bridge.egg-info/SOURCES.txt'
[6.404s] running build
[6.404s] running build_py
[6.404s] creating /home/duy/Documents/GitHub/Experiment/hrc_ws/build/kinect_bridge/build
[6.405s] creating /home/duy/Documents/GitHub/Experiment/hrc_ws/build/kinect_bridge/build/lib
[6.405s] creating /home/duy/Documents/GitHub/Experiment/hrc_ws/build/kinect_bridge/build/lib/kinect_bridge
[6.405s] copying kinect_bridge/mock_kinect_sender.py -> /home/duy/Documents/GitHub/Experiment/hrc_ws/build/kinect_bridge/build/lib/kinect_bridge
[6.405s] copying kinect_bridge/__init__.py -> /home/duy/Documents/GitHub/Experiment/hrc_ws/build/kinect_bridge/build/lib/kinect_bridge
[6.406s] copying kinect_bridge/bridge_node.py -> /home/duy/Documents/GitHub/Experiment/hrc_ws/build/kinect_bridge/build/lib/kinect_bridge
[6.406s] running install
[6.408s] running install_lib
[6.409s] creating /home/duy/Documents/GitHub/Experiment/hrc_ws/install/kinect_bridge/lib/python3.10/site-packages/kinect_bridge
[6.410s] copying /home/duy/Documents/GitHub/Experiment/hrc_ws/build/kinect_bridge/build/lib/kinect_bridge/mock_kinect_sender.py -> /home/duy/Documents/GitHub/Experiment/hrc_ws/install/kinect_bridge/lib/python3.10/site-packages/kinect_bridge
[6.410s] copying /home/duy/Documents/GitHub/Experiment/hrc_ws/build/kinect_bridge/build/lib/kinect_bridge/__init__.py -> /home/duy/Documents/GitHub/Experiment/hrc_ws/install/kinect_bridge/lib/python3.10/site-packages/kinect_bridge
[6.410s] copying /home/duy/Documents/GitHub/Experiment/hrc_ws/build/kinect_bridge/build/lib/kinect_bridge/bridge_node.py -> /home/duy/Documents/GitHub/Experiment/hrc_ws/install/kinect_bridge/lib/python3.10/site-packages/kinect_bridge
[6.413s] byte-compiling /home/duy/Documents/GitHub/Experiment/hrc_ws/install/kinect_bridge/lib/python3.10/site-packages/kinect_bridge/mock_kinect_sender.py to mock_kinect_sender.cpython-310.pyc
[6.415s] byte-compiling /home/duy/Documents/GitHub/Experiment/hrc_ws/install/kinect_bridge/lib/python3.10/site-packages/kinect_bridge/__init__.py to __init__.cpython-310.pyc
[6.416s] byte-compiling /home/duy/Documents/GitHub/Experiment/hrc_ws/install/kinect_bridge/lib/python3.10/site-packages/kinect_bridge/bridge_node.py to bridge_node.cpython-310.pyc
[6.420s] running install_data
[6.421s] creating /home/duy/Documents/GitHub/Experiment/hrc_ws/install/kinect_bridge/share/ament_index
[6.421s] creating /home/duy/Documents/GitHub/Experiment/hrc_ws/install/kinect_bridge/share/ament_index/resource_index
[6.421s] creating /home/duy/Documents/GitHub/Experiment/hrc_ws/install/kinect_bridge/share/ament_index/resource_index/packages
[6.422s] copying resource/kinect_bridge -> /home/duy/Documents/GitHub/Experiment/hrc_ws/install/kinect_bridge/share/ament_index/resource_index/packages
[6.422s] copying package.xml -> /home/duy/Documents/GitHub/Experiment/hrc_ws/install/kinect_bridge/share/kinect_bridge
[6.423s] creating /home/duy/Documents/GitHub/Experiment/hrc_ws/install/kinect_bridge/share/kinect_bridge/config
[6.423s] copying config/bridge_params.yaml -> /home/duy/Documents/GitHub/Experiment/hrc_ws/install/kinect_bridge/share/kinect_bridge/config
[6.423s] running install_egg_info
[6.429s] Copying ../../build/kinect_bridge/kinect_bridge.egg-info to /home/duy/Documents/GitHub/Experiment/hrc_ws/install/kinect_bridge/lib/python3.10/site-packages/kinect_bridge-0.1.0-py3.10.egg-info
[6.432s] running install_scripts
[6.523s] Installing bridge_node script to /home/duy/Documents/GitHub/Experiment/hrc_ws/install/kinect_bridge/lib/kinect_bridge
[6.524s] writing list of installed files to '/home/duy/Documents/GitHub/Experiment/hrc_ws/build/kinect_bridge/install.log'
[6.666s] Invoked command in '/home/duy/Documents/GitHub/Experiment/hrc_ws/src/kinect_bridge' returned '0': CMAKE_PREFIX_PATH=/home/duy/Documents/GitHub/Experiment/hrc_ws/install/human_hand_msgs LD_LIBRARY_PATH=/home/duy/Documents/GitHub/Experiment/hrc_ws/install/human_hand_msgs/lib:${LD_LIBRARY_PATH} PKG_CONFIG_PATH=/home/duy/Documents/GitHub/Experiment/hrc_ws/install/human_hand_msgs/lib/x86_64-linux-gnu/pkgconfig:/home/duy/Documents/GitHub/Experiment/hrc_ws/install/human_hand_msgs/lib/pkgconfig PYTHONPATH=/home/duy/Documents/GitHub/Experiment/hrc_ws/build/kinect_bridge/prefix_override:/usr/lib/python3/dist-packages/colcon_core/task/python/colcon_distutils_commands:/home/duy/Documents/GitHub/Experiment/hrc_ws/install/kinect_bridge/lib/python3.10/site-packages:/home/duy/Documents/GitHub/Experiment/hrc_ws/install/human_hand_msgs/local/lib/python3.10/dist-packages:${PYTHONPATH} ROS_PACKAGE_PATH=/home/duy/Documents/GitHub/Experiment/hrc_ws/install/human_hand_msgs/share /usr/bin/python3 -W ignore:setup.py install is deprecated -W ignore:easy_install command is deprecated setup.py egg_info --egg-base ../../build/kinect_bridge build --build-base /home/duy/Documents/GitHub/Experiment/hrc_ws/build/kinect_bridge/build install --record /home/duy/Documents/GitHub/Experiment/hrc_ws/build/kinect_bridge/install.log --single-version-externally-managed install_data
