[2.384s] Invoking command in '/home/duy/Documents/GitHub/Experiment/hrc_ws/build/kinect_bridge': CMAKE_PREFIX_PATH=/home/duy/Documents/GitHub/Experiment/hrc_ws/install/human_hand_msgs:/home/duy/Documents/GitHub/Experiment/hrc_ws/install/hrc_bringup PYTHONPATH=/home/duy/Documents/GitHub/Experiment/hrc_ws/build/kinect_bridge/prefix_override:/usr/lib/python3/dist-packages/colcon_core/task/python/colcon_distutils_commands:/home/duy/Documents/GitHub/Experiment/hrc_ws/install/kinect_bridge/lib/python3.10/site-packages:/home/duy/Documents/GitHub/Experiment/hrc_ws/install/human_hand_msgs/local/lib/python3.10/dist-packages:/home/duy/Documents/GitHub/Experiment/hrc_ws/install/trajectory_predictor/lib/python3.10/site-packages:/home/duy/Documents/GitHub/Experiment/hrc_ws/install/predictor_ui/lib/python3.10/site-packages:/home/duy/Documents/GitHub/Experiment/hrc_ws/install/kinect_bridge/lib/python3.10/site-packages:/home/duy/Documents/GitHub/Experiment/hrc_ws/install/experiment_logger/lib/python3.10/site-packages:/opt/ros/humble/lib/python3.10/site-packages:/opt/ros/humble/local/lib/python3.10/dist-packages /usr/bin/python3 -W ignore:setup.py install is deprecated -W ignore:easy_install command is deprecated setup.py develop --editable --build-directory /home/duy/Documents/GitHub/Experiment/hrc_ws/build/kinect_bridge/build --no-deps symlink_data --force
[3.843s] running develop
[4.917s] running egg_info
[4.918s] writing kinect_bridge.egg-info/PKG-INFO
[4.919s] writing dependency_links to kinect_bridge.egg-info/dependency_links.txt
[4.922s] writing entry points to kinect_bridge.egg-info/entry_points.txt
[4.923s] writing requirements to kinect_bridge.egg-info/requires.txt
[4.923s] writing top-level names to kinect_bridge.egg-info/top_level.txt
[4.934s] reading manifest file 'kinect_bridge.egg-info/SOURCES.txt'
[4.936s] writing manifest file 'kinect_bridge.egg-info/SOURCES.txt'
[4.944s] running build_ext
[4.945s] Creating /home/duy/Documents/GitHub/Experiment/hrc_ws/install/kinect_bridge/lib/python3.10/site-packages/kinect-bridge.egg-link (link to .)
[4.950s] Installing bridge_node script to /home/duy/Documents/GitHub/Experiment/hrc_ws/install/kinect_bridge/lib/kinect_bridge
[4.951s] 
[4.952s] Installed /home/duy/Documents/GitHub/Experiment/hrc_ws/build/kinect_bridge
[4.953s] running symlink_data
[4.954s] symbolically linking /home/duy/Documents/GitHub/Experiment/hrc_ws/build/kinect_bridge/resource/kinect_bridge -> /home/duy/Documents/GitHub/Experiment/hrc_ws/install/kinect_bridge/share/ament_index/resource_index/packages
[4.954s] symbolically linking /home/duy/Documents/GitHub/Experiment/hrc_ws/build/kinect_bridge/package.xml -> /home/duy/Documents/GitHub/Experiment/hrc_ws/install/kinect_bridge/share/kinect_bridge
[4.955s] symbolically linking /home/duy/Documents/GitHub/Experiment/hrc_ws/build/kinect_bridge/config/bridge_params.yaml -> /home/duy/Documents/GitHub/Experiment/hrc_ws/install/kinect_bridge/share/kinect_bridge/config
[5.074s] Invoked command in '/home/duy/Documents/GitHub/Experiment/hrc_ws/build/kinect_bridge' returned '0': CMAKE_PREFIX_PATH=/home/duy/Documents/GitHub/Experiment/hrc_ws/install/human_hand_msgs:/home/duy/Documents/GitHub/Experiment/hrc_ws/install/hrc_bringup PYTHONPATH=/home/duy/Documents/GitHub/Experiment/hrc_ws/build/kinect_bridge/prefix_override:/usr/lib/python3/dist-packages/colcon_core/task/python/colcon_distutils_commands:/home/duy/Documents/GitHub/Experiment/hrc_ws/install/kinect_bridge/lib/python3.10/site-packages:/home/duy/Documents/GitHub/Experiment/hrc_ws/install/human_hand_msgs/local/lib/python3.10/dist-packages:/home/duy/Documents/GitHub/Experiment/hrc_ws/install/trajectory_predictor/lib/python3.10/site-packages:/home/duy/Documents/GitHub/Experiment/hrc_ws/install/predictor_ui/lib/python3.10/site-packages:/home/duy/Documents/GitHub/Experiment/hrc_ws/install/kinect_bridge/lib/python3.10/site-packages:/home/duy/Documents/GitHub/Experiment/hrc_ws/install/experiment_logger/lib/python3.10/site-packages:/opt/ros/humble/lib/python3.10/site-packages:/opt/ros/humble/local/lib/python3.10/dist-packages /usr/bin/python3 -W ignore:setup.py install is deprecated -W ignore:easy_install command is deprecated setup.py develop --editable --build-directory /home/duy/Documents/GitHub/Experiment/hrc_ws/build/kinect_bridge/build --no-deps symlink_data --force
